Archive member included to satisfy reference by file (symbol)

C:/ST/STM32CubeCLT_1.17.0/GNU-tools-for-STM32/bin/../lib/gcc/arm-none-eabi/12.3.1/../../../../arm-none-eabi/lib/thumb/v7e-m+fp/hard\libc_nano.a(libc_a-exit.o)
                              C:/ST/STM32CubeCLT_1.17.0/GNU-tools-for-STM32/bin/../lib/gcc/arm-none-eabi/12.3.1/../../../../arm-none-eabi/lib/thumb/v7e-m+fp/hard/crt0.o (exit)
C:/ST/STM32CubeCLT_1.17.0/GNU-tools-for-STM32/bin/../lib/gcc/arm-none-eabi/12.3.1/../../../../arm-none-eabi/lib/thumb/v7e-m+fp/hard\libc_nano.a(libc_a-findfp.o)
                              C:/ST/STM32CubeCLT_1.17.0/GNU-tools-for-STM32/bin/../lib/gcc/arm-none-eabi/12.3.1/../../../../arm-none-eabi/lib/thumb/v7e-m+fp/hard\libc_nano.a(libc_a-exit.o) (__stdio_exit_handler)
C:/ST/STM32CubeCLT_1.17.0/GNU-tools-for-STM32/bin/../lib/gcc/arm-none-eabi/12.3.1/../../../../arm-none-eabi/lib/thumb/v7e-m+fp/hard\libc_nano.a(libc_a-fwalk.o)
                              C:/ST/STM32CubeCLT_1.17.0/GNU-tools-for-STM32/bin/../lib/gcc/arm-none-eabi/12.3.1/../../../../arm-none-eabi/lib/thumb/v7e-m+fp/hard\libc_nano.a(libc_a-findfp.o) (_fwalk_sglue)
C:/ST/STM32CubeCLT_1.17.0/GNU-tools-for-STM32/bin/../lib/gcc/arm-none-eabi/12.3.1/../../../../arm-none-eabi/lib/thumb/v7e-m+fp/hard\libc_nano.a(libc_a-stdio.o)
                              C:/ST/STM32CubeCLT_1.17.0/GNU-tools-for-STM32/bin/../lib/gcc/arm-none-eabi/12.3.1/../../../../arm-none-eabi/lib/thumb/v7e-m+fp/hard\libc_nano.a(libc_a-findfp.o) (__sread)
C:/ST/STM32CubeCLT_1.17.0/GNU-tools-for-STM32/bin/../lib/gcc/arm-none-eabi/12.3.1/../../../../arm-none-eabi/lib/thumb/v7e-m+fp/hard\libc_nano.a(libc_a-memset.o)
                              C:/ST/STM32CubeCLT_1.17.0/GNU-tools-for-STM32/bin/../lib/gcc/arm-none-eabi/12.3.1/../../../../arm-none-eabi/lib/thumb/v7e-m+fp/hard/crt0.o (memset)
C:/ST/STM32CubeCLT_1.17.0/GNU-tools-for-STM32/bin/../lib/gcc/arm-none-eabi/12.3.1/../../../../arm-none-eabi/lib/thumb/v7e-m+fp/hard\libc_nano.a(libc_a-closer.o)
                              C:/ST/STM32CubeCLT_1.17.0/GNU-tools-for-STM32/bin/../lib/gcc/arm-none-eabi/12.3.1/../../../../arm-none-eabi/lib/thumb/v7e-m+fp/hard\libc_nano.a(libc_a-stdio.o) (_close_r)
C:/ST/STM32CubeCLT_1.17.0/GNU-tools-for-STM32/bin/../lib/gcc/arm-none-eabi/12.3.1/../../../../arm-none-eabi/lib/thumb/v7e-m+fp/hard\libc_nano.a(libc_a-reent.o)
                              C:/ST/STM32CubeCLT_1.17.0/GNU-tools-for-STM32/bin/../lib/gcc/arm-none-eabi/12.3.1/../../../../arm-none-eabi/lib/thumb/v7e-m+fp/hard\libc_nano.a(libc_a-closer.o) (errno)
C:/ST/STM32CubeCLT_1.17.0/GNU-tools-for-STM32/bin/../lib/gcc/arm-none-eabi/12.3.1/../../../../arm-none-eabi/lib/thumb/v7e-m+fp/hard\libc_nano.a(libc_a-impure.o)
                              C:/ST/STM32CubeCLT_1.17.0/GNU-tools-for-STM32/bin/../lib/gcc/arm-none-eabi/12.3.1/../../../../arm-none-eabi/lib/thumb/v7e-m+fp/hard\libc_nano.a(libc_a-reent.o) (_impure_ptr)
C:/ST/STM32CubeCLT_1.17.0/GNU-tools-for-STM32/bin/../lib/gcc/arm-none-eabi/12.3.1/../../../../arm-none-eabi/lib/thumb/v7e-m+fp/hard\libc_nano.a(libc_a-lseekr.o)
                              C:/ST/STM32CubeCLT_1.17.0/GNU-tools-for-STM32/bin/../lib/gcc/arm-none-eabi/12.3.1/../../../../arm-none-eabi/lib/thumb/v7e-m+fp/hard\libc_nano.a(libc_a-stdio.o) (_lseek_r)
C:/ST/STM32CubeCLT_1.17.0/GNU-tools-for-STM32/bin/../lib/gcc/arm-none-eabi/12.3.1/../../../../arm-none-eabi/lib/thumb/v7e-m+fp/hard\libc_nano.a(libc_a-readr.o)
                              C:/ST/STM32CubeCLT_1.17.0/GNU-tools-for-STM32/bin/../lib/gcc/arm-none-eabi/12.3.1/../../../../arm-none-eabi/lib/thumb/v7e-m+fp/hard\libc_nano.a(libc_a-stdio.o) (_read_r)
C:/ST/STM32CubeCLT_1.17.0/GNU-tools-for-STM32/bin/../lib/gcc/arm-none-eabi/12.3.1/../../../../arm-none-eabi/lib/thumb/v7e-m+fp/hard\libc_nano.a(libc_a-writer.o)
                              C:/ST/STM32CubeCLT_1.17.0/GNU-tools-for-STM32/bin/../lib/gcc/arm-none-eabi/12.3.1/../../../../arm-none-eabi/lib/thumb/v7e-m+fp/hard\libc_nano.a(libc_a-stdio.o) (_write_r)
C:/ST/STM32CubeCLT_1.17.0/GNU-tools-for-STM32/bin/../lib/gcc/arm-none-eabi/12.3.1/../../../../arm-none-eabi/lib/thumb/v7e-m+fp/hard\libc_nano.a(libc_a-init.o)
                              C:/ST/STM32CubeCLT_1.17.0/GNU-tools-for-STM32/bin/../lib/gcc/arm-none-eabi/12.3.1/../../../../arm-none-eabi/lib/thumb/v7e-m+fp/hard/crt0.o (__libc_init_array)
C:/ST/STM32CubeCLT_1.17.0/GNU-tools-for-STM32/bin/../lib/gcc/arm-none-eabi/12.3.1/../../../../arm-none-eabi/lib/thumb/v7e-m+fp/hard\libc_nano.a(libc_a-lock.o)
                              C:/ST/STM32CubeCLT_1.17.0/GNU-tools-for-STM32/bin/../lib/gcc/arm-none-eabi/12.3.1/../../../../arm-none-eabi/lib/thumb/v7e-m+fp/hard\libc_nano.a(libc_a-findfp.o) (__retarget_lock_init_recursive)
C:/ST/STM32CubeCLT_1.17.0/GNU-tools-for-STM32/bin/../lib/gcc/arm-none-eabi/12.3.1/../../../../arm-none-eabi/lib/thumb/v7e-m+fp/hard\libc_nano.a(libc_a-freer.o)
[...]
Memory Configuration

Name             Origin             Length             Attributes
RAM              0x20000000         0x00008000         xrw
FLASH            0x08000000         0x00020000         xr
*default*        0x00000000         0xffffffff

Linker script and memory map

LOAD C:/ST/STM32CubeCLT_1.17.0/GNU-tools-for-STM32/bin/../lib/gcc/arm-none-eabi/12.3.1/thumb/v7e-m+fp/hard/crti.o
LOAD C:/ST/STM32CubeCLT_1.17.0/GNU-tools-for-STM32/bin/../lib/gcc/arm-none-eabi/12.3.1/thumb/v7e-m+fp/hard/crtbegin.o
LOAD C:/ST/STM32CubeCLT_1.17.0/GNU-tools-for-STM32/bin/../lib/gcc/arm-none-eabi/12.3.1/../../../../arm-none-eabi/lib/thumb/v7e-m+fp/hard/crt0.o
START GROUP
LOAD C:/ST/STM32CubeCLT_1.17.0/GNU-tools-for-STM32/bin/../lib/gcc/arm-none-eabi/12.3.1/../../../../arm-none-eabi/lib/thumb/v7e-m+fp/hard\libc_nano.a
LOAD C:/ST/STM32CubeCLT_1.17.0/GNU-tools-for-STM32/bin/../lib/gcc/arm-none-eabi/12.3.1/../../../../arm-none-eabi/lib/thumb/v7e-m+fp/hard\libm.a
END GROUP
LOAD CMakeFiles/SleepWell.dir/Core/Src/main.c.obj
LOAD CMakeFiles/SleepWell.dir/Core/Src/sensors/adxl345.c.obj
LOAD CMakeFiles/SleepWell.dir/Core/Src/memory/sd_card.c.obj
LOAD CMakeFiles/SleepWell.dir/FATFS/Target/user_diskio_spi.c.obj
LOAD CMakeFiles/SleepWell.dir/Core/Src/stm32g4xx_it.c.obj
LOAD CMakeFiles/SleepWell.dir/Core/Src/stm32g4xx_hal_msp.c.obj
LOAD CMakeFiles/SleepWell.dir/USB_Device/Target/usbd_conf.c.obj
LOAD CMakeFiles/SleepWell.dir/USB_Device/App/usb_device.c.obj
LOAD CMakeFiles/SleepWell.dir/USB_Device/App/usbd_desc.c.obj
LOAD CMakeFiles/SleepWell.dir/USB_Device/App/usbd_storage_if.c.obj
LOAD CMakeFiles/SleepWell.dir/FATFS/Target/user_diskio.c.obj
LOAD CMakeFiles/SleepWell.dir/FATFS/App/app_fatfs.c.obj
LOAD CMakeFiles/SleepWell.dir/Drivers/STM32G4xx_HAL_Driver/Src/stm32g4xx_hal_pcd.c.obj
LOAD CMakeFiles/SleepWell.dir/Drivers/STM32G4xx_HAL_Driver/Src/stm32g4xx_hal_pcd_ex.c.obj
LOAD CMakeFiles/SleepWell.dir/Drivers/STM32G4xx_HAL_Driver/Src/stm32g4xx_ll_usb.c.obj
LOAD CMakeFiles/SleepWell.dir/Drivers/STM32G4xx_HAL_Driver/Src/stm32g4xx_hal.c.obj
LOAD CMakeFiles/SleepWell.dir/Drivers/STM32G4xx_HAL_Driver/Src/stm32g4xx_hal_rcc.c.obj
LOAD CMakeFiles/SleepWell.dir/Drivers/STM32G4xx_HAL_Driver/Src/stm32g4xx_hal_rcc_ex.c.obj
LOAD CMakeFiles/SleepWell.dir/Drivers/STM32G4xx_HAL_Driver/Src/stm32g4xx_hal_flash.c.obj
LOAD CMakeFiles/SleepWell.dir/Drivers/STM32G4xx_HAL_Driver/Src/stm32g4xx_hal_flash_ex.c.obj
LOAD CMakeFiles/SleepWell.dir/Drivers/STM32G4xx_HAL_Driver/Src/stm32g4xx_hal_flash_ramfunc.c.obj
LOAD CMakeFiles/SleepWell.dir/Drivers/STM32G4xx_HAL_Driver/Src/stm32g4xx_hal_gpio.c.obj
LOAD CMakeFiles/SleepWell.dir/Drivers/STM32G4xx_HAL_Driver/Src/stm32g4xx_hal_exti.c.obj
LOAD CMakeFiles/SleepWell.dir/Drivers/STM32G4xx_HAL_Driver/Src/stm32g4xx_hal_dma.c.obj
LOAD CMakeFiles/SleepWell.dir/Drivers/STM32G4xx_HAL_Driver/Src/stm32g4xx_hal_dma_ex.c.obj
LOAD CMakeFiles/SleepWell.dir/Drivers/STM32G4xx_HAL_Driver/Src/stm32g4xx_hal_pwr.c.obj
LOAD CMakeFiles/SleepWell.dir/Drivers/STM32G4xx_HAL_Driver/Src/stm32g4xx_hal_pwr_ex.c.obj
LOAD CMakeFiles/SleepWell.dir/Drivers/STM32G4xx_HAL_Driver/Src/stm32g4xx_hal_cortex.c.obj
LOAD CMakeFiles/SleepWell.dir/Drivers/STM32G4xx_HAL_Driver/Src/stm32g4xx_hal_i2c.c.obj
LOAD CMakeFiles/SleepWell.dir/Drivers/STM32G4xx_HAL_Driver/Src/stm32g4xx_hal_i2c_ex.c.obj
LOAD CMakeFiles/SleepWell.dir/Drivers/STM32G4xx_HAL_Driver/Src/stm32g4xx_hal_spi.c.obj
LOAD CMakeFiles/SleepWell.dir/Drivers/STM32G4xx_HAL_Driver/Src/stm32g4xx_hal_spi_ex.c.obj
LOAD CMakeFiles/SleepWell.dir/Core/Src/system_stm32g4xx.c.obj
LOAD CMakeFiles/SleepWell.dir/Middlewares/Third_Party/FatFs/src/diskio.c.obj
LOAD CMakeFiles/SleepWell.dir/Middlewares/Third_Party/FatFs/src/ff.c.obj
LOAD CMakeFiles/SleepWell.dir/Middlewares/Third_Party/FatFs/src/ff_gen_drv.c.obj
LOAD CMakeFiles/SleepWell.dir/Middlewares/Third_Party/FatFs/src/option/syscall.c.obj
LOAD CMakeFiles/SleepWell.dir/Middlewares/ST/STM32_USB_Device_Library/Core/Src/usbd_core.c.obj
LOAD CMakeFiles/SleepWell.dir/Middlewares/ST/STM32_USB_Device_Library/Core/Src/usbd_ctlreq.c.obj
LOAD CMakeFiles/SleepWell.dir/Middlewares/ST/STM32_USB_Device_Library/Core/Src/usbd_ioreq.c.obj
LOAD CMakeFiles/SleepWell.dir/Middlewares/ST/STM32_USB_Device_Library/Class/MSC/Src/usbd_msc.c.obj
LOAD CMakeFiles/SleepWell.dir/Middlewares/ST/STM32_USB_Device_Library/Class/MSC/Src/usbd_msc_bot.c.obj
LOAD CMakeFiles/SleepWell.dir/Middlewares/ST/STM32_USB_Device_Library/Class/MSC/Src/usbd_msc_data.c.obj
LOAD CMakeFiles/SleepWell.dir/Middlewares/ST/STM32_USB_Device_Library/Class/MSC/Src/usbd_msc_scsi.c.obj
LOAD CMakeFiles/SleepWell.dir/Core/Src/sysmem.c.obj
LOAD CMakeFiles/SleepWell.dir/Core/Src/syscalls.c.obj
LOAD CMakeFiles/SleepWell.dir/startup_stm32g431xx.s.obj
START GROUP
LOAD C:/ST/STM32CubeCLT_1.17.0/GNU-tools-for-STM32/bin/../lib/gcc/arm-none-eabi/12.3.1/thumb/v7e-m+fp/hard\libgcc.a
LOAD C:/ST/STM32CubeCLT_1.17.0/GNU-tools-for-STM32/bin/../lib/gcc/arm-none-eabi/12.3.1/../../../../arm-none-eabi/lib/thumb/v7e-m+fp/hard\libg_nano.a
LOAD C:/ST/STM32CubeCLT_1.17.0/GNU-tools-for-STM32/bin/../lib/gcc/arm-none-eabi/12.3.1/../../../../arm-none-eabi/lib/thumb/v7e-m+fp/hard\libc_nano.a
END GROUP
START GROUP
LOAD C:/ST/STM32CubeCLT_1.17.0/GNU-tools-for-STM32/bin/../lib/gcc/arm-none-eabi/12.3.1/thumb/v7e-m+fp/hard\libgcc.a
LOAD C:/ST/STM32CubeCLT_1.17.0/GNU-tools-for-STM32/bin/../lib/gcc/arm-none-eabi/12.3.1/../../../../arm-none-eabi/lib/thumb/v7e-m+fp/hard\libc_nano.a
END GROUP
LOAD C:/ST/STM32CubeCLT_1.17.0/GNU-tools-for-STM32/bin/../lib/gcc/arm-none-eabi/12.3.1/thumb/v7e-m+fp/hard/crtend.o
LOAD C:/ST/STM32CubeCLT_1.17.0/GNU-tools-for-STM32/bin/../lib/gcc/arm-none-eabi/12.3.1/thumb/v7e-m+fp/hard/crtn.o
                0x20008000                        _estack = (ORIGIN (RAM) + LENGTH (RAM))
                0x00000200                        _Min_Heap_Size = 0x200
                0x00000400                        _Min_Stack_Size = 0x400

.isr_vector     0x08000000      0x1d8
                0x08000000                        . = ALIGN (0x4)
 *(.isr_vector)
 .isr_vector    0x08000000      0x1d8 CMakeFiles/SleepWell.dir/startup_stm32g431xx.s.obj
                0x08000000                g_pfnVectors
                0x080001d8                        . = ALIGN (0x4)

.text           0x080001d8     0xa9dc
                0x080001d8                        . = ALIGN (0x4)
 *(.text)
 .text          0x080001d8       0x40 C:/ST/STM32CubeCLT_1.17.0/GNU-tools-for-STM32/bin/../lib/gcc/arm-none-eabi/12.3.1/thumb/v7e-m+fp/hard/crtbegin.o
 *(.text*)
 .text.memset   0x08000218       0x10 C:/ST/STM32CubeCLT_1.17.0/GNU-tools-for-STM32/bin/../lib/gcc/arm-none-eabi/12.3.1/../../../../arm-none-eabi/lib/thumb/v7e-m+fp/hard\libc_nano.a(libc_a-memset.o)
                0x08000218                memset
 .text.__libc_init_array
                0x08000228       0x48 C:/ST/STM32CubeCLT_1.17.0/GNU-tools-for-STM32/bin/../lib/gcc/arm-none-eabi/12.3.1/../../../../arm-none-eabi/lib/thumb/v7e-m+fp/hard\libc_nano.a(libc_a-init.o)
                0x08000228                __libc_init_array
 .text.main     0x08000270       0x3c CMakeFiles/SleepWell.dir/Core/Src/main.c.obj
                0x08000270                main
 .text.SystemClock_Config
                0x080002ac       0x9c CMakeFiles/SleepWell.dir/Core/Src/main.c.obj
                0x080002ac                SystemClock_Config
 .text.MX_I2C1_Init
                0x08000348       0x80 CMakeFiles/SleepWell.dir/Core/Src/main.c.obj
 .text.MX_SPI1_Init
                0x080003c8       0x7c CMakeFiles/SleepWell.dir/Core/Src/main.c.obj
 .text.MX_GPIO_Init
                0x08000444      0x168 CMakeFiles/SleepWell.dir/Core/Src/main.c.obj
 .text.Error_Handler
                0x080005ac        0xc CMakeFiles/SleepWell.dir/Core/Src/main.c.obj
                0x080005ac                Error_Handler
 .text.ADXL_Read
                0x080005b8       0x38 CMakeFiles/SleepWell.dir/Core/Src/sensors/adxl345.c.obj
                0x080005b8                ADXL_Read
 .text.ADXL345_InterruptHandler
                0x080005f0       0x3a CMakeFiles/SleepWell.dir/Core/Src/sensors/adxl345.c.obj
                0x080005f0                ADXL345_InterruptHandler
 *fill*         0x0800062a        0x2 
 .text.SPI_Timer_On
                0x0800062c       0x28 CMakeFiles/SleepWell.dir/FATFS/Target/user_diskio_spi.c.obj
                0x0800062c                SPI_Timer_On
 .text.SPI_Timer_Status
                0x08000654       0x2c CMakeFiles/SleepWell.dir/FATFS/Target/user_diskio_spi.c.obj
                0x08000654                SPI_Timer_Status
 .text.xchg_spi
                0x08000680       0x2c CMakeFiles/SleepWell.dir/FATFS/Target/user_diskio_spi.c.obj
 .text.rcvr_spi_multi
                0x080006ac       0x38 CMakeFiles/SleepWell.dir/FATFS/Target/user_diskio_spi.c.obj
 .text.xmit_spi_multi
                0x080006e4       0x36 CMakeFiles/SleepWell.dir/FATFS/Target/user_diskio_spi.c.obj
 .text.wait_ready
                0x0800071a       0x46 CMakeFiles/SleepWell.dir/FATFS/Target/user_diskio_spi.c.obj
 .text.despiselect
                0x08000760       0x1a CMakeFiles/SleepWell.dir/FATFS/Target/user_diskio_spi.c.obj
 .text.spiselect
                0x0800077a       0x32 CMakeFiles/SleepWell.dir/FATFS/Target/user_diskio_spi.c.obj
 .text.rcvr_datablock
                0x080007ac       0x52 CMakeFiles/SleepWell.dir/FATFS/Target/user_diskio_spi.c.obj
 .text.xmit_datablock
                0x080007fe       0x64 CMakeFiles/SleepWell.dir/FATFS/Target/user_diskio_spi.c.obj
 .text.send_cmd
                0x08000862       0xde CMakeFiles/SleepWell.dir/FATFS/Target/user_diskio_spi.c.obj
 .text.USER_SPI_initialize
                0x08000940      0x1d8 CMakeFiles/SleepWell.dir/FATFS/Target/user_diskio_spi.c.obj
                0x08000940                USER_SPI_initialize
 .text.USER_SPI_status
                0x08000b18       0x2c CMakeFiles/SleepWell.dir/FATFS/Target/user_diskio_spi.c.obj
                0x08000b18                USER_SPI_status
 .text.USER_SPI_read
                0x08000b44       0xcc CMakeFiles/SleepWell.dir/FATFS/Target/user_diskio_spi.c.obj
                0x08000b44                USER_SPI_read
 .text.USER_SPI_write
                0x08000c10       0xf8 CMakeFiles/SleepWell.dir/FATFS/Target/user_diskio_spi.c.obj
                0x08000c10                USER_SPI_write
 .text.USER_SPI_ioctl
                0x08000d08      0x2e0 CMakeFiles/SleepWell.dir/FATFS/Target/user_diskio_spi.c.obj
                0x08000d08                USER_SPI_ioctl
 .text.NMI_Handler
                0x08000fe8        0x8 CMakeFiles/SleepWell.dir/Core/Src/stm32g4xx_it.c.obj
                0x08000fe8                NMI_Handler
 .text.HardFault_Handler
                0x08000ff0        0x8 CMakeFiles/SleepWell.dir/Core/Src/stm32g4xx_it.c.obj
                0x08000ff0                HardFault_Handler
 .text.MemManage_Handler
                0x08000ff8        0x8 CMakeFiles/SleepWell.dir/Core/Src/stm32g4xx_it.c.obj
                0x08000ff8                MemManage_Handler
 .text.BusFault_Handler
                0x08001000        0x8 CMakeFiles/SleepWell.dir/Core/Src/stm32g4xx_it.c.obj
                0x08001000                BusFault_Handler
 .text.UsageFault_Handler
                0x08001008        0x8 CMakeFiles/SleepWell.dir/Core/Src/stm32g4xx_it.c.obj
                0x08001008                UsageFault_Handler
 .text.SVC_Handler
                0x08001010        0xe CMakeFiles/SleepWell.dir/Core/Src/stm32g4xx_it.c.obj
                0x08001010                SVC_Handler
 .text.DebugMon_Handler
                0x0800101e        0xe CMakeFiles/SleepWell.dir/Core/Src/stm32g4xx_it.c.obj
                0x0800101e                DebugMon_Handler
 .text.PendSV_Handler
                0x0800102c        0xe CMakeFiles/SleepWell.dir/Core/Src/stm32g4xx_it.c.obj
                0x0800102c                PendSV_Handler
 .text.SysTick_Handler
                0x0800103a        0xc CMakeFiles/SleepWell.dir/Core/Src/stm32g4xx_it.c.obj
                0x0800103a                SysTick_Handler
 *fill*         0x08001046        0x2 
 .text.EXTI0_IRQHandler
                0x08001048       0x1c CMakeFiles/SleepWell.dir/Core/Src/stm32g4xx_it.c.obj
                0x08001048                EXTI0_IRQHandler
 .text.USB_LP_IRQHandler
                0x08001064       0x14 CMakeFiles/SleepWell.dir/Core/Src/stm32g4xx_it.c.obj
                0x08001064                USB_LP_IRQHandler
 .text.EXTI9_5_IRQHandler
                0x08001078       0x28 CMakeFiles/SleepWell.dir/Core/Src/stm32g4xx_it.c.obj
                0x08001078                EXTI9_5_IRQHandler
 .text.HAL_MspInit
                0x080010a0       0x48 CMakeFiles/SleepWell.dir/Core/Src/stm32g4xx_hal_msp.c.obj
                0x080010a0                HAL_MspInit
 .text.HAL_I2C_MspInit
                0x080010e8       0xb4 CMakeFiles/SleepWell.dir/Core/Src/stm32g4xx_hal_msp.c.obj
                0x080010e8                HAL_I2C_MspInit
 .text.HAL_SPI_MspInit
                0x0800119c       0xa8 CMakeFiles/SleepWell.dir/Core/Src/stm32g4xx_hal_msp.c.obj
                0x0800119c                HAL_SPI_MspInit
 .text.HAL_PCD_MspInit
                0x08001244       0x78 CMakeFiles/SleepWell.dir/USB_Device/Target/usbd_conf.c.obj
                0x08001244                HAL_PCD_MspInit
 .text.HAL_PCD_SetupStageCallback
                0x080012bc       0x24 CMakeFiles/SleepWell.dir/USB_Device/Target/usbd_conf.c.obj
                0x080012bc                HAL_PCD_SetupStageCallback
 .text.HAL_PCD_DataOutStageCallback
                0x080012e0       0x36 CMakeFiles/SleepWell.dir/USB_Device/Target/usbd_conf.c.obj
                0x080012e0                HAL_PCD_DataOutStageCallback
 .text.HAL_PCD_DataInStageCallback
                0x08001316       0x34 CMakeFiles/SleepWell.dir/USB_Device/Target/usbd_conf.c.obj
                0x08001316                HAL_PCD_DataInStageCallback
 .text.HAL_PCD_SOFCallback
                0x0800134a       0x1c CMakeFiles/SleepWell.dir/USB_Device/Target/usbd_conf.c.obj
                0x0800134a                HAL_PCD_SOFCallback
 .text.HAL_PCD_ResetCallback
                0x08001366       0x3c CMakeFiles/SleepWell.dir/USB_Device/Target/usbd_conf.c.obj
                0x08001366                HAL_PCD_ResetCallback
 *fill*         0x080013a2        0x2 
 .text.HAL_PCD_SuspendCallback
                0x080013a4       0x34 CMakeFiles/SleepWell.dir/USB_Device/Target/usbd_conf.c.obj
                0x080013a4                HAL_PCD_SuspendCallback
 .text.HAL_PCD_ResumeCallback
                0x080013d8       0x38 CMakeFiles/SleepWell.dir/USB_Device/Target/usbd_conf.c.obj
                0x080013d8                HAL_PCD_ResumeCallback
 .text.USBD_LL_Init
                0x08001410       0xac CMakeFiles/SleepWell.dir/USB_Device/Target/usbd_conf.c.obj
                0x08001410                USBD_LL_Init
 .text.USBD_LL_Start
                0x080014bc       0x36 CMakeFiles/SleepWell.dir/USB_Device/Target/usbd_conf.c.obj
                0x080014bc                USBD_LL_Start
 .text.USBD_LL_OpenEP
                0x080014f2       0x4c CMakeFiles/SleepWell.dir/USB_Device/Target/usbd_conf.c.obj
                0x080014f2                USBD_LL_OpenEP
 .text.USBD_LL_CloseEP
                0x0800153e       0x3e CMakeFiles/SleepWell.dir/USB_Device/Target/usbd_conf.c.obj
                0x0800153e                USBD_LL_CloseEP
 .text.USBD_LL_FlushEP
                0x0800157c       0x3e CMakeFiles/SleepWell.dir/USB_Device/Target/usbd_conf.c.obj
                0x0800157c                USBD_LL_FlushEP
 .text.USBD_LL_StallEP
                0x080015ba       0x3e CMakeFiles/SleepWell.dir/USB_Device/Target/usbd_conf.c.obj
                0x080015ba                USBD_LL_StallEP
 .text.USBD_LL_ClearStallEP
                0x080015f8       0x3e CMakeFiles/SleepWell.dir/USB_Device/Target/usbd_conf.c.obj
                0x080015f8                USBD_LL_ClearStallEP
 .text.USBD_LL_IsStallEP
                0x08001636       0x58 CMakeFiles/SleepWell.dir/USB_Device/Target/usbd_conf.c.obj
                0x08001636                USBD_LL_IsStallEP
 .text.USBD_LL_SetUSBAddress
                0x0800168e       0x3e CMakeFiles/SleepWell.dir/USB_Device/Target/usbd_conf.c.obj
                0x0800168e                USBD_LL_SetUSBAddress
 .text.USBD_LL_Transmit
                0x080016cc       0x42 CMakeFiles/SleepWell.dir/USB_Device/Target/usbd_conf.c.obj
                0x080016cc                USBD_LL_Transmit
 .text.USBD_LL_PrepareReceive
                0x0800170e       0x42 CMakeFiles/SleepWell.dir/USB_Device/Target/usbd_conf.c.obj
                0x0800170e                USBD_LL_PrepareReceive
 .text.USBD_LL_GetRxDataSize
                0x08001750       0x26 CMakeFiles/SleepWell.dir/USB_Device/Target/usbd_conf.c.obj
                0x08001750                USBD_LL_GetRxDataSize
 *fill*         0x08001776        0x2 
 .text.HAL_PCDEx_LPM_Callback
                0x08001778       0x6c CMakeFiles/SleepWell.dir/USB_Device/Target/usbd_conf.c.obj
                0x08001778                HAL_PCDEx_LPM_Callback
 .text.USBD_static_malloc
                0x080017e4       0x1c CMakeFiles/SleepWell.dir/USB_Device/Target/usbd_conf.c.obj
                0x080017e4                USBD_static_malloc
 .text.USBD_static_free
                0x08001800       0x14 CMakeFiles/SleepWell.dir/USB_Device/Target/usbd_conf.c.obj
                0x08001800                USBD_static_free
 .text.SystemClockConfig_Resume
                0x08001814        0xc CMakeFiles/SleepWell.dir/USB_Device/Target/usbd_conf.c.obj
 .text.USBD_Get_USB_Status
                0x08001820       0x58 CMakeFiles/SleepWell.dir/USB_Device/Target/usbd_conf.c.obj
 .text.MX_USB_Device_Init
                0x08001878       0x60 CMakeFiles/SleepWell.dir/USB_Device/App/usb_device.c.obj
                0x08001878                MX_USB_Device_Init
 .text.USBD_MSC_DeviceDescriptor
                0x080018d8       0x24 CMakeFiles/SleepWell.dir/USB_Device/App/usbd_desc.c.obj
                0x080018d8                USBD_MSC_DeviceDescriptor
 .text.USBD_MSC_LangIDStrDescriptor
                0x080018fc       0x24 CMakeFiles/SleepWell.dir/USB_Device/App/usbd_desc.c.obj
                0x080018fc                USBD_MSC_LangIDStrDescriptor
 .text.USBD_MSC_ProductStrDescriptor
                0x08001920       0x3c CMakeFiles/SleepWell.dir/USB_Device/App/usbd_desc.c.obj
                0x08001920                USBD_MSC_ProductStrDescriptor
 .text.USBD_MSC_ManufacturerStrDescriptor
                0x0800195c       0x28 CMakeFiles/SleepWell.dir/USB_Device/App/usbd_desc.c.obj
                0x0800195c                USBD_MSC_ManufacturerStrDescriptor
 .text.USBD_MSC_SerialStrDescriptor
                0x08001984       0x24 CMakeFiles/SleepWell.dir/USB_Device/App/usbd_desc.c.obj
                0x08001984                USBD_MSC_SerialStrDescriptor
 .text.USBD_MSC_ConfigStrDescriptor
                0x080019a8       0x3c CMakeFiles/SleepWell.dir/USB_Device/App/usbd_desc.c.obj
                0x080019a8                USBD_MSC_ConfigStrDescriptor
 .text.USBD_MSC_InterfaceStrDescriptor
                0x080019e4       0x3c CMakeFiles/SleepWell.dir/USB_Device/App/usbd_desc.c.obj
                0x080019e4                USBD_MSC_InterfaceStrDescriptor
 .text.Get_SerialNum
                0x08001a20       0x58 CMakeFiles/SleepWell.dir/USB_Device/App/usbd_desc.c.obj
 .text.IntToUnicode
                0x08001a78       0x7e CMakeFiles/SleepWell.dir/USB_Device/App/usbd_desc.c.obj
 .text.STORAGE_Init_FS
                0x08001af6       0x2a CMakeFiles/SleepWell.dir/USB_Device/App/usbd_storage_if.c.obj
 .text.STORAGE_GetCapacity_FS
                0x08001b20       0x2c CMakeFiles/SleepWell.dir/USB_Device/App/usbd_storage_if.c.obj
 .text.STORAGE_IsReady_FS
                0x08001b4c       0x2a CMakeFiles/SleepWell.dir/USB_Device/App/usbd_storage_if.c.obj
 .text.STORAGE_IsWriteProtected_FS
                0x08001b76       0x18 CMakeFiles/SleepWell.dir/USB_Device/App/usbd_storage_if.c.obj
 .text.STORAGE_Read_FS
                0x08001b8e       0x3a CMakeFiles/SleepWell.dir/USB_Device/App/usbd_storage_if.c.obj
 .text.STORAGE_Write_FS
                0x08001bc8       0x3a CMakeFiles/SleepWell.dir/USB_Device/App/usbd_storage_if.c.obj
 .text.STORAGE_GetMaxLun_FS
                0x08001c02       0x10 CMakeFiles/SleepWell.dir/USB_Device/App/usbd_storage_if.c.obj
 .text.USER_initialize
                0x08001c12       0x1c CMakeFiles/SleepWell.dir/FATFS/Target/user_diskio.c.obj
                0x08001c12                USER_initialize
 .text.USER_status
                0x08001c2e       0x1c CMakeFiles/SleepWell.dir/FATFS/Target/user_diskio.c.obj
                0x08001c2e                USER_status
 .text.USER_read
                0x08001c4a       0x26 CMakeFiles/SleepWell.dir/FATFS/Target/user_diskio.c.obj
                0x08001c4a                USER_read
 .text.USER_write
                0x08001c70       0x26 CMakeFiles/SleepWell.dir/FATFS/Target/user_diskio.c.obj
                0x08001c70                USER_write
 .text.USER_ioctl
                0x08001c96       0x26 CMakeFiles/SleepWell.dir/FATFS/Target/user_diskio.c.obj
                0x08001c96                USER_ioctl
 .text.MX_FATFS_Init
                0x08001cbc       0x30 CMakeFiles/SleepWell.dir/FATFS/App/app_fatfs.c.obj
                0x08001cbc                MX_FATFS_Init
 .text.HAL_PCD_Init
                0x08001cec      0x19c CMakeFiles/SleepWell.dir/Drivers/STM32G4xx_HAL_Driver/Src/stm32g4xx_hal_pcd.c.obj
                0x08001cec                HAL_PCD_Init
 .text.HAL_PCD_Start
                0x08001e88       0x44 CMakeFiles/SleepWell.dir/Drivers/STM32G4xx_HAL_Driver/Src/stm32g4xx_hal_pcd.c.obj
                0x08001e88                HAL_PCD_Start
 .text.HAL_PCD_IRQHandler
                0x08001ecc      0x24e CMakeFiles/SleepWell.dir/Drivers/STM32G4xx_HAL_Driver/Src/stm32g4xx_hal_pcd.c.obj
                0x08001ecc                HAL_PCD_IRQHandler
 .text.HAL_PCD_SetAddress
                0x0800211a       0x48 CMakeFiles/SleepWell.dir/Drivers/STM32G4xx_HAL_Driver/Src/stm32g4xx_hal_pcd.c.obj
                0x0800211a                HAL_PCD_SetAddress
 .text.HAL_PCD_EP_Open
                0x08002162       0xbe CMakeFiles/SleepWell.dir/Drivers/STM32G4xx_HAL_Driver/Src/stm32g4xx_hal_pcd.c.obj
                0x08002162                HAL_PCD_EP_Open
 .text.HAL_PCD_EP_Close
                0x08002220       0x90 CMakeFiles/SleepWell.dir/Drivers/STM32G4xx_HAL_Driver/Src/stm32g4xx_hal_pcd.c.obj
                0x08002220                HAL_PCD_EP_Close
 .text.HAL_PCD_EP_Receive
                0x080022b0       0x62 CMakeFiles/SleepWell.dir/Drivers/STM32G4xx_HAL_Driver/Src/stm32g4xx_hal_pcd.c.obj
                0x080022b0                HAL_PCD_EP_Receive
 .text.HAL_PCD_EP_GetRxCount
                0x08002312       0x30 CMakeFiles/SleepWell.dir/Drivers/STM32G4xx_HAL_Driver/Src/stm32g4xx_hal_pcd.c.obj
                0x08002312                HAL_PCD_EP_GetRxCount
 .text.HAL_PCD_EP_Transmit
                0x08002342       0x6e CMakeFiles/SleepWell.dir/Drivers/STM32G4xx_HAL_Driver/Src/stm32g4xx_hal_pcd.c.obj
                0x08002342                HAL_PCD_EP_Transmit
 .text.HAL_PCD_EP_SetStall
                0x080023b0       0xa4 CMakeFiles/SleepWell.dir/Drivers/STM32G4xx_HAL_Driver/Src/stm32g4xx_hal_pcd.c.obj
                0x080023b0                HAL_PCD_EP_SetStall
 .text.HAL_PCD_EP_ClrStall
                0x08002454       0xa8 CMakeFiles/SleepWell.dir/Drivers/STM32G4xx_HAL_Driver/Src/stm32g4xx_hal_pcd.c.obj
                0x08002454                HAL_PCD_EP_ClrStall
 .text.HAL_PCD_EP_Flush
                0x080024fc       0x5a CMakeFiles/SleepWell.dir/Drivers/STM32G4xx_HAL_Driver/Src/stm32g4xx_hal_pcd.c.obj
                0x080024fc                HAL_PCD_EP_Flush
 .text.PCD_EP_ISR_Handler
                0x08002556      0x68e CMakeFiles/SleepWell.dir/Drivers/STM32G4xx_HAL_Driver/Src/stm32g4xx_hal_pcd.c.obj
 .text.HAL_PCD_EP_DB_Receive
                0x08002be4      0x212 CMakeFiles/SleepWell.dir/Drivers/STM32G4xx_HAL_Driver/Src/stm32g4xx_hal_pcd.c.obj
 .text.HAL_PCD_EP_DB_Transmit
                0x08002df6      0x878 CMakeFiles/SleepWell.dir/Drivers/STM32G4xx_HAL_Driver/Src/stm32g4xx_hal_pcd.c.obj
 .text.HAL_PCDEx_PMAConfig
                0x0800366e       0x86 CMakeFiles/SleepWell.dir/Drivers/STM32G4xx_HAL_Driver/Src/stm32g4xx_hal_pcd_ex.c.obj
                0x0800366e                HAL_PCDEx_PMAConfig
 .text.HAL_PCDEx_ActivateLPM
                0x080036f4       0x54 CMakeFiles/SleepWell.dir/Drivers/STM32G4xx_HAL_Driver/Src/stm32g4xx_hal_pcd_ex.c.obj
                0x080036f4                HAL_PCDEx_ActivateLPM
 .text.USB_EnableGlobalInt
                0x08003748       0x2e CMakeFiles/SleepWell.dir/Drivers/STM32G4xx_HAL_Driver/Src/stm32g4xx_ll_usb.c.obj
                0x08003748                USB_EnableGlobalInt
 .text.USB_DisableGlobalInt
                0x08003776       0x36 CMakeFiles/SleepWell.dir/Drivers/STM32G4xx_HAL_Driver/Src/stm32g4xx_ll_usb.c.obj
                0x08003776                USB_DisableGlobalInt
 .text.USB_DevInit
                0x080037ac       0x3c CMakeFiles/SleepWell.dir/Drivers/STM32G4xx_HAL_Driver/Src/stm32g4xx_ll_usb.c.obj
                0x080037ac                USB_DevInit
 .text.USB_FlushTxFifo
                0x080037e8       0x18 CMakeFiles/SleepWell.dir/Drivers/STM32G4xx_HAL_Driver/Src/stm32g4xx_ll_usb.c.obj
                0x080037e8                USB_FlushTxFifo
 .text.USB_FlushRxFifo
                0x08003800       0x16 CMakeFiles/SleepWell.dir/Drivers/STM32G4xx_HAL_Driver/Src/stm32g4xx_ll_usb.c.obj
                0x08003800                USB_FlushRxFifo
 *fill*         0x08003816        0x2 
 .text.USB_ActivateEndpoint
                0x08003818      0x9d0 CMakeFiles/SleepWell.dir/Drivers/STM32G4xx_HAL_Driver/Src/stm32g4xx_ll_usb.c.obj
                0x08003818                USB_ActivateEndpoint
 .text.USB_DeactivateEndpoint
                0x080041e8      0x3da CMakeFiles/SleepWell.dir/Drivers/STM32G4xx_HAL_Driver/Src/stm32g4xx_ll_usb.c.obj
                0x080041e8                USB_DeactivateEndpoint
 .text.USB_EPStartXfer
                0x080045c2      0xb5e CMakeFiles/SleepWell.dir/Drivers/STM32G4xx_HAL_Driver/Src/stm32g4xx_ll_usb.c.obj
                0x080045c2                USB_EPStartXfer
 .text.USB_EPSetStall
                0x08005120       0xa2 CMakeFiles/SleepWell.dir/Drivers/STM32G4xx_HAL_Driver/Src/stm32g4xx_ll_usb.c.obj
                0x08005120                USB_EPSetStall
 .text.USB_EPClearStall
                0x080051c2      0x152 CMakeFiles/SleepWell.dir/Drivers/STM32G4xx_HAL_Driver/Src/stm32g4xx_ll_usb.c.obj
                0x080051c2                USB_EPClearStall
 .text.USB_SetDevAddress
                0x08005314       0x28 CMakeFiles/SleepWell.dir/Drivers/STM32G4xx_HAL_Driver/Src/stm32g4xx_ll_usb.c.obj
                0x08005314                USB_SetDevAddress
 .text.USB_DevConnect
                0x0800533c       0x2e CMakeFiles/SleepWell.dir/Drivers/STM32G4xx_HAL_Driver/Src/stm32g4xx_ll_usb.c.obj
                0x0800533c                USB_DevConnect
 .text.USB_ReadInterrupts
                0x0800536a       0x20 CMakeFiles/SleepWell.dir/Drivers/STM32G4xx_HAL_Driver/Src/stm32g4xx_ll_usb.c.obj
                0x0800536a                USB_ReadInterrupts
 .text.USB_WritePMA
                0x0800538a       0x84 CMakeFiles/SleepWell.dir/Drivers/STM32G4xx_HAL_Driver/Src/stm32g4xx_ll_usb.c.obj
                0x0800538a                USB_WritePMA
 .text.USB_ReadPMA
                0x0800540e       0x98 CMakeFiles/SleepWell.dir/Drivers/STM32G4xx_HAL_Driver/Src/stm32g4xx_ll_usb.c.obj
                0x0800540e                USB_ReadPMA
 .text.HAL_Init
                0x080054a6       0x30 CMakeFiles/SleepWell.dir/Drivers/STM32G4xx_HAL_Driver/Src/stm32g4xx_hal.c.obj
                0x080054a6                HAL_Init
 *fill*         0x080054d6        0x2 
 .text.HAL_InitTick
                0x080054d8       0x74 CMakeFiles/SleepWell.dir/Drivers/STM32G4xx_HAL_Driver/Src/stm32g4xx_hal.c.obj
                0x080054d8                HAL_InitTick
 .text.HAL_IncTick
                0x0800554c       0x24 CMakeFiles/SleepWell.dir/Drivers/STM32G4xx_HAL_Driver/Src/stm32g4xx_hal.c.obj
                0x0800554c                HAL_IncTick
 .text.HAL_GetTick
                0x08005570       0x18 CMakeFiles/SleepWell.dir/Drivers/STM32G4xx_HAL_Driver/Src/stm32g4xx_hal.c.obj
                0x08005570                HAL_GetTick
 .text.HAL_Delay
                0x08005588       0x44 CMakeFiles/SleepWell.dir/Drivers/STM32G4xx_HAL_Driver/Src/stm32g4xx_hal.c.obj
                0x08005588                HAL_Delay
 .text.HAL_RCC_OscConfig
                0x080055cc      0x624 CMakeFiles/SleepWell.dir/Drivers/STM32G4xx_HAL_Driver/Src/stm32g4xx_hal_rcc.c.obj
                0x080055cc                HAL_RCC_OscConfig
 .text.HAL_RCC_ClockConfig
                0x08005bf0      0x278 CMakeFiles/SleepWell.dir/Drivers/STM32G4xx_HAL_Driver/Src/stm32g4xx_hal_rcc.c.obj
                0x08005bf0                HAL_RCC_ClockConfig
 .text.HAL_RCC_GetSysClockFreq
                0x08005e68       0xc4 CMakeFiles/SleepWell.dir/Drivers/STM32G4xx_HAL_Driver/Src/stm32g4xx_hal_rcc.c.obj
                0x08005e68                HAL_RCC_GetSysClockFreq
 .text.RCC_GetSysClockFreqFromPLLSource
                0x08005f2c       0x8c CMakeFiles/SleepWell.dir/Drivers/STM32G4xx_HAL_Driver/Src/stm32g4xx_hal_rcc.c.obj
 .text.HAL_RCCEx_PeriphCLKConfig
                0x08005fb8      0x3e0 CMakeFiles/SleepWell.dir/Drivers/STM32G4xx_HAL_Driver/Src/stm32g4xx_hal_rcc_ex.c.obj
                0x08005fb8                HAL_RCCEx_PeriphCLKConfig
 .text.HAL_GPIO_Init
                0x08006398      0x304 CMakeFiles/SleepWell.dir/Drivers/STM32G4xx_HAL_Driver/Src/stm32g4xx_hal_gpio.c.obj
                0x08006398                HAL_GPIO_Init
 .text.HAL_GPIO_WritePin
                0x0800669c       0x30 CMakeFiles/SleepWell.dir/Drivers/STM32G4xx_HAL_Driver/Src/stm32g4xx_hal_gpio.c.obj
                0x0800669c                HAL_GPIO_WritePin
 .text.HAL_GPIO_TogglePin
                0x080066cc       0x34 CMakeFiles/SleepWell.dir/Drivers/STM32G4xx_HAL_Driver/Src/stm32g4xx_hal_gpio.c.obj
                0x080066cc                HAL_GPIO_TogglePin
 .text.HAL_GPIO_EXTI_IRQHandler
                0x08006700       0x30 CMakeFiles/SleepWell.dir/Drivers/STM32G4xx_HAL_Driver/Src/stm32g4xx_hal_gpio.c.obj
                0x08006700                HAL_GPIO_EXTI_IRQHandler
 .text.HAL_GPIO_EXTI_Callback
                0x08006730       0x16 CMakeFiles/SleepWell.dir/Drivers/STM32G4xx_HAL_Driver/Src/stm32g4xx_hal_gpio.c.obj
                0x08006730                HAL_GPIO_EXTI_Callback
 *fill*         0x08006746        0x2 
 .text.HAL_PWREx_ControlVoltageScaling
                0x08006748      0x148 CMakeFiles/SleepWell.dir/Drivers/STM32G4xx_HAL_Driver/Src/stm32g4xx_hal_pwr_ex.c.obj
                0x08006748                HAL_PWREx_ControlVoltageScaling
 .text.HAL_PWREx_DisableUCPDDeadBattery
                0x08006890       0x20 CMakeFiles/SleepWell.dir/Drivers/STM32G4xx_HAL_Driver/Src/stm32g4xx_hal_pwr_ex.c.obj
                0x08006890                HAL_PWREx_DisableUCPDDeadBattery
 .text.__NVIC_SetPriorityGrouping
                0x080068b0       0x48 CMakeFiles/SleepWell.dir/Drivers/STM32G4xx_HAL_Driver/Src/stm32g4xx_hal_cortex.c.obj
 .text.__NVIC_GetPriorityGrouping
                0x080068f8       0x1c CMakeFiles/SleepWell.dir/Drivers/STM32G4xx_HAL_Driver/Src/stm32g4xx_hal_cortex.c.obj
 .text.__NVIC_EnableIRQ
                0x08006914       0x3c CMakeFiles/SleepWell.dir/Drivers/STM32G4xx_HAL_Driver/Src/stm32g4xx_hal_cortex.c.obj
 .text.__NVIC_SetPriority
                0x08006950       0x54 CMakeFiles/SleepWell.dir/Drivers/STM32G4xx_HAL_Driver/Src/stm32g4xx_hal_cortex.c.obj
 .text.NVIC_EncodePriority
                0x080069a4       0x66 CMakeFiles/SleepWell.dir/Drivers/STM32G4xx_HAL_Driver/Src/stm32g4xx_hal_cortex.c.obj
 *fill*         0x08006a0a        0x2 
 .text.SysTick_Config
                0x08006a0c       0x44 CMakeFiles/SleepWell.dir/Drivers/STM32G4xx_HAL_Driver/Src/stm32g4xx_hal_cortex.c.obj
 .text.HAL_NVIC_SetPriorityGrouping
                0x08006a50       0x16 CMakeFiles/SleepWell.dir/Drivers/STM32G4xx_HAL_Driver/Src/stm32g4xx_hal_cortex.c.obj
                0x08006a50                HAL_NVIC_SetPriorityGrouping
 .text.HAL_NVIC_SetPriority
                0x08006a66       0x34 CMakeFiles/SleepWell.dir/Drivers/STM32G4xx_HAL_Driver/Src/stm32g4xx_hal_cortex.c.obj
                0x08006a66                HAL_NVIC_SetPriority
 .text.HAL_NVIC_EnableIRQ
                0x08006a9a       0x1c CMakeFiles/SleepWell.dir/Drivers/STM32G4xx_HAL_Driver/Src/stm32g4xx_hal_cortex.c.obj
                0x08006a9a                HAL_NVIC_EnableIRQ
 .text.HAL_SYSTICK_Config
                0x08006ab6       0x18 CMakeFiles/SleepWell.dir/Drivers/STM32G4xx_HAL_Driver/Src/stm32g4xx_hal_cortex.c.obj
                0x08006ab6                HAL_SYSTICK_Config
 .text.HAL_I2C_Init
                0x08006ace      0x136 CMakeFiles/SleepWell.dir/Drivers/STM32G4xx_HAL_Driver/Src/stm32g4xx_hal_i2c.c.obj
                0x08006ace                HAL_I2C_Init
 .text.HAL_I2C_Mem_Read
                0x08006c04      0x234 CMakeFiles/SleepWell.dir/Drivers/STM32G4xx_HAL_Driver/Src/stm32g4xx_hal_i2c.c.obj
                0x08006c04                HAL_I2C_Mem_Read
 .text.I2C_RequestMemoryRead
                0x08006e38       0xa8 CMakeFiles/SleepWell.dir/Drivers/STM32G4xx_HAL_Driver/Src/stm32g4xx_hal_i2c.c.obj
 .text.I2C_Flush_TXDR
                0x08006ee0       0x48 CMakeFiles/SleepWell.dir/Drivers/STM32G4xx_HAL_Driver/Src/stm32g4xx_hal_i2c.c.obj
 .text.I2C_WaitOnFlagUntilTimeout
                0x08006f28       0xb2 CMakeFiles/SleepWell.dir/Drivers/STM32G4xx_HAL_Driver/Src/stm32g4xx_hal_i2c.c.obj
 .text.I2C_WaitOnTXISFlagUntilTimeout
                0x08006fda       0x8e CMakeFiles/SleepWell.dir/Drivers/STM32G4xx_HAL_Driver/Src/stm32g4xx_hal_i2c.c.obj
 .text.I2C_WaitOnSTOPFlagUntilTimeout
                0x08007068       0x86 CMakeFiles/SleepWell.dir/Drivers/STM32G4xx_HAL_Driver/Src/stm32g4xx_hal_i2c.c.obj
 *fill*         0x080070ee        0x2 
 .text.I2C_IsErrorOccurred
                0x080070f0      0x1c0 CMakeFiles/SleepWell.dir/Drivers/STM32G4xx_HAL_Driver/Src/stm32g4xx_hal_i2c.c.obj
 .text.I2C_TransferConfig
                0x080072b0       0x64 CMakeFiles/SleepWell.dir/Drivers/STM32G4xx_HAL_Driver/Src/stm32g4xx_hal_i2c.c.obj
 .text.HAL_I2CEx_ConfigAnalogFilter
                0x08007314       0x96 CMakeFiles/SleepWell.dir/Drivers/STM32G4xx_HAL_Driver/Src/stm32g4xx_hal_i2c_ex.c.obj
                0x08007314                HAL_I2CEx_ConfigAnalogFilter
 .text.HAL_I2CEx_ConfigDigitalFilter
                0x080073aa       0x98 CMakeFiles/SleepWell.dir/Drivers/STM32G4xx_HAL_Driver/Src/stm32g4xx_hal_i2c_ex.c.obj
                0x080073aa                HAL_I2CEx_ConfigDigitalFilter
 .text.HAL_SPI_Init
                0x08007442      0x156 CMakeFiles/SleepWell.dir/Drivers/STM32G4xx_HAL_Driver/Src/stm32g4xx_hal_spi.c.obj
                0x08007442                HAL_SPI_Init
 .text.HAL_SPI_TransmitReceive
                0x08007598      0x43e CMakeFiles/SleepWell.dir/Drivers/STM32G4xx_HAL_Driver/Src/stm32g4xx_hal_spi.c.obj
                0x08007598                HAL_SPI_TransmitReceive
 *fill*         0x080079d6        0x2 
 .text.SPI_WaitFlagStateUntilTimeout
                0x080079d8      0x110 CMakeFiles/SleepWell.dir/Drivers/STM32G4xx_HAL_Driver/Src/stm32g4xx_hal_spi.c.obj
 .text.SPI_WaitFifoStateUntilTimeout
                0x08007ae8      0x12c CMakeFiles/SleepWell.dir/Drivers/STM32G4xx_HAL_Driver/Src/stm32g4xx_hal_spi.c.obj
 .text.SPI_EndRxTxTransaction
                0x08007c14       0x8c CMakeFiles/SleepWell.dir/Drivers/STM32G4xx_HAL_Driver/Src/stm32g4xx_hal_spi.c.obj
 .text.SystemInit
                0x08007ca0       0x24 CMakeFiles/SleepWell.dir/Core/Src/system_stm32g4xx.c.obj
                0x08007ca0                SystemInit
 .text.FATFS_LinkDriverEx
                0x08007cc4       0x98 CMakeFiles/SleepWell.dir/Middlewares/Third_Party/FatFs/src/ff_gen_drv.c.obj
                0x08007cc4                FATFS_LinkDriverEx
 .text.FATFS_LinkDriver
                0x08007d5c       0x1e CMakeFiles/SleepWell.dir/Middlewares/Third_Party/FatFs/src/ff_gen_drv.c.obj
                0x08007d5c                FATFS_LinkDriver
 .text.USBD_Init
                0x08007d7a       0x60 CMakeFiles/SleepWell.dir/Middlewares/ST/STM32_USB_Device_Library/Core/Src/usbd_core.c.obj
                0x08007d7a                USBD_Init
 .text.USBD_RegisterClass
                0x08007dda       0x4e CMakeFiles/SleepWell.dir/Middlewares/ST/STM32_USB_Device_Library/Core/Src/usbd_core.c.obj
                0x08007dda                USBD_RegisterClass
 .text.USBD_Start
                0x08007e28       0x18 CMakeFiles/SleepWell.dir/Middlewares/ST/STM32_USB_Device_Library/Core/Src/usbd_core.c.obj
                0x08007e28                USBD_Start
 .text.USBD_RunTestMode
                0x08007e40       0x16 CMakeFiles/SleepWell.dir/Middlewares/ST/STM32_USB_Device_Library/Core/Src/usbd_core.c.obj
                0x08007e40                USBD_RunTestMode
 .text.USBD_SetClassConfig
                0x08007e56       0x38 CMakeFiles/SleepWell.dir/Middlewares/ST/STM32_USB_Device_Library/Core/Src/usbd_core.c.obj
                0x08007e56                USBD_SetClassConfig
 .text.USBD_ClrClassConfig
                0x08007e8e       0x30 CMakeFiles/SleepWell.dir/Middlewares/ST/STM32_USB_Device_Library/Core/Src/usbd_core.c.obj
                0x08007e8e                USBD_ClrClassConfig
 .text.USBD_LL_SetupStage
                0x08007ebe       0xaa CMakeFiles/SleepWell.dir/Middlewares/ST/STM32_USB_Device_Library/Core/Src/usbd_core.c.obj
                0x08007ebe                USBD_LL_SetupStage
 .text.USBD_LL_DataOutStage
                0x08007f68       0xc6 CMakeFiles/SleepWell.dir/Middlewares/ST/STM32_USB_Device_Library/Core/Src/usbd_core.c.obj
                0x08007f68                USBD_LL_DataOutStage
 .text.USBD_LL_DataInStage
                0x0800802e      0x12c CMakeFiles/SleepWell.dir/Middlewares/ST/STM32_USB_Device_Library/Core/Src/usbd_core.c.obj
                0x0800802e                USBD_LL_DataInStage
 .text.USBD_LL_Reset
                0x0800815a       0x9c CMakeFiles/SleepWell.dir/Middlewares/ST/STM32_USB_Device_Library/Core/Src/usbd_core.c.obj
                0x0800815a                USBD_LL_Reset
 .text.USBD_LL_SetSpeed
                0x080081f6       0x20 CMakeFiles/SleepWell.dir/Middlewares/ST/STM32_USB_Device_Library/Core/Src/usbd_core.c.obj
                0x080081f6                USBD_LL_SetSpeed
 .text.USBD_LL_Suspend
                0x08008216       0x2c CMakeFiles/SleepWell.dir/Middlewares/ST/STM32_USB_Device_Library/Core/Src/usbd_core.c.obj
                0x08008216                USBD_LL_Suspend
 .text.USBD_LL_Resume
                0x08008242       0x30 CMakeFiles/SleepWell.dir/Middlewares/ST/STM32_USB_Device_Library/Core/Src/usbd_core.c.obj
                0x08008242                USBD_LL_Resume
 .text.USBD_LL_SOF
                0x08008272       0x44 CMakeFiles/SleepWell.dir/Middlewares/ST/STM32_USB_Device_Library/Core/Src/usbd_core.c.obj
                0x08008272                USBD_LL_SOF
 .text.SWAPBYTE
                0x080082b6       0x3c CMakeFiles/SleepWell.dir/Middlewares/ST/STM32_USB_Device_Library/Core/Src/usbd_ctlreq.c.obj
 *fill*         0x080082f2        0x2 
 .text.USBD_StdDevReq
                0x080082f4       0xdc CMakeFiles/SleepWell.dir/Middlewares/ST/STM32_USB_Device_Library/Core/Src/usbd_ctlreq.c.obj
                0x080082f4                USBD_StdDevReq
 .text.USBD_StdItfReq
                0x080083d0       0x92 CMakeFiles/SleepWell.dir/Middlewares/ST/STM32_USB_Device_Library/Core/Src/usbd_ctlreq.c.obj
                0x080083d0                USBD_StdItfReq
 .text.USBD_StdEPReq
                0x08008462      0x2c4 CMakeFiles/SleepWell.dir/Middlewares/ST/STM32_USB_Device_Library/Core/Src/usbd_ctlreq.c.obj
                0x08008462                USBD_StdEPReq
 *fill*         0x08008726        0x2 
 .text.USBD_GetDescriptor
                0x08008728      0x328 CMakeFiles/SleepWell.dir/Middlewares/ST/STM32_USB_Device_Library/Core/Src/usbd_ctlreq.c.obj
 .text.USBD_SetAddress
                0x08008a50       0x88 CMakeFiles/SleepWell.dir/Middlewares/ST/STM32_USB_Device_Library/Core/Src/usbd_ctlreq.c.obj
 .text.USBD_SetConfig
                0x08008ad8      0x14c CMakeFiles/SleepWell.dir/Middlewares/ST/STM32_USB_Device_Library/Core/Src/usbd_ctlreq.c.obj
 .text.USBD_GetConfig
                0x08008c24       0x6c CMakeFiles/SleepWell.dir/Middlewares/ST/STM32_USB_Device_Library/Core/Src/usbd_ctlreq.c.obj
 .text.USBD_GetStatus
                0x08008c90       0x68 CMakeFiles/SleepWell.dir/Middlewares/ST/STM32_USB_Device_Library/Core/Src/usbd_ctlreq.c.obj
 .text.USBD_SetFeature
                0x08008cf8       0x28 CMakeFiles/SleepWell.dir/Middlewares/ST/STM32_USB_Device_Library/Core/Src/usbd_ctlreq.c.obj
 .text.USBD_ClrFeature
                0x08008d20       0x44 CMakeFiles/SleepWell.dir/Middlewares/ST/STM32_USB_Device_Library/Core/Src/usbd_ctlreq.c.obj
 .text.USBD_ParseSetupRequest
                0x08008d64       0x74 CMakeFiles/SleepWell.dir/Middlewares/ST/STM32_USB_Device_Library/Core/Src/usbd_ctlreq.c.obj
                0x08008d64                USBD_ParseSetupRequest
 .text.USBD_CtlError
                0x08008dd8       0x22 CMakeFiles/SleepWell.dir/Middlewares/ST/STM32_USB_Device_Library/Core/Src/usbd_ctlreq.c.obj
                0x08008dd8                USBD_CtlError
 .text.USBD_GetString
                0x08008dfa       0x8c CMakeFiles/SleepWell.dir/Middlewares/ST/STM32_USB_Device_Library/Core/Src/usbd_ctlreq.c.obj
                0x08008dfa                USBD_GetString
 .text.USBD_GetLen
                0x08008e86       0x34 CMakeFiles/SleepWell.dir/Middlewares/ST/STM32_USB_Device_Library/Core/Src/usbd_ctlreq.c.obj
 .text.USBD_CtlSendData
                0x08008eba       0x36 CMakeFiles/SleepWell.dir/Middlewares/ST/STM32_USB_Device_Library/Core/Src/usbd_ioreq.c.obj
                0x08008eba                USBD_CtlSendData
 .text.USBD_CtlContinueSendData
                0x08008ef0       0x22 CMakeFiles/SleepWell.dir/Middlewares/ST/STM32_USB_Device_Library/Core/Src/usbd_ioreq.c.obj
                0x08008ef0                USBD_CtlContinueSendData
 .text.USBD_CtlContinueRx
                0x08008f12       0x22 CMakeFiles/SleepWell.dir/Middlewares/ST/STM32_USB_Device_Library/Core/Src/usbd_ioreq.c.obj
                0x08008f12                USBD_CtlContinueRx
 .text.USBD_CtlSendStatus
                0x08008f34       0x26 CMakeFiles/SleepWell.dir/Middlewares/ST/STM32_USB_Device_Library/Core/Src/usbd_ioreq.c.obj
                0x08008f34                USBD_CtlSendStatus
 .text.USBD_CtlReceiveStatus
                0x08008f5a       0x26 CMakeFiles/SleepWell.dir/Middlewares/ST/STM32_USB_Device_Library/Core/Src/usbd_ioreq.c.obj
                0x08008f5a                USBD_CtlReceiveStatus
 .text.USBD_MSC_Init
                0x08008f80       0x9a CMakeFiles/SleepWell.dir/Middlewares/ST/STM32_USB_Device_Library/Class/MSC/Src/usbd_msc.c.obj
                0x08008f80                USBD_MSC_Init
 .text.USBD_MSC_DeInit
                0x0800901a       0x58 CMakeFiles/SleepWell.dir/Middlewares/ST/STM32_USB_Device_Library/Class/MSC/Src/usbd_msc.c.obj
                0x0800901a                USBD_MSC_DeInit
 *fill*         0x08009072        0x2 
 .text.USBD_MSC_Setup
                0x08009074      0x1e4 CMakeFiles/SleepWell.dir/Middlewares/ST/STM32_USB_Device_Library/Class/MSC/Src/usbd_msc.c.obj
                0x08009074                USBD_MSC_Setup
 .text.USBD_MSC_DataIn
                0x08009258       0x20 CMakeFiles/SleepWell.dir/Middlewares/ST/STM32_USB_Device_Library/Class/MSC/Src/usbd_msc.c.obj
                0x08009258                USBD_MSC_DataIn
 .text.USBD_MSC_DataOut
                0x08009278       0x20 CMakeFiles/SleepWell.dir/Middlewares/ST/STM32_USB_Device_Library/Class/MSC/Src/usbd_msc.c.obj
                0x08009278                USBD_MSC_DataOut
 .text.USBD_MSC_GetHSCfgDesc
                0x08009298       0x20 CMakeFiles/SleepWell.dir/Middlewares/ST/STM32_USB_Device_Library/Class/MSC/Src/usbd_msc.c.obj
                0x08009298                USBD_MSC_GetHSCfgDesc
 .text.USBD_MSC_GetFSCfgDesc
                0x080092b8       0x20 CMakeFiles/SleepWell.dir/Middlewares/ST/STM32_USB_Device_Library/Class/MSC/Src/usbd_msc.c.obj
                0x080092b8                USBD_MSC_GetFSCfgDesc
 .text.USBD_MSC_GetOtherSpeedCfgDesc
                0x080092d8       0x20 CMakeFiles/SleepWell.dir/Middlewares/ST/STM32_USB_Device_Library/Class/MSC/Src/usbd_msc.c.obj
                0x080092d8                USBD_MSC_GetOtherSpeedCfgDesc
 .text.USBD_MSC_GetDeviceQualifierDescriptor
                0x080092f8       0x20 CMakeFiles/SleepWell.dir/Middlewares/ST/STM32_USB_Device_Library/Class/MSC/Src/usbd_msc.c.obj
                0x080092f8                USBD_MSC_GetDeviceQualifierDescriptor
 .text.USBD_MSC_RegisterStorage
                0x08009318       0x2a CMakeFiles/SleepWell.dir/Middlewares/ST/STM32_USB_Device_Library/Class/MSC/Src/usbd_msc.c.obj
                0x08009318                USBD_MSC_RegisterStorage
 .text.MSC_BOT_Init
                0x08009342       0x70 CMakeFiles/SleepWell.dir/Middlewares/ST/STM32_USB_Device_Library/Class/MSC/Src/usbd_msc_bot.c.obj
                0x08009342                MSC_BOT_Init
 .text.MSC_BOT_Reset
                0x080093b2       0x4c CMakeFiles/SleepWell.dir/Middlewares/ST/STM32_USB_Device_Library/Class/MSC/Src/usbd_msc_bot.c.obj
                0x080093b2                MSC_BOT_Reset
 .text.MSC_BOT_DeInit
                0x080093fe       0x28 CMakeFiles/SleepWell.dir/Middlewares/ST/STM32_USB_Device_Library/Class/MSC/Src/usbd_msc_bot.c.obj
                0x080093fe                MSC_BOT_DeInit
 .text.MSC_BOT_DataIn
                0x08009426       0x6c CMakeFiles/SleepWell.dir/Middlewares/ST/STM32_USB_Device_Library/Class/MSC/Src/usbd_msc_bot.c.obj
                0x08009426                MSC_BOT_DataIn
 .text.MSC_BOT_DataOut
                0x08009492       0x60 CMakeFiles/SleepWell.dir/Middlewares/ST/STM32_USB_Device_Library/Class/MSC/Src/usbd_msc_bot.c.obj
                0x08009492                MSC_BOT_DataOut
 *fill*         0x080094f2        0x2 
 .text.MSC_BOT_CBW_Decode
                0x080094f4      0x118 CMakeFiles/SleepWell.dir/Middlewares/ST/STM32_USB_Device_Library/Class/MSC/Src/usbd_msc_bot.c.obj
 .text.MSC_BOT_SendData
                0x0800960c       0x5e CMakeFiles/SleepWell.dir/Middlewares/ST/STM32_USB_Device_Library/Class/MSC/Src/usbd_msc_bot.c.obj
 *fill*         0x0800966a        0x2 
 .text.MSC_BOT_SendCSW
                0x0800966c       0x60 CMakeFiles/SleepWell.dir/Middlewares/ST/STM32_USB_Device_Library/Class/MSC/Src/usbd_msc_bot.c.obj
                0x0800966c                MSC_BOT_SendCSW
 .text.MSC_BOT_Abort
                0x080096cc       0x64 CMakeFiles/SleepWell.dir/Middlewares/ST/STM32_USB_Device_Library/Class/MSC/Src/usbd_msc_bot.c.obj
 .text.MSC_BOT_CplClrFeature
                0x08009730       0x5a CMakeFiles/SleepWell.dir/Middlewares/ST/STM32_USB_Device_Library/Class/MSC/Src/usbd_msc_bot.c.obj
                0x08009730                MSC_BOT_CplClrFeature
 *fill*         0x0800978a        0x2 
 .text.SCSI_ProcessCmd
                0x0800978c      0x2fc CMakeFiles/SleepWell.dir/Middlewares/ST/STM32_USB_Device_Library/Class/MSC/Src/usbd_msc_scsi.c.obj
                0x0800978c                SCSI_ProcessCmd
 .text.SCSI_TestUnitReady
                0x08009a88       0xa0 CMakeFiles/SleepWell.dir/Middlewares/ST/STM32_USB_Device_Library/Class/MSC/Src/usbd_msc_scsi.c.obj
 .text.SCSI_Inquiry
                0x08009b28       0xe8 CMakeFiles/SleepWell.dir/Middlewares/ST/STM32_USB_Device_Library/Class/MSC/Src/usbd_msc_scsi.c.obj
 .text.SCSI_ReadCapacity10
                0x08009c10       0xea CMakeFiles/SleepWell.dir/Middlewares/ST/STM32_USB_Device_Library/Class/MSC/Src/usbd_msc_scsi.c.obj
 .text.SCSI_ReadCapacity16
                0x08009cfa      0x154 CMakeFiles/SleepWell.dir/Middlewares/ST/STM32_USB_Device_Library/Class/MSC/Src/usbd_msc_scsi.c.obj
 .text.SCSI_ReadFormatCapacity
                0x08009e4e       0xe4 CMakeFiles/SleepWell.dir/Middlewares/ST/STM32_USB_Device_Library/Class/MSC/Src/usbd_msc_scsi.c.obj
 *fill*         0x08009f32        0x2 
 .text.SCSI_ModeSense6
                0x08009f34       0x58 CMakeFiles/SleepWell.dir/Middlewares/ST/STM32_USB_Device_Library/Class/MSC/Src/usbd_msc_scsi.c.obj
 .text.SCSI_ModeSense10
                0x08009f8c       0x58 CMakeFiles/SleepWell.dir/Middlewares/ST/STM32_USB_Device_Library/Class/MSC/Src/usbd_msc_scsi.c.obj
 .text.SCSI_RequestSense
                0x08009fe4       0xfe CMakeFiles/SleepWell.dir/Middlewares/ST/STM32_USB_Device_Library/Class/MSC/Src/usbd_msc_scsi.c.obj
 .text.SCSI_SenseCode
                0x0800a0e2       0x8e CMakeFiles/SleepWell.dir/Middlewares/ST/STM32_USB_Device_Library/Class/MSC/Src/usbd_msc_scsi.c.obj
                0x0800a0e2                SCSI_SenseCode
 .text.SCSI_StartStopUnit
                0x0800a170       0xa2 CMakeFiles/SleepWell.dir/Middlewares/ST/STM32_USB_Device_Library/Class/MSC/Src/usbd_msc_scsi.c.obj
 .text.SCSI_AllowPreventRemovable
                0x0800a212       0x52 CMakeFiles/SleepWell.dir/Middlewares/ST/STM32_USB_Device_Library/Class/MSC/Src/usbd_msc_scsi.c.obj
 .text.SCSI_Read10
                0x0800a264      0x140 CMakeFiles/SleepWell.dir/Middlewares/ST/STM32_USB_Device_Library/Class/MSC/Src/usbd_msc_scsi.c.obj
 .text.SCSI_Read12
                0x0800a3a4      0x156 CMakeFiles/SleepWell.dir/Middlewares/ST/STM32_USB_Device_Library/Class/MSC/Src/usbd_msc_scsi.c.obj
 .text.SCSI_Write10
                0x0800a4fa      0x18a CMakeFiles/SleepWell.dir/Middlewares/ST/STM32_USB_Device_Library/Class/MSC/Src/usbd_msc_scsi.c.obj
 .text.SCSI_Write12
                0x0800a684      0x1aa CMakeFiles/SleepWell.dir/Middlewares/ST/STM32_USB_Device_Library/Class/MSC/Src/usbd_msc_scsi.c.obj
 .text.SCSI_Verify10
                0x0800a82e       0x72 CMakeFiles/SleepWell.dir/Middlewares/ST/STM32_USB_Device_Library/Class/MSC/Src/usbd_msc_scsi.c.obj
 .text.SCSI_CheckAddressRange
                0x0800a8a0       0x50 CMakeFiles/SleepWell.dir/Middlewares/ST/STM32_USB_Device_Library/Class/MSC/Src/usbd_msc_scsi.c.obj
 .text.SCSI_ProcessRead
                0x0800a8f0       0xf2 CMakeFiles/SleepWell.dir/Middlewares/ST/STM32_USB_Device_Library/Class/MSC/Src/usbd_msc_scsi.c.obj
 .text.SCSI_ProcessWrite
                0x0800a9e2      0x112 CMakeFiles/SleepWell.dir/Middlewares/ST/STM32_USB_Device_Library/Class/MSC/Src/usbd_msc_scsi.c.obj
 .text.SCSI_UpdateBotData
                0x0800aaf4       0x52 CMakeFiles/SleepWell.dir/Middlewares/ST/STM32_USB_Device_Library/Class/MSC/Src/usbd_msc_scsi.c.obj
 *fill*         0x0800ab46        0x2 
 .text.Reset_Handler
                0x0800ab48       0x50 CMakeFiles/SleepWell.dir/startup_stm32g431xx.s.obj
                0x0800ab48                Reset_Handler
 .text.Default_Handler
                0x0800ab98        0x2 CMakeFiles/SleepWell.dir/startup_stm32g431xx.s.obj
                0x0800ab98                RTC_Alarm_IRQHandler
                0x0800ab98                EXTI2_IRQHandler
                0x0800ab98                TIM8_TRG_COM_IRQHandler
                0x0800ab98                TIM8_CC_IRQHandler
                0x0800ab98                TIM1_CC_IRQHandler
                0x0800ab98                USB_HP_IRQHandler
                0x0800ab98                CORDIC_IRQHandler
                0x0800ab98                EXTI3_IRQHandler
                0x0800ab98                I2C3_ER_IRQHandler
                0x0800ab98                I2C2_EV_IRQHandler
                0x0800ab98                FPU_IRQHandler
                0x0800ab98                FDCAN1_IT1_IRQHandler
                0x0800ab98                TIM1_UP_TIM16_IRQHandler
                0x0800ab98                ADC1_2_IRQHandler
                0x0800ab98                SPI1_IRQHandler
                0x0800ab98                TIM6_DAC_IRQHandler
                0x0800ab98                TIM8_UP_IRQHandler
                0x0800ab98                DMA2_Channel2_IRQHandler
                0x0800ab98                DMA1_Channel4_IRQHandler
                0x0800ab98                USART3_IRQHandler
                0x0800ab98                TIM4_IRQHandler
                0x0800ab98                DMA2_Channel1_IRQHandler
                0x0800ab98                I2C1_EV_IRQHandler
                0x0800ab98                DMA1_Channel6_IRQHandler
                0x0800ab98                UART4_IRQHandler
                0x0800ab98                DMA2_Channel4_IRQHandler
                0x0800ab98                TIM3_IRQHandler
                0x0800ab98                RCC_IRQHandler
                0x0800ab98                DMA1_Channel1_IRQHandler
                0x0800ab98                Default_Handler
                0x0800ab98                RTC_TAMP_LSECSS_IRQHandler
                0x0800ab98                FMAC_IRQHandler
                0x0800ab98                EXTI15_10_IRQHandler
                0x0800ab98                TIM7_IRQHandler
                0x0800ab98                UCPD1_IRQHandler
                0x0800ab98                I2C3_EV_IRQHandler
                0x0800ab98                RTC_WKUP_IRQHandler
                0x0800ab98                PVD_PVM_IRQHandler
                0x0800ab98                SPI2_IRQHandler
                0x0800ab98                DMA2_Channel5_IRQHandler
                0x0800ab98                CRS_IRQHandler
                0x0800ab98                DMA1_Channel5_IRQHandler
                0x0800ab98                EXTI4_IRQHandler
                0x0800ab98                RNG_IRQHandler
                0x0800ab98                TIM1_TRG_COM_TIM17_IRQHandler
                0x0800ab98                DMA1_Channel3_IRQHandler
                0x0800ab98                WWDG_IRQHandler
                0x0800ab98                LPUART1_IRQHandler
                0x0800ab98                DMA2_Channel6_IRQHandler
                0x0800ab98                FDCAN1_IT0_IRQHandler
                0x0800ab98                TIM2_IRQHandler
                0x0800ab98                COMP1_2_3_IRQHandler
                0x0800ab98                EXTI1_IRQHandler
                0x0800ab98                USART2_IRQHandler
                0x0800ab98                I2C2_ER_IRQHandler
                0x0800ab98                DMA1_Channel2_IRQHandler
                0x0800ab98                TIM8_BRK_IRQHandler
                0x0800ab98                FLASH_IRQHandler
                0x0800ab98                USART1_IRQHandler
                0x0800ab98                SPI3_IRQHandler
                0x0800ab98                I2C1_ER_IRQHandler
                0x0800ab98                LPTIM1_IRQHandler
                0x0800ab98                DMAMUX_OVR_IRQHandler
                0x0800ab98                USBWakeUp_IRQHandler
                0x0800ab98                SAI1_IRQHandler
                0x0800ab98                DMA2_Channel3_IRQHandler
                0x0800ab98                COMP4_IRQHandler
                0x0800ab98                TIM1_BRK_TIM15_IRQHandler
 *(.glue_7)
 .glue_7        0x0800ab9a        0x0 linker stubs
 *(.glue_7t)
 .glue_7t       0x0800ab9a        0x0 linker stubs
 *(.eh_frame)
 *fill*         0x0800ab9a        0x2 
 .eh_frame      0x0800ab9c        0x0 C:/ST/STM32CubeCLT_1.17.0/GNU-tools-for-STM32/bin/../lib/gcc/arm-none-eabi/12.3.1/thumb/v7e-m+fp/hard/crtbegin.o
 *(.init)
 .init          0x0800ab9c        0x4 C:/ST/STM32CubeCLT_1.17.0/GNU-tools-for-STM32/bin/../lib/gcc/arm-none-eabi/12.3.1/thumb/v7e-m+fp/hard/crti.o
                0x0800ab9c                _init
 .init          0x0800aba0        0x8 C:/ST/STM32CubeCLT_1.17.0/GNU-tools-for-STM32/bin/../lib/gcc/arm-none-eabi/12.3.1/thumb/v7e-m+fp/hard/crtn.o
 *(.fini)
 .fini          0x0800aba8        0x4 C:/ST/STM32CubeCLT_1.17.0/GNU-tools-for-STM32/bin/../lib/gcc/arm-none-eabi/12.3.1/thumb/v7e-m+fp/hard/crti.o
                0x0800aba8                _fini
 .fini          0x0800abac        0x8 C:/ST/STM32CubeCLT_1.17.0/GNU-tools-for-STM32/bin/../lib/gcc/arm-none-eabi/12.3.1/thumb/v7e-m+fp/hard/crtn.o
                0x0800abb4                        . = ALIGN (0x4)
                0x0800abb4                        _etext = .

.vfp11_veneer   0x0800abb4        0x0
 .vfp11_veneer  0x0800abb4        0x0 linker stubs

.v4_bx          0x0800abb4        0x0
 .v4_bx         0x0800abb4        0x0 linker stubs

.iplt           0x0800abb4        0x0
 .iplt          0x0800abb4        0x0 C:/ST/STM32CubeCLT_1.17.0/GNU-tools-for-STM32/bin/../lib/gcc/arm-none-eabi/12.3.1/thumb/v7e-m+fp/hard/crtbegin.o

.rodata         0x0800abb4       0x78
                0x0800abb4                        . = ALIGN (0x4)
 *(.rodata)
 .rodata        0x0800abb4       0x42 CMakeFiles/SleepWell.dir/USB_Device/App/usbd_desc.c.obj
 *(.rodata*)
 *fill*         0x0800abf6        0x2 
 .rodata.STORAGE_Inquirydata_FS
                0x0800abf8       0x24 CMakeFiles/SleepWell.dir/USB_Device/App/usbd_storage_if.c.obj
                0x0800abf8                STORAGE_Inquirydata_FS
 .rodata.AHBPrescTable
                0x0800ac1c       0x10 CMakeFiles/SleepWell.dir/Core/Src/system_stm32g4xx.c.obj
                0x0800ac1c                AHBPrescTable
                0x0800ac2c                        . = ALIGN (0x4)

.rel.dyn        0x0800ac2c        0x0
 .rel.iplt      0x0800ac2c        0x0 C:/ST/STM32CubeCLT_1.17.0/GNU-tools-for-STM32/bin/../lib/gcc/arm-none-eabi/12.3.1/thumb/v7e-m+fp/hard/crtbegin.o

.ARM.extab
 *(.ARM.extab* .gnu.linkonce.armextab.*)

.ARM            0x0800ac2c        0x0
                0x0800ac2c                        __exidx_start = .
 *(.ARM.exidx*)
                0x0800ac2c                        __exidx_end = .

.preinit_array  0x0800ac2c        0x0
                0x0800ac2c                        PROVIDE (__preinit_array_start = .)
 *(.preinit_array*)
                0x0800ac2c                        PROVIDE (__preinit_array_end = .)

.init_array     0x0800ac2c        0x4
                0x0800ac2c                        PROVIDE (__init_array_start = .)
 *(SORT_BY_NAME(.init_array.*))
 *(.init_array*)
 .init_array    0x0800ac2c        0x4 C:/ST/STM32CubeCLT_1.17.0/GNU-tools-for-STM32/bin/../lib/gcc/arm-none-eabi/12.3.1/thumb/v7e-m+fp/hard/crtbegin.o
                0x0800ac30                        PROVIDE (__init_array_end = .)

.fini_array     0x0800ac30        0x4
                [!provide]                        PROVIDE (__fini_array_start = .)
 *(SORT_BY_NAME(.fini_array.*))
 *(.fini_array*)
 .fini_array    0x0800ac30        0x4 C:/ST/STM32CubeCLT_1.17.0/GNU-tools-for-STM32/bin/../lib/gcc/arm-none-eabi/12.3.1/thumb/v7e-m+fp/hard/crtbegin.o
                [!provide]                        PROVIDE (__fini_array_end = .)
                0x0800ac34                        _sidata = LOADADDR (.data)

.data           0x20000000      0x180 load address 0x0800ac34
                0x20000000                        . = ALIGN (0x4)
                0x20000000                        _sdata = .
 *(.data)
 *(.data*)
 .data.Stat     0x20000000        0x1 CMakeFiles/SleepWell.dir/FATFS/Target/user_diskio_spi.c.obj
 *fill*         0x20000001        0x3 
 .data.MSC_Desc
                0x20000004       0x20 CMakeFiles/SleepWell.dir/USB_Device/App/usbd_desc.c.obj
                0x20000004                MSC_Desc
 .data.USBD_MSC_DeviceDesc
                0x20000024       0x12 CMakeFiles/SleepWell.dir/USB_Device/App/usbd_desc.c.obj
                0x20000024                USBD_MSC_DeviceDesc
 *fill*         0x20000036        0x2 
 .data.USBD_LangIDDesc
                0x20000038        0x4 CMakeFiles/SleepWell.dir/USB_Device/App/usbd_desc.c.obj
                0x20000038                USBD_LangIDDesc
 .data.USBD_StringSerial
                0x2000003c       0x1a CMakeFiles/SleepWell.dir/USB_Device/App/usbd_desc.c.obj
                0x2000003c                USBD_StringSerial
 *fill*         0x20000056        0x2 
 .data.USBD_Storage_Interface_fops_FS
                0x20000058       0x20 CMakeFiles/SleepWell.dir/USB_Device/App/usbd_storage_if.c.obj
                0x20000058                USBD_Storage_Interface_fops_FS
 .data.USER_Driver
                0x20000078       0x14 CMakeFiles/SleepWell.dir/FATFS/Target/user_diskio.c.obj
                0x20000078                USER_Driver
 .data.uwTickPrio
                0x2000008c        0x4 CMakeFiles/SleepWell.dir/Drivers/STM32G4xx_HAL_Driver/Src/stm32g4xx_hal.c.obj
                0x2000008c                uwTickPrio
 .data.uwTickFreq
                0x20000090        0x4 CMakeFiles/SleepWell.dir/Drivers/STM32G4xx_HAL_Driver/Src/stm32g4xx_hal.c.obj
                0x20000090                uwTickFreq
 .data.SystemCoreClock
                0x20000094        0x4 CMakeFiles/SleepWell.dir/Core/Src/system_stm32g4xx.c.obj
                0x20000094                SystemCoreClock
 .data.USBD_MSC
                0x20000098       0x38 CMakeFiles/SleepWell.dir/Middlewares/ST/STM32_USB_Device_Library/Class/MSC/Src/usbd_msc.c.obj
                0x20000098                USBD_MSC
 .data.USBD_MSC_CfgHSDesc
                0x200000d0       0x20 CMakeFiles/SleepWell.dir/Middlewares/ST/STM32_USB_Device_Library/Class/MSC/Src/usbd_msc.c.obj
 .data.USBD_MSC_CfgFSDesc
                0x200000f0       0x20 CMakeFiles/SleepWell.dir/Middlewares/ST/STM32_USB_Device_Library/Class/MSC/Src/usbd_msc.c.obj
 .data.USBD_MSC_OtherSpeedCfgDesc
                0x20000110       0x20 CMakeFiles/SleepWell.dir/Middlewares/ST/STM32_USB_Device_Library/Class/MSC/Src/usbd_msc.c.obj
 .data.USBD_MSC_DeviceQualifierDesc
                0x20000130        0xa CMakeFiles/SleepWell.dir/Middlewares/ST/STM32_USB_Device_Library/Class/MSC/Src/usbd_msc.c.obj
 *fill*         0x2000013a        0x2 
 .data.MSC_Page00_Inquiry_Data
                0x2000013c        0x6 CMakeFiles/SleepWell.dir/Middlewares/ST/STM32_USB_Device_Library/Class/MSC/Src/usbd_msc_data.c.obj
                0x2000013c                MSC_Page00_Inquiry_Data
 *fill*         0x20000142        0x2 
 .data.MSC_Page80_Inquiry_Data
                0x20000144        0x8 CMakeFiles/SleepWell.dir/Middlewares/ST/STM32_USB_Device_Library/Class/MSC/Src/usbd_msc_data.c.obj
                0x20000144                MSC_Page80_Inquiry_Data
 .data.MSC_Mode_Sense6_data
                0x2000014c       0x17 CMakeFiles/SleepWell.dir/Middlewares/ST/STM32_USB_Device_Library/Class/MSC/Src/usbd_msc_data.c.obj
                0x2000014c                MSC_Mode_Sense6_data
 *fill*         0x20000163        0x1 
 .data.MSC_Mode_Sense10_data
                0x20000164       0x1b CMakeFiles/SleepWell.dir/Middlewares/ST/STM32_USB_Device_Library/Class/MSC/Src/usbd_msc_data.c.obj
                0x20000164                MSC_Mode_Sense10_data
                0x20000180                        . = ALIGN (0x4)
 *fill*         0x2000017f        0x1 
                0x20000180                        _edata = .

.igot.plt       0x20000180        0x0 load address 0x0800adb4
 .igot.plt      0x20000180        0x0 C:/ST/STM32CubeCLT_1.17.0/GNU-tools-for-STM32/bin/../lib/gcc/arm-none-eabi/12.3.1/thumb/v7e-m+fp/hard/crtbegin.o
                0x20000180                        . = ALIGN (0x4)

.bss            0x20000180      0xb20 load address 0x0800adb4
                0x20000180                        _sbss = .
                0x20000180                        __bss_start__ = _sbss
 *(.bss)
 .bss           0x20000180       0x1c C:/ST/STM32CubeCLT_1.17.0/GNU-tools-for-STM32/bin/../lib/gcc/arm-none-eabi/12.3.1/thumb/v7e-m+fp/hard/crtbegin.o
 *(.bss*)
 .bss.hi2c1     0x2000019c       0x54 CMakeFiles/SleepWell.dir/Core/Src/main.c.obj
                0x2000019c                hi2c1
 .bss.hspi1     0x200001f0       0x64 CMakeFiles/SleepWell.dir/Core/Src/main.c.obj
                0x200001f0                hspi1
 .bss.CardType  0x20000254        0x1 CMakeFiles/SleepWell.dir/FATFS/Target/user_diskio_spi.c.obj
 *fill*         0x20000255        0x3 
 .bss.spiTimerTickStart
                0x20000258        0x4 CMakeFiles/SleepWell.dir/FATFS/Target/user_diskio_spi.c.obj
                0x20000258                spiTimerTickStart
 .bss.spiTimerTickDelay
                0x2000025c        0x4 CMakeFiles/SleepWell.dir/FATFS/Target/user_diskio_spi.c.obj
                0x2000025c                spiTimerTickDelay
 .bss.hpcd_USB_FS
                0x20000260      0x2dc CMakeFiles/SleepWell.dir/USB_Device/Target/usbd_conf.c.obj
                0x20000260                hpcd_USB_FS
 .bss.mem.0     0x2000053c      0x278 CMakeFiles/SleepWell.dir/USB_Device/Target/usbd_conf.c.obj
 .bss.hUsbDeviceFS
                0x200007b4      0x2d0 CMakeFiles/SleepWell.dir/USB_Device/App/usb_device.c.obj
                0x200007b4                hUsbDeviceFS
 .bss.USBD_StrDesc
                0x20000a84      0x200 CMakeFiles/SleepWell.dir/USB_Device/App/usbd_desc.c.obj
                0x20000a84                USBD_StrDesc
 .bss.USERPath  0x20000c84        0x4 CMakeFiles/SleepWell.dir/FATFS/App/app_fatfs.c.obj
                0x20000c84                USERPath
 .bss.Appli_state
                0x20000c88        0x1 CMakeFiles/SleepWell.dir/FATFS/App/app_fatfs.c.obj
                0x20000c88                Appli_state
 *fill*         0x20000c89        0x3 
 .bss.uwTick    0x20000c8c        0x4 CMakeFiles/SleepWell.dir/Drivers/STM32G4xx_HAL_Driver/Src/stm32g4xx_hal.c.obj
                0x20000c8c                uwTick
 .bss.disk      0x20000c90        0xc CMakeFiles/SleepWell.dir/Middlewares/Third_Party/FatFs/src/ff_gen_drv.c.obj
                0x20000c90                disk
 .bss.cfgidx.0  0x20000c9c        0x1 CMakeFiles/SleepWell.dir/Middlewares/ST/STM32_USB_Device_Library/Core/Src/usbd_ctlreq.c.obj
 *(COMMON)
                0x20000ca0                        . = ALIGN (0x4)
 *fill*         0x20000c9d        0x3 
                0x20000ca0                        _ebss = .
                0x20000ca0                        __bss_end__ = _ebss

._user_heap_stack
                0x20000ca0      0x600 load address 0x0800adb4
                0x20000ca0                        . = ALIGN (0x8)
                [!provide]                        PROVIDE (end = .)
                0x20000ca0                        PROVIDE (_end = .)
                0x20000ea0                        . = (. + _Min_Heap_Size)
 *fill*         0x20000ca0      0x200 
                0x200012a0                        . = (. + _Min_Stack_Size)
 *fill*         0x20000ea0      0x400 
                0x200012a0                        . = ALIGN (0x8)

/DISCARD/
 libc.a(*)
 libm.a(*)
 libgcc.a(*)
OUTPUT(SleepWell.elf elf32-littlearm)
LOAD linker stubs
LOAD C:/ST/STM32CubeCLT_1.17.0/GNU-tools-for-STM32/bin/../lib/gcc/arm-none-eabi/12.3.1/../../../../arm-none-eabi/lib/thumb/v7e-m+fp/hard\libc.a
LOAD C:/ST/STM32CubeCLT_1.17.0/GNU-tools-for-STM32/bin/../lib/gcc/arm-none-eabi/12.3.1/../../../../arm-none-eabi/lib/thumb/v7e-m+fp/hard\libm.a
LOAD C:/ST/STM32CubeCLT_1.17.0/GNU-tools-for-STM32/bin/../lib/gcc/arm-none-eabi/12.3.1/thumb/v7e-m+fp/hard\libgcc.a

.ARM.attributes
                0x00000000       0x30
 .ARM.attributes
                0x00000000       0x22 C:/ST/STM32CubeCLT_1.17.0/GNU-tools-for-STM32/bin/../lib/gcc/arm-none-eabi/12.3.1/thumb/v7e-m+fp/hard/crti.o
 .ARM.attributes
                0x00000022       0x34 C:/ST/STM32CubeCLT_1.17.0/GNU-tools-for-STM32/bin/../lib/gcc/arm-none-eabi/12.3.1/thumb/v7e-m+fp/hard/crtbegin.o
 .ARM.attributes
                0x00000056       0x34 C:/ST/STM32CubeCLT_1.17.0/GNU-tools-for-STM32/bin/../lib/gcc/arm-none-eabi/12.3.1/../../../../arm-none-eabi/lib/thumb/v7e-m+fp/hard\libc_nano.a(libc_a-memset.o)
 .ARM.attributes
                0x0000008a       0x34 C:/ST/STM32CubeCLT_1.17.0/GNU-tools-for-STM32/bin/../lib/gcc/arm-none-eabi/12.3.1/../../../../arm-none-eabi/lib/thumb/v7e-m+fp/hard\libc_nano.a(libc_a-init.o)
 .ARM.attributes
                0x000000be       0x34 CMakeFiles/SleepWell.dir/Core/Src/main.c.obj
 .ARM.attributes
                0x000000f2       0x34 CMakeFiles/SleepWell.dir/Core/Src/sensors/adxl345.c.obj
 .ARM.attributes
                0x00000126       0x34 CMakeFiles/SleepWell.dir/FATFS/Target/user_diskio_spi.c.obj
 .ARM.attributes
                0x0000015a       0x34 CMakeFiles/SleepWell.dir/Core/Src/stm32g4xx_it.c.obj
 .ARM.attributes
                0x0000018e       0x34 CMakeFiles/SleepWell.dir/Core/Src/stm32g4xx_hal_msp.c.obj
 .ARM.attributes
                0x000001c2       0x34 CMakeFiles/SleepWell.dir/USB_Device/Target/usbd_conf.c.obj
 .ARM.attributes
                0x000001f6       0x34 CMakeFiles/SleepWell.dir/USB_Device/App/usb_device.c.obj
 .ARM.attributes
                0x0000022a       0x34 CMakeFiles/SleepWell.dir/USB_Device/App/usbd_desc.c.obj
 .ARM.attributes
                0x0000025e       0x34 CMakeFiles/SleepWell.dir/USB_Device/App/usbd_storage_if.c.obj
 .ARM.attributes
                0x00000292       0x34 CMakeFiles/SleepWell.dir/FATFS/Target/user_diskio.c.obj
 .ARM.attributes
                0x000002c6       0x34 CMakeFiles/SleepWell.dir/FATFS/App/app_fatfs.c.obj
 .ARM.attributes
                0x000002fa       0x34 CMakeFiles/SleepWell.dir/Drivers/STM32G4xx_HAL_Driver/Src/stm32g4xx_hal_pcd.c.obj
 .ARM.attributes
                0x0000032e       0x34 CMakeFiles/SleepWell.dir/Drivers/STM32G4xx_HAL_Driver/Src/stm32g4xx_hal_pcd_ex.c.obj
 .ARM.attributes
                0x00000362       0x34 CMakeFiles/SleepWell.dir/Drivers/STM32G4xx_HAL_Driver/Src/stm32g4xx_ll_usb.c.obj
 .ARM.attributes
                0x00000396       0x34 CMakeFiles/SleepWell.dir/Drivers/STM32G4xx_HAL_Driver/Src/stm32g4xx_hal.c.obj
 .ARM.attributes
                0x000003ca       0x34 CMakeFiles/SleepWell.dir/Drivers/STM32G4xx_HAL_Driver/Src/stm32g4xx_hal_rcc.c.obj
 .ARM.attributes
                0x000003fe       0x34 CMakeFiles/SleepWell.dir/Drivers/STM32G4xx_HAL_Driver/Src/stm32g4xx_hal_rcc_ex.c.obj
 .ARM.attributes
                0x00000432       0x34 CMakeFiles/SleepWell.dir/Drivers/STM32G4xx_HAL_Driver/Src/stm32g4xx_hal_gpio.c.obj
 .ARM.attributes
                0x00000466       0x34 CMakeFiles/SleepWell.dir/Drivers/STM32G4xx_HAL_Driver/Src/stm32g4xx_hal_pwr_ex.c.obj
 .ARM.attributes
                0x0000049a       0x34 CMakeFiles/SleepWell.dir/Drivers/STM32G4xx_HAL_Driver/Src/stm32g4xx_hal_cortex.c.obj
 .ARM.attributes
                0x000004ce       0x34 CMakeFiles/SleepWell.dir/Drivers/STM32G4xx_HAL_Driver/Src/stm32g4xx_hal_i2c.c.obj
 .ARM.attributes
                0x00000502       0x34 CMakeFiles/SleepWell.dir/Drivers/STM32G4xx_HAL_Driver/Src/stm32g4xx_hal_i2c_ex.c.obj
 .ARM.attributes
                0x00000536       0x34 CMakeFiles/SleepWell.dir/Drivers/STM32G4xx_HAL_Driver/Src/stm32g4xx_hal_spi.c.obj
 .ARM.attributes
                0x0000056a       0x34 CMakeFiles/SleepWell.dir/Core/Src/system_stm32g4xx.c.obj
 .ARM.attributes
                0x0000059e       0x34 CMakeFiles/SleepWell.dir/Middlewares/Third_Party/FatFs/src/ff_gen_drv.c.obj
 .ARM.attributes
                0x000005d2       0x34 CMakeFiles/SleepWell.dir/Middlewares/ST/STM32_USB_Device_Library/Core/Src/usbd_core.c.obj
 .ARM.attributes
                0x00000606       0x34 CMakeFiles/SleepWell.dir/Middlewares/ST/STM32_USB_Device_Library/Core/Src/usbd_ctlreq.c.obj
 .ARM.attributes
                0x0000063a       0x34 CMakeFiles/SleepWell.dir/Middlewares/ST/STM32_USB_Device_Library/Core/Src/usbd_ioreq.c.obj
 .ARM.attributes
                0x0000066e       0x34 CMakeFiles/SleepWell.dir/Middlewares/ST/STM32_USB_Device_Library/Class/MSC/Src/usbd_msc.c.obj
 .ARM.attributes
                0x000006a2       0x34 CMakeFiles/SleepWell.dir/Middlewares/ST/STM32_USB_Device_Library/Class/MSC/Src/usbd_msc_bot.c.obj
 .ARM.attributes
                0x000006d6       0x34 CMakeFiles/SleepWell.dir/Middlewares/ST/STM32_USB_Device_Library/Class/MSC/Src/usbd_msc_data.c.obj
 .ARM.attributes
                0x0000070a       0x34 CMakeFiles/SleepWell.dir/Middlewares/ST/STM32_USB_Device_Library/Class/MSC/Src/usbd_msc_scsi.c.obj
 .ARM.attributes
                0x0000073e       0x21 CMakeFiles/SleepWell.dir/startup_stm32g431xx.s.obj
 .ARM.attributes
                0x0000075f       0x22 C:/ST/STM32CubeCLT_1.17.0/GNU-tools-for-STM32/bin/../lib/gcc/arm-none-eabi/12.3.1/thumb/v7e-m+fp/hard/crtn.o

.comment        0x00000000       0x43
 .comment       0x00000000       0x43 CMakeFiles/SleepWell.dir/Core/Src/main.c.obj
                                 0x44 (size before relaxing)
 .comment       0x00000043       0x44 CMakeFiles/SleepWell.dir/Core/Src/sensors/adxl345.c.obj
 .comment       0x00000043       0x44 CMakeFiles/SleepWell.dir/FATFS/Target/user_diskio_spi.c.obj
 .comment       0x00000043       0x44 CMakeFiles/SleepWell.dir/Core/Src/stm32g4xx_it.c.obj
 .comment       0x00000043       0x44 CMakeFiles/SleepWell.dir/Core/Src/stm32g4xx_hal_msp.c.obj
 .comment       0x00000043       0x44 CMakeFiles/SleepWell.dir/USB_Device/Target/usbd_conf.c.obj
 .comment       0x00000043       0x44 CMakeFiles/SleepWell.dir/USB_Device/App/usb_device.c.obj
 .comment       0x00000043       0x44 CMakeFiles/SleepWell.dir/USB_Device/App/usbd_desc.c.obj
 .comment       0x00000043       0x44 CMakeFiles/SleepWell.dir/USB_Device/App/usbd_storage_if.c.obj
 .comment       0x00000043       0x44 CMakeFiles/SleepWell.dir/FATFS/Target/user_diskio.c.obj
 .comment       0x00000043       0x44 CMakeFiles/SleepWell.dir/FATFS/App/app_fatfs.c.obj
 .comment       0x00000043       0x44 CMakeFiles/SleepWell.dir/Drivers/STM32G4xx_HAL_Driver/Src/stm32g4xx_hal_pcd.c.obj
 .comment       0x00000043       0x44 CMakeFiles/SleepWell.dir/Drivers/STM32G4xx_HAL_Driver/Src/stm32g4xx_hal_pcd_ex.c.obj
 .comment       0x00000043       0x44 CMakeFiles/SleepWell.dir/Drivers/STM32G4xx_HAL_Driver/Src/stm32g4xx_ll_usb.c.obj
 .comment       0x00000043       0x44 CMakeFiles/SleepWell.dir/Drivers/STM32G4xx_HAL_Driver/Src/stm32g4xx_hal.c.obj
 .comment       0x00000043       0x44 CMakeFiles/SleepWell.dir/Drivers/STM32G4xx_HAL_Driver/Src/stm32g4xx_hal_rcc.c.obj
 .comment       0x00000043       0x44 CMakeFiles/SleepWell.dir/Drivers/STM32G4xx_HAL_Driver/Src/stm32g4xx_hal_rcc_ex.c.obj
 .comment       0x00000043       0x44 CMakeFiles/SleepWell.dir/Drivers/STM32G4xx_HAL_Driver/Src/stm32g4xx_hal_gpio.c.obj
 .comment       0x00000043       0x44 CMakeFiles/SleepWell.dir/Drivers/STM32G4xx_HAL_Driver/Src/stm32g4xx_hal_pwr_ex.c.obj
 .comment       0x00000043       0x44 CMakeFiles/SleepWell.dir/Drivers/STM32G4xx_HAL_Driver/Src/stm32g4xx_hal_cortex.c.obj
 .comment       0x00000043       0x44 CMakeFiles/SleepWell.dir/Drivers/STM32G4xx_HAL_Driver/Src/stm32g4xx_hal_i2c.c.obj
 .comment       0x00000043       0x44 CMakeFiles/SleepWell.dir/Drivers/STM32G4xx_HAL_Driver/Src/stm32g4xx_hal_i2c_ex.c.obj
 .comment       0x00000043       0x44 CMakeFiles/SleepWell.dir/Drivers/STM32G4xx_HAL_Driver/Src/stm32g4xx_hal_spi.c.obj
 .comment       0x00000043       0x44 CMakeFiles/SleepWell.dir/Core/Src/system_stm32g4xx.c.obj
 .comment       0x00000043       0x44 CMakeFiles/SleepWell.dir/Middlewares/Third_Party/FatFs/src/ff_gen_drv.c.obj
 .comment       0x00000043       0x44 CMakeFiles/SleepWell.dir/Middlewares/ST/STM32_USB_Device_Library/Core/Src/usbd_core.c.obj
 .comment       0x00000043       0x44 CMakeFiles/SleepWell.dir/Middlewares/ST/STM32_USB_Device_Library/Core/Src/usbd_ctlreq.c.obj
 .comment       0x00000043       0x44 CMakeFiles/SleepWell.dir/Middlewares/ST/STM32_USB_Device_Library/Core/Src/usbd_ioreq.c.obj
 .comment       0x00000043       0x44 CMakeFiles/SleepWell.dir/Middlewares/ST/STM32_USB_Device_Library/Class/MSC/Src/usbd_msc.c.obj
 .comment       0x00000043       0x44 CMakeFiles/SleepWell.dir/Middlewares/ST/STM32_USB_Device_Library/Class/MSC/Src/usbd_msc_bot.c.obj
 .comment       0x00000043       0x44 CMakeFiles/SleepWell.dir/Middlewares/ST/STM32_USB_Device_Library/Class/MSC/Src/usbd_msc_data.c.obj
 .comment       0x00000043       0x44 CMakeFiles/SleepWell.dir/Middlewares/ST/STM32_USB_Device_Library/Class/MSC/Src/usbd_msc_scsi.c.obj

.debug_frame    0x00000000     0x515c
 .debug_frame   0x00000000       0x20 C:/ST/STM32CubeCLT_1.17.0/GNU-tools-for-STM32/bin/../lib/gcc/arm-none-eabi/12.3.1/../../../../arm-none-eabi/lib/thumb/v7e-m+fp/hard\libc_nano.a(libc_a-memset.o)
 .debug_frame   0x00000020       0x2c C:/ST/STM32CubeCLT_1.17.0/GNU-tools-for-STM32/bin/../lib/gcc/arm-none-eabi/12.3.1/../../../../arm-none-eabi/lib/thumb/v7e-m+fp/hard\libc_nano.a(libc_a-init.o)
 .debug_frame   0x0000004c       0xc4 CMakeFiles/SleepWell.dir/Core/Src/main.c.obj
 .debug_frame   0x00000110       0xf0 CMakeFiles/SleepWell.dir/Core/Src/sensors/adxl345.c.obj
 .debug_frame   0x00000200      0x248 CMakeFiles/SleepWell.dir/FATFS/Target/user_diskio_spi.c.obj
 .debug_frame   0x00000448      0x158 CMakeFiles/SleepWell.dir/Core/Src/stm32g4xx_it.c.obj
 .debug_frame   0x000005a0       0xc4 CMakeFiles/SleepWell.dir/Core/Src/stm32g4xx_hal_msp.c.obj
 .debug_frame   0x00000664      0x4bc CMakeFiles/SleepWell.dir/USB_Device/Target/usbd_conf.c.obj
 .debug_frame   0x00000b20       0x2c CMakeFiles/SleepWell.dir/USB_Device/App/usb_device.c.obj
 .debug_frame   0x00000b4c      0x160 CMakeFiles/SleepWell.dir/USB_Device/App/usbd_desc.c.obj
 .debug_frame   0x00000cac      0x110 CMakeFiles/SleepWell.dir/USB_Device/App/usbd_storage_if.c.obj
 .debug_frame   0x00000dbc       0xc4 CMakeFiles/SleepWell.dir/FATFS/Target/user_diskio.c.obj
 .debug_frame   0x00000e80       0x74 CMakeFiles/SleepWell.dir/FATFS/App/app_fatfs.c.obj
 .debug_frame   0x00000ef4      0x56c CMakeFiles/SleepWell.dir/Drivers/STM32G4xx_HAL_Driver/Src/stm32g4xx_hal_pcd.c.obj
 .debug_frame   0x00001460      0x14c CMakeFiles/SleepWell.dir/Drivers/STM32G4xx_HAL_Driver/Src/stm32g4xx_hal_pcd_ex.c.obj
 .debug_frame   0x000015ac      0x380 CMakeFiles/SleepWell.dir/Drivers/STM32G4xx_HAL_Driver/Src/stm32g4xx_ll_usb.c.obj
 .debug_frame   0x0000192c      0x500 CMakeFiles/SleepWell.dir/Drivers/STM32G4xx_HAL_Driver/Src/stm32g4xx_hal.c.obj
 .debug_frame   0x00001e2c      0x23c CMakeFiles/SleepWell.dir/Drivers/STM32G4xx_HAL_Driver/Src/stm32g4xx_hal_rcc.c.obj
 .debug_frame   0x00002068      0x2ac CMakeFiles/SleepWell.dir/Drivers/STM32G4xx_HAL_Driver/Src/stm32g4xx_hal_rcc_ex.c.obj
 .debug_frame   0x00002314      0x14c CMakeFiles/SleepWell.dir/Drivers/STM32G4xx_HAL_Driver/Src/stm32g4xx_hal_gpio.c.obj
 .debug_frame   0x00002460      0x4fc CMakeFiles/SleepWell.dir/Drivers/STM32G4xx_HAL_Driver/Src/stm32g4xx_hal_pwr_ex.c.obj
 .debug_frame   0x0000295c      0x4e8 CMakeFiles/SleepWell.dir/Drivers/STM32G4xx_HAL_Driver/Src/stm32g4xx_hal_cortex.c.obj
 .debug_frame   0x00002e44      0xc38 CMakeFiles/SleepWell.dir/Drivers/STM32G4xx_HAL_Driver/Src/stm32g4xx_hal_i2c.c.obj
 .debug_frame   0x00003a7c      0x100 CMakeFiles/SleepWell.dir/Drivers/STM32G4xx_HAL_Driver/Src/stm32g4xx_hal_i2c_ex.c.obj
 .debug_frame   0x00003b7c      0x860 CMakeFiles/SleepWell.dir/Drivers/STM32G4xx_HAL_Driver/Src/stm32g4xx_hal_spi.c.obj
 .debug_frame   0x000043dc       0x58 CMakeFiles/SleepWell.dir/Core/Src/system_stm32g4xx.c.obj
 .debug_frame   0x00004434       0xc8 CMakeFiles/SleepWell.dir/Middlewares/Third_Party/FatFs/src/ff_gen_drv.c.obj
 .debug_frame   0x000044fc      0x2f4 CMakeFiles/SleepWell.dir/Middlewares/ST/STM32_USB_Device_Library/Core/Src/usbd_core.c.obj
 .debug_frame   0x000047f0      0x23c CMakeFiles/SleepWell.dir/Middlewares/ST/STM32_USB_Device_Library/Core/Src/usbd_ctlreq.c.obj
 .debug_frame   0x00004a2c      0x10c CMakeFiles/SleepWell.dir/Middlewares/ST/STM32_USB_Device_Library/Core/Src/usbd_ioreq.c.obj
 .debug_frame   0x00004b38      0x18c CMakeFiles/SleepWell.dir/Middlewares/ST/STM32_USB_Device_Library/Class/MSC/Src/usbd_msc.c.obj
 .debug_frame   0x00004cc4      0x17c CMakeFiles/SleepWell.dir/Middlewares/ST/STM32_USB_Device_Library/Class/MSC/Src/usbd_msc_bot.c.obj
 .debug_frame   0x00004e40      0x31c CMakeFiles/SleepWell.dir/Middlewares/ST/STM32_USB_Device_Library/Class/MSC/Src/usbd_msc_scsi.c.obj

.debug_info     0x00000000    0x17ebb
 .debug_info    0x00000000     0x12f1 CMakeFiles/SleepWell.dir/Core/Src/main.c.obj
 .debug_info    0x000012f1      0x9b7 CMakeFiles/SleepWell.dir/Core/Src/sensors/adxl345.c.obj
 .debug_info    0x00001ca8      0xd2f CMakeFiles/SleepWell.dir/FATFS/Target/user_diskio_spi.c.obj
 .debug_info    0x000029d7      0x744 CMakeFiles/SleepWell.dir/Core/Src/stm32g4xx_it.c.obj
 .debug_info    0x0000311b      0xf77 CMakeFiles/SleepWell.dir/Core/Src/stm32g4xx_hal_msp.c.obj
 .debug_info    0x00004092     0x1cbc CMakeFiles/SleepWell.dir/USB_Device/Target/usbd_conf.c.obj
 .debug_info    0x00005d4e      0x703 CMakeFiles/SleepWell.dir/USB_Device/App/usb_device.c.obj
 .debug_info    0x00006451      0x45f CMakeFiles/SleepWell.dir/USB_Device/App/usbd_desc.c.obj
 .debug_info    0x000068b0      0x4e2 CMakeFiles/SleepWell.dir/USB_Device/App/usbd_storage_if.c.obj
 .debug_info    0x00006d92      0x3aa CMakeFiles/SleepWell.dir/FATFS/Target/user_diskio.c.obj
 .debug_info    0x0000713c      0x545 CMakeFiles/SleepWell.dir/FATFS/App/app_fatfs.c.obj
 .debug_info    0x00007681     0x1610 CMakeFiles/SleepWell.dir/Drivers/STM32G4xx_HAL_Driver/Src/stm32g4xx_hal_pcd.c.obj
 .debug_info    0x00008c91      0x80a CMakeFiles/SleepWell.dir/Drivers/STM32G4xx_HAL_Driver/Src/stm32g4xx_hal_pcd_ex.c.obj
 .debug_info    0x0000949b     0x1577 CMakeFiles/SleepWell.dir/Drivers/STM32G4xx_HAL_Driver/Src/stm32g4xx_ll_usb.c.obj
 .debug_info    0x0000aa12      0xadb CMakeFiles/SleepWell.dir/Drivers/STM32G4xx_HAL_Driver/Src/stm32g4xx_hal.c.obj
 .debug_info    0x0000b4ed      0xb82 CMakeFiles/SleepWell.dir/Drivers/STM32G4xx_HAL_Driver/Src/stm32g4xx_hal_rcc.c.obj
 .debug_info    0x0000c06f      0xc15 CMakeFiles/SleepWell.dir/Drivers/STM32G4xx_HAL_Driver/Src/stm32g4xx_hal_rcc_ex.c.obj
 .debug_info    0x0000cc84      0x763 CMakeFiles/SleepWell.dir/Drivers/STM32G4xx_HAL_Driver/Src/stm32g4xx_hal_gpio.c.obj
 .debug_info    0x0000d3e7      0x93f CMakeFiles/SleepWell.dir/Drivers/STM32G4xx_HAL_Driver/Src/stm32g4xx_hal_pwr_ex.c.obj
 .debug_info    0x0000dd26      0xd3f CMakeFiles/SleepWell.dir/Drivers/STM32G4xx_HAL_Driver/Src/stm32g4xx_hal_cortex.c.obj
 .debug_info    0x0000ea65     0x21ea CMakeFiles/SleepWell.dir/Drivers/STM32G4xx_HAL_Driver/Src/stm32g4xx_hal_i2c.c.obj
 .debug_info    0x00010c4f      0xad6 CMakeFiles/SleepWell.dir/Drivers/STM32G4xx_HAL_Driver/Src/stm32g4xx_hal_i2c_ex.c.obj
 .debug_info    0x00011725     0x1677 CMakeFiles/SleepWell.dir/Drivers/STM32G4xx_HAL_Driver/Src/stm32g4xx_hal_spi.c.obj
 .debug_info    0x00012d9c      0x58e CMakeFiles/SleepWell.dir/Core/Src/system_stm32g4xx.c.obj
 .debug_info    0x0001332a      0x37f CMakeFiles/SleepWell.dir/Middlewares/Third_Party/FatFs/src/ff_gen_drv.c.obj
 .debug_info    0x000136a9      0xb1b CMakeFiles/SleepWell.dir/Middlewares/ST/STM32_USB_Device_Library/Core/Src/usbd_core.c.obj
 .debug_info    0x000141c4      0xa57 CMakeFiles/SleepWell.dir/Middlewares/ST/STM32_USB_Device_Library/Core/Src/usbd_ctlreq.c.obj
 .debug_info    0x00014c1b      0x720 CMakeFiles/SleepWell.dir/Middlewares/ST/STM32_USB_Device_Library/Core/Src/usbd_ioreq.c.obj
 .debug_info    0x0001533b      0xca6 CMakeFiles/SleepWell.dir/Middlewares/ST/STM32_USB_Device_Library/Class/MSC/Src/usbd_msc.c.obj
 .debug_info    0x00015fe1      0xc0a CMakeFiles/SleepWell.dir/Middlewares/ST/STM32_USB_Device_Library/Class/MSC/Src/usbd_msc_bot.c.obj
 .debug_info    0x00016beb      0x127 CMakeFiles/SleepWell.dir/Middlewares/ST/STM32_USB_Device_Library/Class/MSC/Src/usbd_msc_data.c.obj
 .debug_info    0x00016d12     0x1179 CMakeFiles/SleepWell.dir/Middlewares/ST/STM32_USB_Device_Library/Class/MSC/Src/usbd_msc_scsi.c.obj
 .debug_info    0x00017e8b       0x30 CMakeFiles/SleepWell.dir/startup_stm32g431xx.s.obj

.debug_abbrev   0x00000000     0x4659
 .debug_abbrev  0x00000000      0x2cd CMakeFiles/SleepWell.dir/Core/Src/main.c.obj
 .debug_abbrev  0x000002cd      0x1f9 CMakeFiles/SleepWell.dir/Core/Src/sensors/adxl345.c.obj
 .debug_abbrev  0x000004c6      0x316 CMakeFiles/SleepWell.dir/FATFS/Target/user_diskio_spi.c.obj
 .debug_abbrev  0x000007dc      0x1e0 CMakeFiles/SleepWell.dir/Core/Src/stm32g4xx_it.c.obj
 .debug_abbrev  0x000009bc      0x1f2 CMakeFiles/SleepWell.dir/Core/Src/stm32g4xx_hal_msp.c.obj
 .debug_abbrev  0x00000bae      0x32c CMakeFiles/SleepWell.dir/USB_Device/Target/usbd_conf.c.obj
 .debug_abbrev  0x00000eda      0x1a4 CMakeFiles/SleepWell.dir/USB_Device/App/usb_device.c.obj
 .debug_abbrev  0x0000107e      0x20e CMakeFiles/SleepWell.dir/USB_Device/App/usbd_desc.c.obj
 .debug_abbrev  0x0000128c      0x215 CMakeFiles/SleepWell.dir/USB_Device/App/usbd_storage_if.c.obj
 .debug_abbrev  0x000014a1      0x143 CMakeFiles/SleepWell.dir/FATFS/Target/user_diskio.c.obj
 .debug_abbrev  0x000015e4      0x1a6 CMakeFiles/SleepWell.dir/FATFS/App/app_fatfs.c.obj
 .debug_abbrev  0x0000178a      0x2b9 CMakeFiles/SleepWell.dir/Drivers/STM32G4xx_HAL_Driver/Src/stm32g4xx_hal_pcd.c.obj
 .debug_abbrev  0x00001a43      0x228 CMakeFiles/SleepWell.dir/Drivers/STM32G4xx_HAL_Driver/Src/stm32g4xx_hal_pcd_ex.c.obj
 .debug_abbrev  0x00001c6b      0x247 CMakeFiles/SleepWell.dir/Drivers/STM32G4xx_HAL_Driver/Src/stm32g4xx_ll_usb.c.obj
 .debug_abbrev  0x00001eb2      0x271 CMakeFiles/SleepWell.dir/Drivers/STM32G4xx_HAL_Driver/Src/stm32g4xx_hal.c.obj
 .debug_abbrev  0x00002123      0x2c9 CMakeFiles/SleepWell.dir/Drivers/STM32G4xx_HAL_Driver/Src/stm32g4xx_hal_rcc.c.obj
 .debug_abbrev  0x000023ec      0x258 CMakeFiles/SleepWell.dir/Drivers/STM32G4xx_HAL_Driver/Src/stm32g4xx_hal_rcc_ex.c.obj
 .debug_abbrev  0x00002644      0x1cb CMakeFiles/SleepWell.dir/Drivers/STM32G4xx_HAL_Driver/Src/stm32g4xx_hal_gpio.c.obj
 .debug_abbrev  0x0000280f      0x22c CMakeFiles/SleepWell.dir/Drivers/STM32G4xx_HAL_Driver/Src/stm32g4xx_hal_pwr_ex.c.obj
 .debug_abbrev  0x00002a3b      0x31c CMakeFiles/SleepWell.dir/Drivers/STM32G4xx_HAL_Driver/Src/stm32g4xx_hal_cortex.c.obj
 .debug_abbrev  0x00002d57      0x25e CMakeFiles/SleepWell.dir/Drivers/STM32G4xx_HAL_Driver/Src/stm32g4xx_hal_i2c.c.obj
 .debug_abbrev  0x00002fb5      0x1c0 CMakeFiles/SleepWell.dir/Drivers/STM32G4xx_HAL_Driver/Src/stm32g4xx_hal_i2c_ex.c.obj
 .debug_abbrev  0x00003175      0x25d CMakeFiles/SleepWell.dir/Drivers/STM32G4xx_HAL_Driver/Src/stm32g4xx_hal_spi.c.obj
 .debug_abbrev  0x000033d2      0x11a CMakeFiles/SleepWell.dir/Core/Src/system_stm32g4xx.c.obj
 .debug_abbrev  0x000034ec      0x19f CMakeFiles/SleepWell.dir/Middlewares/Third_Party/FatFs/src/ff_gen_drv.c.obj
 .debug_abbrev  0x0000368b      0x24f CMakeFiles/SleepWell.dir/Middlewares/ST/STM32_USB_Device_Library/Core/Src/usbd_core.c.obj
 .debug_abbrev  0x000038da      0x27e CMakeFiles/SleepWell.dir/Middlewares/ST/STM32_USB_Device_Library/Core/Src/usbd_ctlreq.c.obj
 .debug_abbrev  0x00003b58      0x1a9 CMakeFiles/SleepWell.dir/Middlewares/ST/STM32_USB_Device_Library/Core/Src/usbd_ioreq.c.obj
 .debug_abbrev  0x00003d01      0x2cf CMakeFiles/SleepWell.dir/Middlewares/ST/STM32_USB_Device_Library/Class/MSC/Src/usbd_msc.c.obj
 .debug_abbrev  0x00003fd0      0x2e0 CMakeFiles/SleepWell.dir/Middlewares/ST/STM32_USB_Device_Library/Class/MSC/Src/usbd_msc_bot.c.obj
 .debug_abbrev  0x000042b0       0x6f CMakeFiles/SleepWell.dir/Middlewares/ST/STM32_USB_Device_Library/Class/MSC/Src/usbd_msc_data.c.obj
 .debug_abbrev  0x0000431f      0x316 CMakeFiles/SleepWell.dir/Middlewares/ST/STM32_USB_Device_Library/Class/MSC/Src/usbd_msc_scsi.c.obj
 .debug_abbrev  0x00004635       0x24 CMakeFiles/SleepWell.dir/startup_stm32g431xx.s.obj

.debug_aranges  0x00000000     0x1478
 .debug_aranges
                0x00000000       0x48 CMakeFiles/SleepWell.dir/Core/Src/main.c.obj
 .debug_aranges
                0x00000048       0x48 CMakeFiles/SleepWell.dir/Core/Src/sensors/adxl345.c.obj
 .debug_aranges
                0x00000090       0x98 CMakeFiles/SleepWell.dir/FATFS/Target/user_diskio_spi.c.obj
 .debug_aranges
                0x00000128       0x78 CMakeFiles/SleepWell.dir/Core/Src/stm32g4xx_it.c.obj
 .debug_aranges
                0x000001a0       0x40 CMakeFiles/SleepWell.dir/Core/Src/stm32g4xx_hal_msp.c.obj
 .debug_aranges
                0x000001e0      0x120 CMakeFiles/SleepWell.dir/USB_Device/Target/usbd_conf.c.obj
 .debug_aranges
                0x00000300       0x20 CMakeFiles/SleepWell.dir/USB_Device/App/usb_device.c.obj
 .debug_aranges
                0x00000320       0x60 CMakeFiles/SleepWell.dir/USB_Device/App/usbd_desc.c.obj
 .debug_aranges
                0x00000380       0x50 CMakeFiles/SleepWell.dir/USB_Device/App/usbd_storage_if.c.obj
 .debug_aranges
                0x000003d0       0x40 CMakeFiles/SleepWell.dir/FATFS/Target/user_diskio.c.obj
 .debug_aranges
                0x00000410       0x30 CMakeFiles/SleepWell.dir/FATFS/App/app_fatfs.c.obj
 .debug_aranges
                0x00000440      0x138 CMakeFiles/SleepWell.dir/Drivers/STM32G4xx_HAL_Driver/Src/stm32g4xx_hal_pcd.c.obj
 .debug_aranges
                0x00000578       0x58 CMakeFiles/SleepWell.dir/Drivers/STM32G4xx_HAL_Driver/Src/stm32g4xx_hal_pcd_ex.c.obj
 .debug_aranges
                0x000005d0       0xc8 CMakeFiles/SleepWell.dir/Drivers/STM32G4xx_HAL_Driver/Src/stm32g4xx_ll_usb.c.obj
 .debug_aranges
                0x00000698      0x148 CMakeFiles/SleepWell.dir/Drivers/STM32G4xx_HAL_Driver/Src/stm32g4xx_hal.c.obj
 .debug_aranges
                0x000007e0       0x98 CMakeFiles/SleepWell.dir/Drivers/STM32G4xx_HAL_Driver/Src/stm32g4xx_hal_rcc.c.obj
 .debug_aranges
                0x00000878       0xb0 CMakeFiles/SleepWell.dir/Drivers/STM32G4xx_HAL_Driver/Src/stm32g4xx_hal_rcc_ex.c.obj
 .debug_aranges
                0x00000928       0x58 CMakeFiles/SleepWell.dir/Drivers/STM32G4xx_HAL_Driver/Src/stm32g4xx_hal_gpio.c.obj
 .debug_aranges
                0x00000980      0x140 CMakeFiles/SleepWell.dir/Drivers/STM32G4xx_HAL_Driver/Src/stm32g4xx_hal_pwr_ex.c.obj
 .debug_aranges
                0x00000ac0      0x128 CMakeFiles/SleepWell.dir/Drivers/STM32G4xx_HAL_Driver/Src/stm32g4xx_hal_cortex.c.obj
 .debug_aranges
                0x00000be8      0x2a0 CMakeFiles/SleepWell.dir/Drivers/STM32G4xx_HAL_Driver/Src/stm32g4xx_hal_i2c.c.obj
 .debug_aranges
                0x00000e88       0x48 CMakeFiles/SleepWell.dir/Drivers/STM32G4xx_HAL_Driver/Src/stm32g4xx_hal_i2c_ex.c.obj
 .debug_aranges
                0x00000ed0      0x1d8 CMakeFiles/SleepWell.dir/Drivers/STM32G4xx_HAL_Driver/Src/stm32g4xx_hal_spi.c.obj
 .debug_aranges
                0x000010a8       0x28 CMakeFiles/SleepWell.dir/Core/Src/system_stm32g4xx.c.obj
 .debug_aranges
                0x000010d0       0x40 CMakeFiles/SleepWell.dir/Middlewares/Third_Party/FatFs/src/ff_gen_drv.c.obj
 .debug_aranges
                0x00001110       0xb8 CMakeFiles/SleepWell.dir/Middlewares/ST/STM32_USB_Device_Library/Core/Src/usbd_core.c.obj
 .debug_aranges
                0x000011c8       0x90 CMakeFiles/SleepWell.dir/Middlewares/ST/STM32_USB_Device_Library/Core/Src/usbd_ctlreq.c.obj
 .debug_aranges
                0x00001258       0x50 CMakeFiles/SleepWell.dir/Middlewares/ST/STM32_USB_Device_Library/Core/Src/usbd_ioreq.c.obj
 .debug_aranges
                0x000012a8       0x68 CMakeFiles/SleepWell.dir/Middlewares/ST/STM32_USB_Device_Library/Class/MSC/Src/usbd_msc.c.obj
 .debug_aranges
                0x00001310       0x68 CMakeFiles/SleepWell.dir/Middlewares/ST/STM32_USB_Device_Library/Class/MSC/Src/usbd_msc_bot.c.obj
 .debug_aranges
                0x00001378       0x18 CMakeFiles/SleepWell.dir/Middlewares/ST/STM32_USB_Device_Library/Class/MSC/Src/usbd_msc_data.c.obj
 .debug_aranges
                0x00001390       0xc0 CMakeFiles/SleepWell.dir/Middlewares/ST/STM32_USB_Device_Library/Class/MSC/Src/usbd_msc_scsi.c.obj
 .debug_aranges
                0x00001450       0x28 CMakeFiles/SleepWell.dir/startup_stm32g431xx.s.obj

.debug_rnglists
                0x00000000      0xf54
 .debug_rnglists
                0x00000000       0x34 CMakeFiles/SleepWell.dir/Core/Src/main.c.obj
 .debug_rnglists
                0x00000034       0x34 CMakeFiles/SleepWell.dir/Core/Src/sensors/adxl345.c.obj
 .debug_rnglists
                0x00000068       0x72 CMakeFiles/SleepWell.dir/FATFS/Target/user_diskio_spi.c.obj
 .debug_rnglists
                0x000000da       0x55 CMakeFiles/SleepWell.dir/Core/Src/stm32g4xx_it.c.obj
 .debug_rnglists
                0x0000012f       0x2d CMakeFiles/SleepWell.dir/Core/Src/stm32g4xx_hal_msp.c.obj
 .debug_rnglists
                0x0000015c       0xd4 CMakeFiles/SleepWell.dir/USB_Device/Target/usbd_conf.c.obj
 .debug_rnglists
                0x00000230       0x13 CMakeFiles/SleepWell.dir/USB_Device/App/usb_device.c.obj
 .debug_rnglists
                0x00000243       0x43 CMakeFiles/SleepWell.dir/USB_Device/App/usbd_desc.c.obj
 .debug_rnglists
                0x00000286       0x37 CMakeFiles/SleepWell.dir/USB_Device/App/usbd_storage_if.c.obj
 .debug_rnglists
                0x000002bd       0x2b CMakeFiles/SleepWell.dir/FATFS/Target/user_diskio.c.obj
 .debug_rnglists
                0x000002e8       0x1f CMakeFiles/SleepWell.dir/FATFS/App/app_fatfs.c.obj
 .debug_rnglists
                0x00000307       0xee CMakeFiles/SleepWell.dir/Drivers/STM32G4xx_HAL_Driver/Src/stm32g4xx_hal_pcd.c.obj
 .debug_rnglists
                0x000003f5       0x3f CMakeFiles/SleepWell.dir/Drivers/STM32G4xx_HAL_Driver/Src/stm32g4xx_hal_pcd_ex.c.obj
 .debug_rnglists
                0x00000434       0x99 CMakeFiles/SleepWell.dir/Drivers/STM32G4xx_HAL_Driver/Src/stm32g4xx_ll_usb.c.obj
 .debug_rnglists
                0x000004cd       0xf1 CMakeFiles/SleepWell.dir/Drivers/STM32G4xx_HAL_Driver/Src/stm32g4xx_hal.c.obj
 .debug_rnglists
                0x000005be       0x74 CMakeFiles/SleepWell.dir/Drivers/STM32G4xx_HAL_Driver/Src/stm32g4xx_hal_rcc.c.obj
 .debug_rnglists
                0x00000632       0x87 CMakeFiles/SleepWell.dir/Drivers/STM32G4xx_HAL_Driver/Src/stm32g4xx_hal_rcc_ex.c.obj
 .debug_rnglists
                0x000006b9       0x3f CMakeFiles/SleepWell.dir/Drivers/STM32G4xx_HAL_Driver/Src/stm32g4xx_hal_gpio.c.obj
 .debug_rnglists
                0x000006f8       0xf1 CMakeFiles/SleepWell.dir/Drivers/STM32G4xx_HAL_Driver/Src/stm32g4xx_hal_pwr_ex.c.obj
 .debug_rnglists