Archive member included to satisfy reference by file (symbol)

C:/ST/STM32CubeCLT_1.17.0/GNU-tools-for-STM32/bin/../lib/gcc/arm-none-eabi/12.3.1/../../../../arm-none-eabi/lib/thumb/v7e-m+fp/hard\libc_nano.a(libc_a-exit.o)
                              C:/ST/STM32CubeCLT_1.17.0/GNU-tools-for-STM32/bin/../lib/gcc/arm-none-eabi/12.3.1/../../../../arm-none-eabi/lib/thumb/v7e-m+fp/hard/crt0.o (exit)
C:/ST/STM32CubeCLT_1.17.0/GNU-tools-for-STM32/bin/../lib/gcc/arm-none-eabi/12.3.1/../../../../arm-none-eabi/lib/thumb/v7e-m+fp/hard\libc_nano.a(libc_a-findfp.o)
                              C:/ST/STM32CubeCLT_1.17.0/GNU-tools-for-STM32/bin/../lib/gcc/arm-none-eabi/12.3.1/../../../../arm-none-eabi/lib/thumb/v7e-m+fp/hard\libc_nano.a(libc_a-exit.o) (__stdio_exit_handler)
C:/ST/STM32CubeCLT_1.17.0/GNU-tools-for-STM32/bin/../lib/gcc/arm-none-eabi/12.3.1/../../../../arm-none-eabi/lib/thumb/v7e-m+fp/hard\libc_nano.a(libc_a-fwalk.o)
                              C:/ST/STM32CubeCLT_1.17.0/GNU-tools-for-STM32/bin/../lib/gcc/arm-none-eabi/12.3.1/../../../../arm-none-eabi/lib/thumb/v7e-m+fp/hard\libc_nano.a(libc_a-findfp.o) (_fwalk_sglue)
C:/ST/STM32CubeCLT_1.17.0/GNU-tools-for-STM32/bin/../lib/gcc/arm-none-eabi/12.3.1/../../../../arm-none-eabi/lib/thumb/v7e-m+fp/hard\libc_nano.a(libc_a-stdio.o)
                              C:/ST/STM32CubeCLT_1.17.0/GNU-tools-for-STM32/bin/../lib/gcc/arm-none-eabi/12.3.1/../../../../arm-none-eabi/lib/thumb/v7e-m+fp/hard\libc_nano.a(libc_a-findfp.o) (__sread)
C:/ST/STM32CubeCLT_1.17.0/GNU-tools-for-STM32/bin/../lib/gcc/arm-none-eabi/12.3.1/../../../../arm-none-eabi/lib/thumb/v7e-m+fp/hard\libc_nano.a(libc_a-memset.o)
                              C:/ST/STM32CubeCLT_1.17.0/GNU-tools-for-STM32/bin/../lib/gcc/arm-none-eabi/12.3.1/../../../../arm-none-eabi/lib/thumb/v7e-m+fp/hard/crt0.o (memset)
C:/ST/STM32CubeCLT_1.17.0/GNU-tools-for-STM32/bin/../lib/gcc/arm-none-eabi/12.3.1/../../../../arm-none-eabi/lib/thumb/v7e-m+fp/hard\libc_nano.a(libc_a-closer.o)
                              C:/ST/STM32CubeCLT_1.17.0/GNU-tools-for-STM32/bin/../lib/gcc/arm-none-eabi/12.3.1/../../../../arm-none-eabi/lib/thumb/v7e-m+fp/hard\libc_nano.a(libc_a-stdio.o) (_close_r)
C:/ST/STM32CubeCLT_1.17.0/GNU-tools-for-STM32/bin/../lib/gcc/arm-none-eabi/12.3.1/../../../../arm-none-eabi/lib/thumb/v7e-m+fp/hard\libc_nano.a(libc_a-reent.o)
                              C:/ST/STM32CubeCLT_1.17.0/GNU-tools-for-STM32/bin/../lib/gcc/arm-none-eabi/12.3.1/../../../../arm-none-eabi/lib/thumb/v7e-m+fp/hard\libc_nano.a(libc_a-closer.o) (errno)
C:/ST/STM32CubeCLT_1.17.0/GNU-tools-for-STM32/bin/../lib/gcc/arm-none-eabi/12.3.1/../../../../arm-none-eabi/lib/thumb/v7e-m+fp/hard\libc_nano.a(libc_a-impure.o)
                              C:/ST/STM32CubeCLT_1.17.0/GNU-tools-for-STM32/bin/../lib/gcc/arm-none-eabi/12.3.1/../../../../arm-none-eabi/lib/thumb/v7e-m+fp/hard\libc_nano.a(libc_a-reent.o) (_impure_ptr)
C:/ST/STM32CubeCLT_1.17.0/GNU-tools-for-STM32/bin/../lib/gcc/arm-none-eabi/12.3.1/../../../../arm-none-eabi/lib/thumb/v7e-m+fp/hard\libc_nano.a(libc_a-lseekr.o)
                              C:/ST/STM32CubeCLT_1.17.0/GNU-tools-for-STM32/bin/../lib/gcc/arm-none-eabi/12.3.1/../../../../arm-none-eabi/lib/thumb/v7e-m+fp/hard\libc_nano.a(libc_a-stdio.o) (_lseek_r)
C:/ST/STM32CubeCLT_1.17.0/GNU-tools-for-STM32/bin/../lib/gcc/arm-none-eabi/12.3.1/../../../../arm-none-eabi/lib/thumb/v7e-m+fp/hard\libc_nano.a(libc_a-readr.o)
                              C:/ST/STM32CubeCLT_1.17.0/GNU-tools-for-STM32/bin/../lib/gcc/arm-none-eabi/12.3.1/../../../../arm-none-eabi/lib/thumb/v7e-m+fp/hard\libc_nano.a(libc_a-stdio.o) (_read_r)
C:/ST/STM32CubeCLT_1.17.0/GNU-tools-for-STM32/bin/../lib/gcc/arm-none-eabi/12.3.1/../../../../arm-none-eabi/lib/thumb/v7e-m+fp/hard\libc_nano.a(libc_a-writer.o)
                              C:/ST/STM32CubeCLT_1.17.0/GNU-tools-for-STM32/bin/../lib/gcc/arm-none-eabi/12.3.1/../../../../arm-none-eabi/lib/thumb/v7e-m+fp/hard\libc_nano.a(libc_a-stdio.o) (_write_r)
C:/ST/STM32CubeCLT_1.17.0/GNU-tools-for-STM32/bin/../lib/gcc/arm-none-eabi/12.3.1/../../../../arm-none-eabi/lib/thumb/v7e-m+fp/hard\libc_nano.a(libc_a-init.o)
                              C:/ST/STM32CubeCLT_1.17.0/GNU-tools-for-STM32/bin/../lib/gcc/arm-none-eabi/12.3.1/../../../../arm-none-eabi/lib/thumb/v7e-m+fp/hard/crt0.o (__libc_init_array)
C:/ST/STM32CubeCLT_1.17.0/GNU-tools-for-STM32/bin/../lib/gcc/arm-none-eabi/12.3.1/../../../../arm-none-eabi/lib/thumb/v7e-m+fp/hard\libc_nano.a(libc_a-lock.o)
                              C:/ST/STM32CubeCLT_1.17.0/GNU-tools-for-STM32/bin/../lib/gcc/arm-none-eabi/12.3.1/../../../../arm-none-eabi/lib/thumb/v7e-m+fp/hard\libc_nano.a(libc_a-findfp.o) (__retarget_lock_init_recursive)
C:/ST/STM32CubeCLT_1.17.0/GNU-tools-for-STM32/bin/../lib/gcc/arm-none-eabi/12.3.1/../../../../arm-none-eabi/lib/thumb/v7e-m+fp/hard\libc_nano.a(libc_a-freer.o)
[...]
Memory Configuration

Name             Origin             Length             Attributes
RAM              0x20000000         0x00008000         xrw
FLASH            0x08000000         0x00020000         xr
*default*        0x00000000         0xffffffff

Linker script and memory map

LOAD C:/ST/STM32CubeCLT_1.17.0/GNU-tools-for-STM32/bin/../lib/gcc/arm-none-eabi/12.3.1/thumb/v7e-m+fp/hard/crti.o
LOAD C:/ST/STM32CubeCLT_1.17.0/GNU-tools-for-STM32/bin/../lib/gcc/arm-none-eabi/12.3.1/thumb/v7e-m+fp/hard/crtbegin.o
LOAD C:/ST/STM32CubeCLT_1.17.0/GNU-tools-for-STM32/bin/../lib/gcc/arm-none-eabi/12.3.1/../../../../arm-none-eabi/lib/thumb/v7e-m+fp/hard/crt0.o
START GROUP
LOAD C:/ST/STM32CubeCLT_1.17.0/GNU-tools-for-STM32/bin/../lib/gcc/arm-none-eabi/12.3.1/../../../../arm-none-eabi/lib/thumb/v7e-m+fp/hard\libc_nano.a
LOAD C:/ST/STM32CubeCLT_1.17.0/GNU-tools-for-STM32/bin/../lib/gcc/arm-none-eabi/12.3.1/../../../../arm-none-eabi/lib/thumb/v7e-m+fp/hard\libm.a
END GROUP
LOAD CMakeFiles/SleepWell.dir/Core/Src/main.c.obj
LOAD CMakeFiles/SleepWell.dir/Core/Src/sensors/adxl345.c.obj
LOAD CMakeFiles/SleepWell.dir/Core/Src/memory/sd_card.c.obj
LOAD CMakeFiles/SleepWell.dir/FATFS/Target/user_diskio_spi.c.obj
LOAD CMakeFiles/SleepWell.dir/Core/Src/stm32g4xx_it.c.obj
LOAD CMakeFiles/SleepWell.dir/Core/Src/stm32g4xx_hal_msp.c.obj
LOAD CMakeFiles/SleepWell.dir/USB_Device/Target/usbd_conf.c.obj
LOAD CMakeFiles/SleepWell.dir/USB_Device/App/usb_device.c.obj
LOAD CMakeFiles/SleepWell.dir/USB_Device/App/usbd_desc.c.obj
LOAD CMakeFiles/SleepWell.dir/USB_Device/App/usbd_storage_if.c.obj
LOAD CMakeFiles/SleepWell.dir/FATFS/Target/user_diskio.c.obj
LOAD CMakeFiles/SleepWell.dir/FATFS/App/app_fatfs.c.obj
LOAD CMakeFiles/SleepWell.dir/Drivers/STM32G4xx_HAL_Driver/Src/stm32g4xx_hal_pcd.c.obj
LOAD CMakeFiles/SleepWell.dir/Drivers/STM32G4xx_HAL_Driver/Src/stm32g4xx_hal_pcd_ex.c.obj
LOAD CMakeFiles/SleepWell.dir/Drivers/STM32G4xx_HAL_Driver/Src/stm32g4xx_ll_usb.c.obj
LOAD CMakeFiles/SleepWell.dir/Drivers/STM32G4xx_HAL_Driver/Src/stm32g4xx_hal.c.obj
LOAD CMakeFiles/SleepWell.dir/Drivers/STM32G4xx_HAL_Driver/Src/stm32g4xx_hal_rcc.c.obj
LOAD CMakeFiles/SleepWell.dir/Drivers/STM32G4xx_HAL_Driver/Src/stm32g4xx_hal_rcc_ex.c.obj
LOAD CMakeFiles/SleepWell.dir/Drivers/STM32G4xx_HAL_Driver/Src/stm32g4xx_hal_flash.c.obj
LOAD CMakeFiles/SleepWell.dir/Drivers/STM32G4xx_HAL_Driver/Src/stm32g4xx_hal_flash_ex.c.obj
LOAD CMakeFiles/SleepWell.dir/Drivers/STM32G4xx_HAL_Driver/Src/stm32g4xx_hal_flash_ramfunc.c.obj
LOAD CMakeFiles/SleepWell.dir/Drivers/STM32G4xx_HAL_Driver/Src/stm32g4xx_hal_gpio.c.obj
LOAD CMakeFiles/SleepWell.dir/Drivers/STM32G4xx_HAL_Driver/Src/stm32g4xx_hal_exti.c.obj
LOAD CMakeFiles/SleepWell.dir/Drivers/STM32G4xx_HAL_Driver/Src/stm32g4xx_hal_dma.c.obj
LOAD CMakeFiles/SleepWell.dir/Drivers/STM32G4xx_HAL_Driver/Src/stm32g4xx_hal_dma_ex.c.obj
LOAD CMakeFiles/SleepWell.dir/Drivers/STM32G4xx_HAL_Driver/Src/stm32g4xx_hal_pwr.c.obj
LOAD CMakeFiles/SleepWell.dir/Drivers/STM32G4xx_HAL_Driver/Src/stm32g4xx_hal_pwr_ex.c.obj
LOAD CMakeFiles/SleepWell.dir/Drivers/STM32G4xx_HAL_Driver/Src/stm32g4xx_hal_cortex.c.obj
LOAD CMakeFiles/SleepWell.dir/Drivers/STM32G4xx_HAL_Driver/Src/stm32g4xx_hal_i2c.c.obj
LOAD CMakeFiles/SleepWell.dir/Drivers/STM32G4xx_HAL_Driver/Src/stm32g4xx_hal_i2c_ex.c.obj
LOAD CMakeFiles/SleepWell.dir/Drivers/STM32G4xx_HAL_Driver/Src/stm32g4xx_hal_spi.c.obj
LOAD CMakeFiles/SleepWell.dir/Drivers/STM32G4xx_HAL_Driver/Src/stm32g4xx_hal_spi_ex.c.obj
LOAD CMakeFiles/SleepWell.dir/Core/Src/system_stm32g4xx.c.obj
LOAD CMakeFiles/SleepWell.dir/Middlewares/Third_Party/FatFs/src/diskio.c.obj
LOAD CMakeFiles/SleepWell.dir/Middlewares/Third_Party/FatFs/src/ff.c.obj
LOAD CMakeFiles/SleepWell.dir/Middlewares/Third_Party/FatFs/src/ff_gen_drv.c.obj
LOAD CMakeFiles/SleepWell.dir/Middlewares/Third_Party/FatFs/src/option/syscall.c.obj
LOAD CMakeFiles/SleepWell.dir/Middlewares/ST/STM32_USB_Device_Library/Core/Src/usbd_core.c.obj
LOAD CMakeFiles/SleepWell.dir/Middlewares/ST/STM32_USB_Device_Library/Core/Src/usbd_ctlreq.c.obj
LOAD CMakeFiles/SleepWell.dir/Middlewares/ST/STM32_USB_Device_Library/Core/Src/usbd_ioreq.c.obj
LOAD CMakeFiles/SleepWell.dir/Middlewares/ST/STM32_USB_Device_Library/Class/MSC/Src/usbd_msc.c.obj
LOAD CMakeFiles/SleepWell.dir/Middlewares/ST/STM32_USB_Device_Library/Class/MSC/Src/usbd_msc_bot.c.obj
LOAD CMakeFiles/SleepWell.dir/Middlewares/ST/STM32_USB_Device_Library/Class/MSC/Src/usbd_msc_data.c.obj
LOAD CMakeFiles/SleepWell.dir/Middlewares/ST/STM32_USB_Device_Library/Class/MSC/Src/usbd_msc_scsi.c.obj
LOAD CMakeFiles/SleepWell.dir/Core/Src/sysmem.c.obj
LOAD CMakeFiles/SleepWell.dir/Core/Src/syscalls.c.obj
LOAD CMakeFiles/SleepWell.dir/startup_stm32g431xx.s.obj
START GROUP
LOAD C:/ST/STM32CubeCLT_1.17.0/GNU-tools-for-STM32/bin/../lib/gcc/arm-none-eabi/12.3.1/thumb/v7e-m+fp/hard\libgcc.a
LOAD C:/ST/STM32CubeCLT_1.17.0/GNU-tools-for-STM32/bin/../lib/gcc/arm-none-eabi/12.3.1/../../../../arm-none-eabi/lib/thumb/v7e-m+fp/hard\libg_nano.a
LOAD C:/ST/STM32CubeCLT_1.17.0/GNU-tools-for-STM32/bin/../lib/gcc/arm-none-eabi/12.3.1/../../../../arm-none-eabi/lib/thumb/v7e-m+fp/hard\libc_nano.a
END GROUP
START GROUP
LOAD C:/ST/STM32CubeCLT_1.17.0/GNU-tools-for-STM32/bin/../lib/gcc/arm-none-eabi/12.3.1/thumb/v7e-m+fp/hard\libgcc.a
LOAD C:/ST/STM32CubeCLT_1.17.0/GNU-tools-for-STM32/bin/../lib/gcc/arm-none-eabi/12.3.1/../../../../arm-none-eabi/lib/thumb/v7e-m+fp/hard\libc_nano.a
END GROUP
LOAD C:/ST/STM32CubeCLT_1.17.0/GNU-tools-for-STM32/bin/../lib/gcc/arm-none-eabi/12.3.1/thumb/v7e-m+fp/hard/crtend.o
LOAD C:/ST/STM32CubeCLT_1.17.0/GNU-tools-for-STM32/bin/../lib/gcc/arm-none-eabi/12.3.1/thumb/v7e-m+fp/hard/crtn.o
                0x20008000                        _estack = (ORIGIN (RAM) + LENGTH (RAM))
                0x00000200                        _Min_Heap_Size = 0x200
                0x00000400                        _Min_Stack_Size = 0x400

.isr_vector     0x08000000      0x1d8
                0x08000000                        . = ALIGN (0x4)
 *(.isr_vector)
 .isr_vector    0x08000000      0x1d8 CMakeFiles/SleepWell.dir/startup_stm32g431xx.s.obj
                0x08000000                g_pfnVectors
                0x080001d8                        . = ALIGN (0x4)

.text           0x080001e0     0xeae4
                0x080001e0                        . = ALIGN (0x4)
 *(.text)
 .text          0x080001e0       0x40 C:/ST/STM32CubeCLT_1.17.0/GNU-tools-for-STM32/bin/../lib/gcc/arm-none-eabi/12.3.1/thumb/v7e-m+fp/hard/crtbegin.o
 .text          0x08000220       0x10 C:/ST/STM32CubeCLT_1.17.0/GNU-tools-for-STM32/bin/../lib/gcc/arm-none-eabi/12.3.1/../../../../arm-none-eabi/lib/thumb/v7e-m+fp/hard\libg_nano.a(libc_a-strlen.o)
                0x08000220                strlen
 .text          0x08000230       0xa0 C:/ST/STM32CubeCLT_1.17.0/GNU-tools-for-STM32/bin/../lib/gcc/arm-none-eabi/12.3.1/../../../../arm-none-eabi/lib/thumb/v7e-m+fp/hard\libg_nano.a(libc_a-memchr.o)
                0x08000230                memchr
 *(.text*)
 .text.__seofread
                0x080002d0        0x4 C:/ST/STM32CubeCLT_1.17.0/GNU-tools-for-STM32/bin/../lib/gcc/arm-none-eabi/12.3.1/../../../../arm-none-eabi/lib/thumb/v7e-m+fp/hard\libc_nano.a(libc_a-stdio.o)
                0x080002d0                __seofread
 .text.memset   0x080002d4       0x10 C:/ST/STM32CubeCLT_1.17.0/GNU-tools-for-STM32/bin/../lib/gcc/arm-none-eabi/12.3.1/../../../../arm-none-eabi/lib/thumb/v7e-m+fp/hard\libc_nano.a(libc_a-memset.o)
                0x080002d4                memset
 .text.__libc_init_array
                0x080002e4       0x48 C:/ST/STM32CubeCLT_1.17.0/GNU-tools-for-STM32/bin/../lib/gcc/arm-none-eabi/12.3.1/../../../../arm-none-eabi/lib/thumb/v7e-m+fp/hard\libc_nano.a(libc_a-init.o)
                0x080002e4                __libc_init_array
 .text.__retarget_lock_acquire_recursive
                0x0800032c        0x2 C:/ST/STM32CubeCLT_1.17.0/GNU-tools-for-STM32/bin/../lib/gcc/arm-none-eabi/12.3.1/../../../../arm-none-eabi/lib/thumb/v7e-m+fp/hard\libc_nano.a(libc_a-lock.o)
                0x0800032c                __retarget_lock_acquire_recursive
 .text.__retarget_lock_release_recursive
                0x0800032e        0x2 C:/ST/STM32CubeCLT_1.17.0/GNU-tools-for-STM32/bin/../lib/gcc/arm-none-eabi/12.3.1/../../../../arm-none-eabi/lib/thumb/v7e-m+fp/hard\libc_nano.a(libc_a-lock.o)
                0x0800032e                __retarget_lock_release_recursive
 .text._free_r  0x08000330       0x94 C:/ST/STM32CubeCLT_1.17.0/GNU-tools-for-STM32/bin/../lib/gcc/arm-none-eabi/12.3.1/../../../../arm-none-eabi/lib/thumb/v7e-m+fp/hard\libc_nano.a(libc_a-freer.o)
                0x08000330                _free_r
 .text.sbrk_aligned
                0x080003c4       0x44 C:/ST/STM32CubeCLT_1.17.0/GNU-tools-for-STM32/bin/../lib/gcc/arm-none-eabi/12.3.1/../../../../arm-none-eabi/lib/thumb/v7e-m+fp/hard\libc_nano.a(libc_a-mallocr.o)
 .text._malloc_r
                0x08000408      0x100 C:/ST/STM32CubeCLT_1.17.0/GNU-tools-for-STM32/bin/../lib/gcc/arm-none-eabi/12.3.1/../../../../arm-none-eabi/lib/thumb/v7e-m+fp/hard\libc_nano.a(libc_a-mallocr.o)
                0x08000408                _malloc_r
 .text.__malloc_lock
                0x08000508        0xc C:/ST/STM32CubeCLT_1.17.0/GNU-tools-for-STM32/bin/../lib/gcc/arm-none-eabi/12.3.1/../../../../arm-none-eabi/lib/thumb/v7e-m+fp/hard\libc_nano.a(libc_a-mlock.o)
                0x08000508                __malloc_lock
 .text.__malloc_unlock
                0x08000514        0xc C:/ST/STM32CubeCLT_1.17.0/GNU-tools-for-STM32/bin/../lib/gcc/arm-none-eabi/12.3.1/../../../../arm-none-eabi/lib/thumb/v7e-m+fp/hard\libc_nano.a(libc_a-mlock.o)
                0x08000514                __malloc_unlock
 .text._sbrk_r  0x08000520       0x20 C:/ST/STM32CubeCLT_1.17.0/GNU-tools-for-STM32/bin/../lib/gcc/arm-none-eabi/12.3.1/../../../../arm-none-eabi/lib/thumb/v7e-m+fp/hard\libc_nano.a(libc_a-sbrkr.o)
                0x08000520                _sbrk_r
 .text.main     0x08000540       0x4a CMakeFiles/SleepWell.dir/Core/Src/main.c.obj
                0x08000540                main
 .text.SystemClock_Config
                0x0800058a       0x9c CMakeFiles/SleepWell.dir/Core/Src/main.c.obj
                0x0800058a                SystemClock_Config
 *fill*         0x08000626        0x2 
 .text.MX_I2C1_Init
                0x08000628       0x80 CMakeFiles/SleepWell.dir/Core/Src/main.c.obj
 .text.MX_SPI1_Init
                0x080006a8       0x7c CMakeFiles/SleepWell.dir/Core/Src/main.c.obj
 .text.MX_GPIO_Init
                0x08000724      0x138 CMakeFiles/SleepWell.dir/Core/Src/main.c.obj
 .text.Error_Handler
                0x0800085c        0xc CMakeFiles/SleepWell.dir/Core/Src/main.c.obj
                0x0800085c                Error_Handler
 .text.ADXL_Read
                0x08000868       0x38 CMakeFiles/SleepWell.dir/Core/Src/sensors/adxl345.c.obj
                0x08000868                ADXL_Read
 .text.ADXL345_InterruptHandler
                0x080008a0       0x3a CMakeFiles/SleepWell.dir/Core/Src/sensors/adxl345.c.obj
                0x080008a0                ADXL345_InterruptHandler
 *fill*         0x080008da        0x2 
 .text.myprintf
                0x080008dc       0x30 CMakeFiles/SleepWell.dir/Core/Src/memory/sd_card.c.obj
                0x080008dc                myprintf
 .text.SDCard_Init
                0x0800090c       0x48 CMakeFiles/SleepWell.dir/Core/Src/memory/sd_card.c.obj
                0x0800090c                SDCard_Init
 .text.GetTimestamp
                0x08000954        0xe CMakeFiles/SleepWell.dir/Core/Src/memory/sd_card.c.obj
                0x08000954                GetTimestamp
 *fill*         0x08000962        0x2 
 .text.WriteAccelData
                0x08000964      0x108 CMakeFiles/SleepWell.dir/Core/Src/memory/sd_card.c.obj
                0x08000964                WriteAccelData
 .text.ReadAccelData
                0x08000a6c       0xbc CMakeFiles/SleepWell.dir/Core/Src/memory/sd_card.c.obj
                0x08000a6c                ReadAccelData
 .text.SDCard_AccelOperations
                0x08000b28       0xb0 CMakeFiles/SleepWell.dir/Core/Src/memory/sd_card.c.obj
                0x08000b28                SDCard_AccelOperations
 .text.SDCard_WriteAccelData
                0x08000bd8       0xc0 CMakeFiles/SleepWell.dir/Core/Src/memory/sd_card.c.obj
                0x08000bd8                SDCard_WriteAccelData
 .text.SPI_Timer_On
                0x08000c98       0x28 CMakeFiles/SleepWell.dir/FATFS/Target/user_diskio_spi.c.obj
                0x08000c98                SPI_Timer_On
 .text.SPI_Timer_Status
                0x08000cc0       0x2c CMakeFiles/SleepWell.dir/FATFS/Target/user_diskio_spi.c.obj
                0x08000cc0                SPI_Timer_Status
 .text.xchg_spi
                0x08000cec       0x2c CMakeFiles/SleepWell.dir/FATFS/Target/user_diskio_spi.c.obj
 .text.rcvr_spi_multi
                0x08000d18       0x38 CMakeFiles/SleepWell.dir/FATFS/Target/user_diskio_spi.c.obj
 .text.xmit_spi_multi
                0x08000d50       0x36 CMakeFiles/SleepWell.dir/FATFS/Target/user_diskio_spi.c.obj
 .text.wait_ready
                0x08000d86       0x46 CMakeFiles/SleepWell.dir/FATFS/Target/user_diskio_spi.c.obj
 .text.despiselect
                0x08000dcc       0x1a CMakeFiles/SleepWell.dir/FATFS/Target/user_diskio_spi.c.obj
 .text.spiselect
                0x08000de6       0x32 CMakeFiles/SleepWell.dir/FATFS/Target/user_diskio_spi.c.obj
 .text.rcvr_datablock
                0x08000e18       0x52 CMakeFiles/SleepWell.dir/FATFS/Target/user_diskio_spi.c.obj
 .text.xmit_datablock
                0x08000e6a       0x64 CMakeFiles/SleepWell.dir/FATFS/Target/user_diskio_spi.c.obj
 .text.send_cmd
                0x08000ece       0xde CMakeFiles/SleepWell.dir/FATFS/Target/user_diskio_spi.c.obj
 .text.USER_SPI_initialize
                0x08000fac      0x1d8 CMakeFiles/SleepWell.dir/FATFS/Target/user_diskio_spi.c.obj
                0x08000fac                USER_SPI_initialize
 .text.USER_SPI_status
                0x08001184       0x2c CMakeFiles/SleepWell.dir/FATFS/Target/user_diskio_spi.c.obj
                0x08001184                USER_SPI_status
 .text.USER_SPI_read
                0x080011b0       0xcc CMakeFiles/SleepWell.dir/FATFS/Target/user_diskio_spi.c.obj
                0x080011b0                USER_SPI_read
 .text.USER_SPI_write
                0x0800127c       0xf8 CMakeFiles/SleepWell.dir/FATFS/Target/user_diskio_spi.c.obj
                0x0800127c                USER_SPI_write
 .text.USER_SPI_ioctl
                0x08001374      0x2e0 CMakeFiles/SleepWell.dir/FATFS/Target/user_diskio_spi.c.obj
                0x08001374                USER_SPI_ioctl
 .text.NMI_Handler
                0x08001654        0x8 CMakeFiles/SleepWell.dir/Core/Src/stm32g4xx_it.c.obj
                0x08001654                NMI_Handler
 .text.HardFault_Handler
                0x0800165c        0x8 CMakeFiles/SleepWell.dir/Core/Src/stm32g4xx_it.c.obj
                0x0800165c                HardFault_Handler
 .text.MemManage_Handler
                0x08001664        0x8 CMakeFiles/SleepWell.dir/Core/Src/stm32g4xx_it.c.obj
                0x08001664                MemManage_Handler
 .text.BusFault_Handler
                0x0800166c        0x8 CMakeFiles/SleepWell.dir/Core/Src/stm32g4xx_it.c.obj
                0x0800166c                BusFault_Handler
 .text.UsageFault_Handler
                0x08001674        0x8 CMakeFiles/SleepWell.dir/Core/Src/stm32g4xx_it.c.obj
                0x08001674                UsageFault_Handler
 .text.SVC_Handler
                0x0800167c        0xe CMakeFiles/SleepWell.dir/Core/Src/stm32g4xx_it.c.obj
                0x0800167c                SVC_Handler
 .text.DebugMon_Handler
                0x0800168a        0xe CMakeFiles/SleepWell.dir/Core/Src/stm32g4xx_it.c.obj
                0x0800168a                DebugMon_Handler
 .text.PendSV_Handler
                0x08001698        0xe CMakeFiles/SleepWell.dir/Core/Src/stm32g4xx_it.c.obj
                0x08001698                PendSV_Handler
 .text.SysTick_Handler
                0x080016a6        0xc CMakeFiles/SleepWell.dir/Core/Src/stm32g4xx_it.c.obj
                0x080016a6                SysTick_Handler
 *fill*         0x080016b2        0x2 
 .text.EXTI0_IRQHandler
                0x080016b4       0x1c CMakeFiles/SleepWell.dir/Core/Src/stm32g4xx_it.c.obj
                0x080016b4                EXTI0_IRQHandler
 .text.USB_LP_IRQHandler
                0x080016d0       0x14 CMakeFiles/SleepWell.dir/Core/Src/stm32g4xx_it.c.obj
                0x080016d0                USB_LP_IRQHandler
 .text.EXTI9_5_IRQHandler
                0x080016e4       0x28 CMakeFiles/SleepWell.dir/Core/Src/stm32g4xx_it.c.obj
                0x080016e4                EXTI9_5_IRQHandler
 .text.HAL_MspInit
                0x0800170c       0x48 CMakeFiles/SleepWell.dir/Core/Src/stm32g4xx_hal_msp.c.obj
                0x0800170c                HAL_MspInit
 .text.HAL_I2C_MspInit
                0x08001754       0xb4 CMakeFiles/SleepWell.dir/Core/Src/stm32g4xx_hal_msp.c.obj
                0x08001754                HAL_I2C_MspInit
 .text.HAL_SPI_MspInit
                0x08001808       0x84 CMakeFiles/SleepWell.dir/Core/Src/stm32g4xx_hal_msp.c.obj
                0x08001808                HAL_SPI_MspInit
 .text.HAL_PCD_MspInit
                0x0800188c       0x78 CMakeFiles/SleepWell.dir/USB_Device/Target/usbd_conf.c.obj
                0x0800188c                HAL_PCD_MspInit
 .text.HAL_PCD_SetupStageCallback
                0x08001904       0x24 CMakeFiles/SleepWell.dir/USB_Device/Target/usbd_conf.c.obj
                0x08001904                HAL_PCD_SetupStageCallback
 .text.HAL_PCD_DataOutStageCallback
                0x08001928       0x36 CMakeFiles/SleepWell.dir/USB_Device/Target/usbd_conf.c.obj
                0x08001928                HAL_PCD_DataOutStageCallback
 .text.HAL_PCD_DataInStageCallback
                0x0800195e       0x34 CMakeFiles/SleepWell.dir/USB_Device/Target/usbd_conf.c.obj
                0x0800195e                HAL_PCD_DataInStageCallback
 .text.HAL_PCD_SOFCallback
                0x08001992       0x1c CMakeFiles/SleepWell.dir/USB_Device/Target/usbd_conf.c.obj
                0x08001992                HAL_PCD_SOFCallback
 .text.HAL_PCD_ResetCallback
                0x080019ae       0x3c CMakeFiles/SleepWell.dir/USB_Device/Target/usbd_conf.c.obj
                0x080019ae                HAL_PCD_ResetCallback
 *fill*         0x080019ea        0x2 
 .text.HAL_PCD_SuspendCallback
                0x080019ec       0x34 CMakeFiles/SleepWell.dir/USB_Device/Target/usbd_conf.c.obj
                0x080019ec                HAL_PCD_SuspendCallback
 .text.HAL_PCD_ResumeCallback
                0x08001a20       0x38 CMakeFiles/SleepWell.dir/USB_Device/Target/usbd_conf.c.obj
                0x08001a20                HAL_PCD_ResumeCallback
 .text.USBD_LL_Init
                0x08001a58       0xac CMakeFiles/SleepWell.dir/USB_Device/Target/usbd_conf.c.obj
                0x08001a58                USBD_LL_Init
 .text.USBD_LL_Start
                0x08001b04       0x36 CMakeFiles/SleepWell.dir/USB_Device/Target/usbd_conf.c.obj
                0x08001b04                USBD_LL_Start
 .text.USBD_LL_OpenEP
                0x08001b3a       0x4c CMakeFiles/SleepWell.dir/USB_Device/Target/usbd_conf.c.obj
                0x08001b3a                USBD_LL_OpenEP
 .text.USBD_LL_CloseEP
                0x08001b86       0x3e CMakeFiles/SleepWell.dir/USB_Device/Target/usbd_conf.c.obj
                0x08001b86                USBD_LL_CloseEP
 .text.USBD_LL_FlushEP
                0x08001bc4       0x3e CMakeFiles/SleepWell.dir/USB_Device/Target/usbd_conf.c.obj
                0x08001bc4                USBD_LL_FlushEP
 .text.USBD_LL_StallEP
                0x08001c02       0x3e CMakeFiles/SleepWell.dir/USB_Device/Target/usbd_conf.c.obj
                0x08001c02                USBD_LL_StallEP
 .text.USBD_LL_ClearStallEP
                0x08001c40       0x3e CMakeFiles/SleepWell.dir/USB_Device/Target/usbd_conf.c.obj
                0x08001c40                USBD_LL_ClearStallEP
 .text.USBD_LL_IsStallEP
                0x08001c7e       0x58 CMakeFiles/SleepWell.dir/USB_Device/Target/usbd_conf.c.obj
                0x08001c7e                USBD_LL_IsStallEP
 .text.USBD_LL_SetUSBAddress
                0x08001cd6       0x3e CMakeFiles/SleepWell.dir/USB_Device/Target/usbd_conf.c.obj
                0x08001cd6                USBD_LL_SetUSBAddress
 .text.USBD_LL_Transmit
                0x08001d14       0x42 CMakeFiles/SleepWell.dir/USB_Device/Target/usbd_conf.c.obj
                0x08001d14                USBD_LL_Transmit
 .text.USBD_LL_PrepareReceive
                0x08001d56       0x42 CMakeFiles/SleepWell.dir/USB_Device/Target/usbd_conf.c.obj
                0x08001d56                USBD_LL_PrepareReceive
 .text.USBD_LL_GetRxDataSize
                0x08001d98       0x26 CMakeFiles/SleepWell.dir/USB_Device/Target/usbd_conf.c.obj
                0x08001d98                USBD_LL_GetRxDataSize
 *fill*         0x08001dbe        0x2 
 .text.HAL_PCDEx_LPM_Callback
                0x08001dc0       0x6c CMakeFiles/SleepWell.dir/USB_Device/Target/usbd_conf.c.obj
                0x08001dc0                HAL_PCDEx_LPM_Callback
 .text.USBD_static_malloc
                0x08001e2c       0x1c CMakeFiles/SleepWell.dir/USB_Device/Target/usbd_conf.c.obj
                0x08001e2c                USBD_static_malloc
 .text.USBD_static_free
                0x08001e48       0x14 CMakeFiles/SleepWell.dir/USB_Device/Target/usbd_conf.c.obj
                0x08001e48                USBD_static_free
 .text.SystemClockConfig_Resume
                0x08001e5c        0xc CMakeFiles/SleepWell.dir/USB_Device/Target/usbd_conf.c.obj
 .text.USBD_Get_USB_Status
                0x08001e68       0x58 CMakeFiles/SleepWell.dir/USB_Device/Target/usbd_conf.c.obj
 .text.MX_USB_Device_Init
                0x08001ec0       0x60 CMakeFiles/SleepWell.dir/USB_Device/App/usb_device.c.obj
                0x08001ec0                MX_USB_Device_Init
 .text.USBD_MSC_DeviceDescriptor
                0x08001f20       0x24 CMakeFiles/SleepWell.dir/USB_Device/App/usbd_desc.c.obj
                0x08001f20                USBD_MSC_DeviceDescriptor
 .text.USBD_MSC_LangIDStrDescriptor
                0x08001f44       0x24 CMakeFiles/SleepWell.dir/USB_Device/App/usbd_desc.c.obj
                0x08001f44                USBD_MSC_LangIDStrDescriptor
 .text.USBD_MSC_ProductStrDescriptor
                0x08001f68       0x3c CMakeFiles/SleepWell.dir/USB_Device/App/usbd_desc.c.obj
                0x08001f68                USBD_MSC_ProductStrDescriptor
 .text.USBD_MSC_ManufacturerStrDescriptor
                0x08001fa4       0x28 CMakeFiles/SleepWell.dir/USB_Device/App/usbd_desc.c.obj
                0x08001fa4                USBD_MSC_ManufacturerStrDescriptor
 .text.USBD_MSC_SerialStrDescriptor
                0x08001fcc       0x24 CMakeFiles/SleepWell.dir/USB_Device/App/usbd_desc.c.obj
                0x08001fcc                USBD_MSC_SerialStrDescriptor
 .text.USBD_MSC_ConfigStrDescriptor
                0x08001ff0       0x3c CMakeFiles/SleepWell.dir/USB_Device/App/usbd_desc.c.obj
                0x08001ff0                USBD_MSC_ConfigStrDescriptor
 .text.USBD_MSC_InterfaceStrDescriptor
                0x0800202c       0x3c CMakeFiles/SleepWell.dir/USB_Device/App/usbd_desc.c.obj
                0x0800202c                USBD_MSC_InterfaceStrDescriptor
 .text.Get_SerialNum
                0x08002068       0x58 CMakeFiles/SleepWell.dir/USB_Device/App/usbd_desc.c.obj
 .text.IntToUnicode
                0x080020c0       0x7e CMakeFiles/SleepWell.dir/USB_Device/App/usbd_desc.c.obj
 .text.STORAGE_Init_FS
                0x0800213e       0x18 CMakeFiles/SleepWell.dir/USB_Device/App/usbd_storage_if.c.obj
 .text.STORAGE_GetCapacity_FS
                0x08002156       0x2a CMakeFiles/SleepWell.dir/USB_Device/App/usbd_storage_if.c.obj
 .text.STORAGE_IsReady_FS
                0x08002180       0x18 CMakeFiles/SleepWell.dir/USB_Device/App/usbd_storage_if.c.obj
 .text.STORAGE_IsWriteProtected_FS
                0x08002198       0x18 CMakeFiles/SleepWell.dir/USB_Device/App/usbd_storage_if.c.obj
 .text.STORAGE_Read_FS
                0x080021b0       0x38 CMakeFiles/SleepWell.dir/USB_Device/App/usbd_storage_if.c.obj
 .text.STORAGE_Write_FS
                0x080021e8       0x38 CMakeFiles/SleepWell.dir/USB_Device/App/usbd_storage_if.c.obj
 .text.STORAGE_GetMaxLun_FS
                0x08002220       0x10 CMakeFiles/SleepWell.dir/USB_Device/App/usbd_storage_if.c.obj
 .text.USER_initialize
                0x08002230       0x1c CMakeFiles/SleepWell.dir/FATFS/Target/user_diskio.c.obj
                0x08002230                USER_initialize
 .text.USER_status
                0x0800224c       0x1c CMakeFiles/SleepWell.dir/FATFS/Target/user_diskio.c.obj
                0x0800224c                USER_status
 .text.USER_read
                0x08002268       0x26 CMakeFiles/SleepWell.dir/FATFS/Target/user_diskio.c.obj
                0x08002268                USER_read
 .text.USER_write
                0x0800228e       0x26 CMakeFiles/SleepWell.dir/FATFS/Target/user_diskio.c.obj
                0x0800228e                USER_write
 .text.USER_ioctl
                0x080022b4       0x26 CMakeFiles/SleepWell.dir/FATFS/Target/user_diskio.c.obj
                0x080022b4                USER_ioctl
 *fill*         0x080022da        0x2 
 .text.MX_FATFS_Init
                0x080022dc       0x30 CMakeFiles/SleepWell.dir/FATFS/App/app_fatfs.c.obj
                0x080022dc                MX_FATFS_Init
 .text.get_fattime
                0x0800230c       0x10 CMakeFiles/SleepWell.dir/FATFS/App/app_fatfs.c.obj
                0x0800230c                get_fattime
 .text.HAL_PCD_Init
                0x0800231c      0x19c CMakeFiles/SleepWell.dir/Drivers/STM32G4xx_HAL_Driver/Src/stm32g4xx_hal_pcd.c.obj
                0x0800231c                HAL_PCD_Init
 .text.HAL_PCD_Start
                0x080024b8       0x44 CMakeFiles/SleepWell.dir/Drivers/STM32G4xx_HAL_Driver/Src/stm32g4xx_hal_pcd.c.obj
                0x080024b8                HAL_PCD_Start
 .text.HAL_PCD_IRQHandler
                0x080024fc      0x24e CMakeFiles/SleepWell.dir/Drivers/STM32G4xx_HAL_Driver/Src/stm32g4xx_hal_pcd.c.obj
                0x080024fc                HAL_PCD_IRQHandler
 .text.HAL_PCD_SetAddress
                0x0800274a       0x48 CMakeFiles/SleepWell.dir/Drivers/STM32G4xx_HAL_Driver/Src/stm32g4xx_hal_pcd.c.obj
                0x0800274a                HAL_PCD_SetAddress
 .text.HAL_PCD_EP_Open
                0x08002792       0xbe CMakeFiles/SleepWell.dir/Drivers/STM32G4xx_HAL_Driver/Src/stm32g4xx_hal_pcd.c.obj
                0x08002792                HAL_PCD_EP_Open
 .text.HAL_PCD_EP_Close
                0x08002850       0x90 CMakeFiles/SleepWell.dir/Drivers/STM32G4xx_HAL_Driver/Src/stm32g4xx_hal_pcd.c.obj
                0x08002850                HAL_PCD_EP_Close
 .text.HAL_PCD_EP_Receive
                0x080028e0       0x62 CMakeFiles/SleepWell.dir/Drivers/STM32G4xx_HAL_Driver/Src/stm32g4xx_hal_pcd.c.obj
                0x080028e0                HAL_PCD_EP_Receive
 .text.HAL_PCD_EP_GetRxCount
                0x08002942       0x30 CMakeFiles/SleepWell.dir/Drivers/STM32G4xx_HAL_Driver/Src/stm32g4xx_hal_pcd.c.obj
                0x08002942                HAL_PCD_EP_GetRxCount
 .text.HAL_PCD_EP_Transmit
                0x08002972       0x6e CMakeFiles/SleepWell.dir/Drivers/STM32G4xx_HAL_Driver/Src/stm32g4xx_hal_pcd.c.obj
                0x08002972                HAL_PCD_EP_Transmit
 .text.HAL_PCD_EP_SetStall
                0x080029e0       0xa4 CMakeFiles/SleepWell.dir/Drivers/STM32G4xx_HAL_Driver/Src/stm32g4xx_hal_pcd.c.obj
                0x080029e0                HAL_PCD_EP_SetStall
 .text.HAL_PCD_EP_ClrStall
                0x08002a84       0xa8 CMakeFiles/SleepWell.dir/Drivers/STM32G4xx_HAL_Driver/Src/stm32g4xx_hal_pcd.c.obj
                0x08002a84                HAL_PCD_EP_ClrStall
 .text.HAL_PCD_EP_Flush
                0x08002b2c       0x5a CMakeFiles/SleepWell.dir/Drivers/STM32G4xx_HAL_Driver/Src/stm32g4xx_hal_pcd.c.obj
                0x08002b2c                HAL_PCD_EP_Flush
 .text.PCD_EP_ISR_Handler
                0x08002b86      0x68e CMakeFiles/SleepWell.dir/Drivers/STM32G4xx_HAL_Driver/Src/stm32g4xx_hal_pcd.c.obj
 .text.HAL_PCD_EP_DB_Receive
                0x08003214      0x212 CMakeFiles/SleepWell.dir/Drivers/STM32G4xx_HAL_Driver/Src/stm32g4xx_hal_pcd.c.obj
 .text.HAL_PCD_EP_DB_Transmit
                0x08003426      0x878 CMakeFiles/SleepWell.dir/Drivers/STM32G4xx_HAL_Driver/Src/stm32g4xx_hal_pcd.c.obj
 .text.HAL_PCDEx_PMAConfig
                0x08003c9e       0x86 CMakeFiles/SleepWell.dir/Drivers/STM32G4xx_HAL_Driver/Src/stm32g4xx_hal_pcd_ex.c.obj
                0x08003c9e                HAL_PCDEx_PMAConfig
 .text.HAL_PCDEx_ActivateLPM
                0x08003d24       0x54 CMakeFiles/SleepWell.dir/Drivers/STM32G4xx_HAL_Driver/Src/stm32g4xx_hal_pcd_ex.c.obj
                0x08003d24                HAL_PCDEx_ActivateLPM
 .text.USB_EnableGlobalInt
                0x08003d78       0x2e CMakeFiles/SleepWell.dir/Drivers/STM32G4xx_HAL_Driver/Src/stm32g4xx_ll_usb.c.obj
                0x08003d78                USB_EnableGlobalInt
 .text.USB_DisableGlobalInt
                0x08003da6       0x36 CMakeFiles/SleepWell.dir/Drivers/STM32G4xx_HAL_Driver/Src/stm32g4xx_ll_usb.c.obj
                0x08003da6                USB_DisableGlobalInt
 .text.USB_DevInit
                0x08003ddc       0x3c CMakeFiles/SleepWell.dir/Drivers/STM32G4xx_HAL_Driver/Src/stm32g4xx_ll_usb.c.obj
                0x08003ddc                USB_DevInit
 .text.USB_FlushTxFifo
                0x08003e18       0x18 CMakeFiles/SleepWell.dir/Drivers/STM32G4xx_HAL_Driver/Src/stm32g4xx_ll_usb.c.obj
                0x08003e18                USB_FlushTxFifo
 .text.USB_FlushRxFifo
                0x08003e30       0x16 CMakeFiles/SleepWell.dir/Drivers/STM32G4xx_HAL_Driver/Src/stm32g4xx_ll_usb.c.obj
                0x08003e30                USB_FlushRxFifo
 *fill*         0x08003e46        0x2 
 .text.USB_ActivateEndpoint
                0x08003e48      0x9d0 CMakeFiles/SleepWell.dir/Drivers/STM32G4xx_HAL_Driver/Src/stm32g4xx_ll_usb.c.obj
                0x08003e48                USB_ActivateEndpoint
 .text.USB_DeactivateEndpoint
                0x08004818      0x3da CMakeFiles/SleepWell.dir/Drivers/STM32G4xx_HAL_Driver/Src/stm32g4xx_ll_usb.c.obj
                0x08004818                USB_DeactivateEndpoint
 .text.USB_EPStartXfer
                0x08004bf2      0xb5e CMakeFiles/SleepWell.dir/Drivers/STM32G4xx_HAL_Driver/Src/stm32g4xx_ll_usb.c.obj
                0x08004bf2                USB_EPStartXfer
 .text.USB_EPSetStall
                0x08005750       0xa2 CMakeFiles/SleepWell.dir/Drivers/STM32G4xx_HAL_Driver/Src/stm32g4xx_ll_usb.c.obj
                0x08005750                USB_EPSetStall
 .text.USB_EPClearStall
                0x080057f2      0x152 CMakeFiles/SleepWell.dir/Drivers/STM32G4xx_HAL_Driver/Src/stm32g4xx_ll_usb.c.obj
                0x080057f2                USB_EPClearStall
 .text.USB_SetDevAddress
                0x08005944       0x28 CMakeFiles/SleepWell.dir/Drivers/STM32G4xx_HAL_Driver/Src/stm32g4xx_ll_usb.c.obj
                0x08005944                USB_SetDevAddress
 .text.USB_DevConnect
                0x0800596c       0x2e CMakeFiles/SleepWell.dir/Drivers/STM32G4xx_HAL_Driver/Src/stm32g4xx_ll_usb.c.obj
                0x0800596c                USB_DevConnect
 .text.USB_ReadInterrupts
                0x0800599a       0x20 CMakeFiles/SleepWell.dir/Drivers/STM32G4xx_HAL_Driver/Src/stm32g4xx_ll_usb.c.obj
                0x0800599a                USB_ReadInterrupts
 .text.USB_WritePMA
                0x080059ba       0x84 CMakeFiles/SleepWell.dir/Drivers/STM32G4xx_HAL_Driver/Src/stm32g4xx_ll_usb.c.obj
                0x080059ba                USB_WritePMA
 .text.USB_ReadPMA
                0x08005a3e       0x98 CMakeFiles/SleepWell.dir/Drivers/STM32G4xx_HAL_Driver/Src/stm32g4xx_ll_usb.c.obj
                0x08005a3e                USB_ReadPMA
 .text.HAL_Init
                0x08005ad6       0x30 CMakeFiles/SleepWell.dir/Drivers/STM32G4xx_HAL_Driver/Src/stm32g4xx_hal.c.obj
                0x08005ad6                HAL_Init
 *fill*         0x08005b06        0x2 
 .text.HAL_InitTick
                0x08005b08       0x74 CMakeFiles/SleepWell.dir/Drivers/STM32G4xx_HAL_Driver/Src/stm32g4xx_hal.c.obj
                0x08005b08                HAL_InitTick
 .text.HAL_IncTick
                0x08005b7c       0x24 CMakeFiles/SleepWell.dir/Drivers/STM32G4xx_HAL_Driver/Src/stm32g4xx_hal.c.obj
                0x08005b7c                HAL_IncTick
 .text.HAL_GetTick
                0x08005ba0       0x18 CMakeFiles/SleepWell.dir/Drivers/STM32G4xx_HAL_Driver/Src/stm32g4xx_hal.c.obj
                0x08005ba0                HAL_GetTick
 .text.HAL_Delay
                0x08005bb8       0x44 CMakeFiles/SleepWell.dir/Drivers/STM32G4xx_HAL_Driver/Src/stm32g4xx_hal.c.obj
                0x08005bb8                HAL_Delay
 .text.HAL_RCC_OscConfig
                0x08005bfc      0x624 CMakeFiles/SleepWell.dir/Drivers/STM32G4xx_HAL_Driver/Src/stm32g4xx_hal_rcc.c.obj
                0x08005bfc                HAL_RCC_OscConfig
 .text.HAL_RCC_ClockConfig
                0x08006220      0x278 CMakeFiles/SleepWell.dir/Drivers/STM32G4xx_HAL_Driver/Src/stm32g4xx_hal_rcc.c.obj
                0x08006220                HAL_RCC_ClockConfig
 .text.HAL_RCC_GetSysClockFreq
                0x08006498       0xc4 CMakeFiles/SleepWell.dir/Drivers/STM32G4xx_HAL_Driver/Src/stm32g4xx_hal_rcc.c.obj
                0x08006498                HAL_RCC_GetSysClockFreq
 .text.RCC_GetSysClockFreqFromPLLSource
                0x0800655c       0x8c CMakeFiles/SleepWell.dir/Drivers/STM32G4xx_HAL_Driver/Src/stm32g4xx_hal_rcc.c.obj
 .text.HAL_RCCEx_PeriphCLKConfig
                0x080065e8      0x3e0 CMakeFiles/SleepWell.dir/Drivers/STM32G4xx_HAL_Driver/Src/stm32g4xx_hal_rcc_ex.c.obj
                0x080065e8                HAL_RCCEx_PeriphCLKConfig
 .text.HAL_GPIO_Init
                0x080069c8      0x304 CMakeFiles/SleepWell.dir/Drivers/STM32G4xx_HAL_Driver/Src/stm32g4xx_hal_gpio.c.obj
                0x080069c8                HAL_GPIO_Init
 .text.HAL_GPIO_WritePin
                0x08006ccc       0x30 CMakeFiles/SleepWell.dir/Drivers/STM32G4xx_HAL_Driver/Src/stm32g4xx_hal_gpio.c.obj
                0x08006ccc                HAL_GPIO_WritePin
 .text.HAL_GPIO_TogglePin
                0x08006cfc       0x34 CMakeFiles/SleepWell.dir/Drivers/STM32G4xx_HAL_Driver/Src/stm32g4xx_hal_gpio.c.obj
                0x08006cfc                HAL_GPIO_TogglePin
 .text.HAL_GPIO_EXTI_IRQHandler
                0x08006d30       0x30 CMakeFiles/SleepWell.dir/Drivers/STM32G4xx_HAL_Driver/Src/stm32g4xx_hal_gpio.c.obj
                0x08006d30                HAL_GPIO_EXTI_IRQHandler
 .text.HAL_GPIO_EXTI_Callback
                0x08006d60       0x16 CMakeFiles/SleepWell.dir/Drivers/STM32G4xx_HAL_Driver/Src/stm32g4xx_hal_gpio.c.obj
                0x08006d60                HAL_GPIO_EXTI_Callback
 *fill*         0x08006d76        0x2 
 .text.HAL_PWREx_ControlVoltageScaling
                0x08006d78      0x148 CMakeFiles/SleepWell.dir/Drivers/STM32G4xx_HAL_Driver/Src/stm32g4xx_hal_pwr_ex.c.obj
                0x08006d78                HAL_PWREx_ControlVoltageScaling
 .text.HAL_PWREx_DisableUCPDDeadBattery
                0x08006ec0       0x20 CMakeFiles/SleepWell.dir/Drivers/STM32G4xx_HAL_Driver/Src/stm32g4xx_hal_pwr_ex.c.obj
                0x08006ec0                HAL_PWREx_DisableUCPDDeadBattery
 .text.__NVIC_SetPriorityGrouping
                0x08006ee0       0x48 CMakeFiles/SleepWell.dir/Drivers/STM32G4xx_HAL_Driver/Src/stm32g4xx_hal_cortex.c.obj
 .text.__NVIC_GetPriorityGrouping
                0x08006f28       0x1c CMakeFiles/SleepWell.dir/Drivers/STM32G4xx_HAL_Driver/Src/stm32g4xx_hal_cortex.c.obj
 .text.__NVIC_EnableIRQ
                0x08006f44       0x3c CMakeFiles/SleepWell.dir/Drivers/STM32G4xx_HAL_Driver/Src/stm32g4xx_hal_cortex.c.obj
 .text.__NVIC_SetPriority
                0x08006f80       0x54 CMakeFiles/SleepWell.dir/Drivers/STM32G4xx_HAL_Driver/Src/stm32g4xx_hal_cortex.c.obj
 .text.NVIC_EncodePriority
                0x08006fd4       0x66 CMakeFiles/SleepWell.dir/Drivers/STM32G4xx_HAL_Driver/Src/stm32g4xx_hal_cortex.c.obj
 *fill*         0x0800703a        0x2 
 .text.SysTick_Config
                0x0800703c       0x44 CMakeFiles/SleepWell.dir/Drivers/STM32G4xx_HAL_Driver/Src/stm32g4xx_hal_cortex.c.obj
 .text.HAL_NVIC_SetPriorityGrouping
                0x08007080       0x16 CMakeFiles/SleepWell.dir/Drivers/STM32G4xx_HAL_Driver/Src/stm32g4xx_hal_cortex.c.obj
                0x08007080                HAL_NVIC_SetPriorityGrouping
 .text.HAL_NVIC_SetPriority
                0x08007096       0x34 CMakeFiles/SleepWell.dir/Drivers/STM32G4xx_HAL_Driver/Src/stm32g4xx_hal_cortex.c.obj
                0x08007096                HAL_NVIC_SetPriority
 .text.HAL_NVIC_EnableIRQ
                0x080070ca       0x1c CMakeFiles/SleepWell.dir/Drivers/STM32G4xx_HAL_Driver/Src/stm32g4xx_hal_cortex.c.obj
                0x080070ca                HAL_NVIC_EnableIRQ
 .text.HAL_SYSTICK_Config
                0x080070e6       0x18 CMakeFiles/SleepWell.dir/Drivers/STM32G4xx_HAL_Driver/Src/stm32g4xx_hal_cortex.c.obj
                0x080070e6                HAL_SYSTICK_Config
 .text.HAL_I2C_Init
                0x080070fe      0x136 CMakeFiles/SleepWell.dir/Drivers/STM32G4xx_HAL_Driver/Src/stm32g4xx_hal_i2c.c.obj
                0x080070fe                HAL_I2C_Init
 .text.HAL_I2C_Mem_Read
                0x08007234      0x234 CMakeFiles/SleepWell.dir/Drivers/STM32G4xx_HAL_Driver/Src/stm32g4xx_hal_i2c.c.obj
                0x08007234                HAL_I2C_Mem_Read
 .text.I2C_RequestMemoryRead
                0x08007468       0xa8 CMakeFiles/SleepWell.dir/Drivers/STM32G4xx_HAL_Driver/Src/stm32g4xx_hal_i2c.c.obj
 .text.I2C_Flush_TXDR
                0x08007510       0x48 CMakeFiles/SleepWell.dir/Drivers/STM32G4xx_HAL_Driver/Src/stm32g4xx_hal_i2c.c.obj
 .text.I2C_WaitOnFlagUntilTimeout
                0x08007558       0xb2 CMakeFiles/SleepWell.dir/Drivers/STM32G4xx_HAL_Driver/Src/stm32g4xx_hal_i2c.c.obj
 .text.I2C_WaitOnTXISFlagUntilTimeout
                0x0800760a       0x8e CMakeFiles/SleepWell.dir/Drivers/STM32G4xx_HAL_Driver/Src/stm32g4xx_hal_i2c.c.obj
 .text.I2C_WaitOnSTOPFlagUntilTimeout
                0x08007698       0x86 CMakeFiles/SleepWell.dir/Drivers/STM32G4xx_HAL_Driver/Src/stm32g4xx_hal_i2c.c.obj
 *fill*         0x0800771e        0x2 
 .text.I2C_IsErrorOccurred
                0x08007720      0x1c0 CMakeFiles/SleepWell.dir/Drivers/STM32G4xx_HAL_Driver/Src/stm32g4xx_hal_i2c.c.obj
 .text.I2C_TransferConfig
                0x080078e0       0x64 CMakeFiles/SleepWell.dir/Drivers/STM32G4xx_HAL_Driver/Src/stm32g4xx_hal_i2c.c.obj
 .text.HAL_I2CEx_ConfigAnalogFilter
                0x08007944       0x96 CMakeFiles/SleepWell.dir/Drivers/STM32G4xx_HAL_Driver/Src/stm32g4xx_hal_i2c_ex.c.obj
                0x08007944                HAL_I2CEx_ConfigAnalogFilter
 .text.HAL_I2CEx_ConfigDigitalFilter
                0x080079da       0x98 CMakeFiles/SleepWell.dir/Drivers/STM32G4xx_HAL_Driver/Src/stm32g4xx_hal_i2c_ex.c.obj
                0x080079da                HAL_I2CEx_ConfigDigitalFilter
 .text.HAL_SPI_Init
                0x08007a72      0x156 CMakeFiles/SleepWell.dir/Drivers/STM32G4xx_HAL_Driver/Src/stm32g4xx_hal_spi.c.obj
                0x08007a72                HAL_SPI_Init
 .text.HAL_SPI_TransmitReceive
                0x08007bc8      0x43e CMakeFiles/SleepWell.dir/Drivers/STM32G4xx_HAL_Driver/Src/stm32g4xx_hal_spi.c.obj
                0x08007bc8                HAL_SPI_TransmitReceive
 *fill*         0x08008006        0x2 
 .text.SPI_WaitFlagStateUntilTimeout
                0x08008008      0x110 CMakeFiles/SleepWell.dir/Drivers/STM32G4xx_HAL_Driver/Src/stm32g4xx_hal_spi.c.obj
 .text.SPI_WaitFifoStateUntilTimeout
                0x08008118      0x12c CMakeFiles/SleepWell.dir/Drivers/STM32G4xx_HAL_Driver/Src/stm32g4xx_hal_spi.c.obj
 .text.SPI_EndRxTxTransaction
                0x08008244       0x8c CMakeFiles/SleepWell.dir/Drivers/STM32G4xx_HAL_Driver/Src/stm32g4xx_hal_spi.c.obj
 .text.SystemInit
                0x080082d0       0x24 CMakeFiles/SleepWell.dir/Core/Src/system_stm32g4xx.c.obj
                0x080082d0                SystemInit
 .text.disk_status
                0x080082f4       0x34 CMakeFiles/SleepWell.dir/Middlewares/Third_Party/FatFs/src/diskio.c.obj
                0x080082f4                disk_status
 .text.disk_initialize
                0x08008328       0x4c CMakeFiles/SleepWell.dir/Middlewares/Third_Party/FatFs/src/diskio.c.obj
                0x08008328                disk_initialize
 .text.disk_read
                0x08008374       0x40 CMakeFiles/SleepWell.dir/Middlewares/Third_Party/FatFs/src/diskio.c.obj
                0x08008374                disk_read
 .text.disk_write
                0x080083b4       0x40 CMakeFiles/SleepWell.dir/Middlewares/Third_Party/FatFs/src/diskio.c.obj
                0x080083b4                disk_write
 .text.disk_ioctl
                0x080083f4       0x3c CMakeFiles/SleepWell.dir/Middlewares/Third_Party/FatFs/src/diskio.c.obj
                0x080083f4                disk_ioctl
 .text.ld_word  0x08008430       0x30 CMakeFiles/SleepWell.dir/Middlewares/Third_Party/FatFs/src/ff.c.obj
 .text.ld_dword
                0x08008460       0x46 CMakeFiles/SleepWell.dir/Middlewares/Third_Party/FatFs/src/ff.c.obj
 .text.st_word  0x080084a6       0x36 CMakeFiles/SleepWell.dir/Middlewares/Third_Party/FatFs/src/ff.c.obj
 .text.st_dword
                0x080084dc       0x58 CMakeFiles/SleepWell.dir/Middlewares/Third_Party/FatFs/src/ff.c.obj
 .text.mem_cpy  0x08008534       0x42 CMakeFiles/SleepWell.dir/Middlewares/Third_Party/FatFs/src/ff.c.obj
 .text.mem_set  0x08008576       0x36 CMakeFiles/SleepWell.dir/Middlewares/Third_Party/FatFs/src/ff.c.obj
 .text.mem_cmp  0x080085ac       0x4e CMakeFiles/SleepWell.dir/Middlewares/Third_Party/FatFs/src/ff.c.obj
 .text.chk_chr  0x080085fa       0x36 CMakeFiles/SleepWell.dir/Middlewares/Third_Party/FatFs/src/ff.c.obj
 .text.chk_lock
                0x08008630       0xb8 CMakeFiles/SleepWell.dir/Middlewares/Third_Party/FatFs/src/ff.c.obj
 .text.enq_lock
                0x080086e8       0x44 CMakeFiles/SleepWell.dir/Middlewares/Third_Party/FatFs/src/ff.c.obj
 .text.inc_lock
                0x0800872c      0x11c CMakeFiles/SleepWell.dir/Middlewares/Third_Party/FatFs/src/ff.c.obj
 .text.dec_lock
                0x08008848       0x78 CMakeFiles/SleepWell.dir/Middlewares/Third_Party/FatFs/src/ff.c.obj
 .text.clear_lock
                0x080088c0       0x48 CMakeFiles/SleepWell.dir/Middlewares/Third_Party/FatFs/src/ff.c.obj
 .text.sync_window
                0x08008908       0x88 CMakeFiles/SleepWell.dir/Middlewares/Third_Party/FatFs/src/ff.c.obj
 .text.move_window
                0x08008990       0x5a CMakeFiles/SleepWell.dir/Middlewares/Third_Party/FatFs/src/ff.c.obj
 *fill*         0x080089ea        0x2 
 .text.sync_fs  0x080089ec       0xdc CMakeFiles/SleepWell.dir/Middlewares/Third_Party/FatFs/src/ff.c.obj
 .text.clust2sect
                0x08008ac8       0x3e CMakeFiles/SleepWell.dir/Middlewares/Third_Party/FatFs/src/ff.c.obj
 .text.get_fat  0x08008b06      0x14e CMakeFiles/SleepWell.dir/Middlewares/Third_Party/FatFs/src/ff.c.obj
 .text.put_fat  0x08008c54      0x1d4 CMakeFiles/SleepWell.dir/Middlewares/Third_Party/FatFs/src/ff.c.obj
 .text.remove_chain
                0x08008e28       0xca CMakeFiles/SleepWell.dir/Middlewares/Third_Party/FatFs/src/ff.c.obj
 .text.create_chain
                0x08008ef2      0x130 CMakeFiles/SleepWell.dir/Middlewares/Third_Party/FatFs/src/ff.c.obj
 .text.clmt_clust
                0x08009022       0x68 CMakeFiles/SleepWell.dir/Middlewares/Third_Party/FatFs/src/ff.c.obj
 .text.dir_sdi  0x0800908a       0xf6 CMakeFiles/SleepWell.dir/Middlewares/Third_Party/FatFs/src/ff.c.obj
 .text.dir_next
                0x08009180      0x18a CMakeFiles/SleepWell.dir/Middlewares/Third_Party/FatFs/src/ff.c.obj
 .text.dir_alloc
                0x0800930a       0x8e CMakeFiles/SleepWell.dir/Middlewares/Third_Party/FatFs/src/ff.c.obj
 .text.ld_clust
                0x08009398       0x3e CMakeFiles/SleepWell.dir/Middlewares/Third_Party/FatFs/src/ff.c.obj
 .text.st_clust
                0x080093d6       0x40 CMakeFiles/SleepWell.dir/Middlewares/Third_Party/FatFs/src/ff.c.obj
 .text.dir_find
                0x08009416       0xaa CMakeFiles/SleepWell.dir/Middlewares/Third_Party/FatFs/src/ff.c.obj
 .text.dir_register
                0x080094c0       0x64 CMakeFiles/SleepWell.dir/Middlewares/Third_Party/FatFs/src/ff.c.obj
 .text.create_name
                0x08009524      0x128 CMakeFiles/SleepWell.dir/Middlewares/Third_Party/FatFs/src/ff.c.obj
 .text.follow_path
                0x0800964c       0xe2 CMakeFiles/SleepWell.dir/Middlewares/Third_Party/FatFs/src/ff.c.obj
 .text.get_ldnumber
                0x0800972e       0x88 CMakeFiles/SleepWell.dir/Middlewares/Third_Party/FatFs/src/ff.c.obj
 *fill*         0x080097b6        0x2 
 .text.check_fs
                0x080097b8       0xac CMakeFiles/SleepWell.dir/Middlewares/Third_Party/FatFs/src/ff.c.obj
 .text.find_volume
                0x08009864      0x498 CMakeFiles/SleepWell.dir/Middlewares/Third_Party/FatFs/src/ff.c.obj
 .text.validate
                0x08009cfc       0x6a CMakeFiles/SleepWell.dir/Middlewares/Third_Party/FatFs/src/ff.c.obj
 *fill*         0x08009d66        0x2 
 .text.f_mount  0x08009d68       0x8c CMakeFiles/SleepWell.dir/Middlewares/Third_Party/FatFs/src/ff.c.obj
                0x08009d68                f_mount
 .text.f_open   0x08009df4      0x374 CMakeFiles/SleepWell.dir/Middlewares/Third_Party/FatFs/src/ff.c.obj
                0x08009df4                f_open
 .text.f_read   0x0800a168      0x27e CMakeFiles/SleepWell.dir/Middlewares/Third_Party/FatFs/src/ff.c.obj
                0x0800a168                f_read
 .text.f_write  0x0800a3e6      0x2ea CMakeFiles/SleepWell.dir/Middlewares/Third_Party/FatFs/src/ff.c.obj
                0x0800a3e6                f_write
 .text.f_sync   0x0800a6d0       0xfc CMakeFiles/SleepWell.dir/Middlewares/Third_Party/FatFs/src/ff.c.obj
                0x0800a6d0                f_sync
 .text.f_close  0x0800a7cc       0x54 CMakeFiles/SleepWell.dir/Middlewares/Third_Party/FatFs/src/ff.c.obj
                0x0800a7cc                f_close
 .text.f_lseek  0x0800a820      0x412 CMakeFiles/SleepWell.dir/Middlewares/Third_Party/FatFs/src/ff.c.obj
                0x0800a820                f_lseek
 .text.f_gets   0x0800ac32       0x7c CMakeFiles/SleepWell.dir/Middlewares/Third_Party/FatFs/src/ff.c.obj
                0x0800ac32                f_gets
 *fill*         0x0800acae        0x2 
 .text.FATFS_LinkDriverEx
                0x0800acb0       0x98 CMakeFiles/SleepWell.dir/Middlewares/Third_Party/FatFs/src/ff_gen_drv.c.obj
                0x0800acb0                FATFS_LinkDriverEx
 .text.FATFS_LinkDriver
                0x0800ad48       0x1e CMakeFiles/SleepWell.dir/Middlewares/Third_Party/FatFs/src/ff_gen_drv.c.obj
                0x0800ad48                FATFS_LinkDriver
 .text.USBD_Init
                0x0800ad66       0x60 CMakeFiles/SleepWell.dir/Middlewares/ST/STM32_USB_Device_Library/Core/Src/usbd_core.c.obj
                0x0800ad66                USBD_Init
 .text.USBD_RegisterClass
                0x0800adc6       0x4e CMakeFiles/SleepWell.dir/Middlewares/ST/STM32_USB_Device_Library/Core/Src/usbd_core.c.obj
                0x0800adc6                USBD_RegisterClass
 .text.USBD_Start
                0x0800ae14       0x18 CMakeFiles/SleepWell.dir/Middlewares/ST/STM32_USB_Device_Library/Core/Src/usbd_core.c.obj
                0x0800ae14                USBD_Start
 .text.USBD_RunTestMode
                0x0800ae2c       0x16 CMakeFiles/SleepWell.dir/Middlewares/ST/STM32_USB_Device_Library/Core/Src/usbd_core.c.obj
                0x0800ae2c                USBD_RunTestMode
 .text.USBD_SetClassConfig
                0x0800ae42       0x38 CMakeFiles/SleepWell.dir/Middlewares/ST/STM32_USB_Device_Library/Core/Src/usbd_core.c.obj
                0x0800ae42                USBD_SetClassConfig
 .text.USBD_ClrClassConfig
                0x0800ae7a       0x30 CMakeFiles/SleepWell.dir/Middlewares/ST/STM32_USB_Device_Library/Core/Src/usbd_core.c.obj
                0x0800ae7a                USBD_ClrClassConfig
 .text.USBD_LL_SetupStage
                0x0800aeaa       0xaa CMakeFiles/SleepWell.dir/Middlewares/ST/STM32_USB_Device_Library/Core/Src/usbd_core.c.obj
                0x0800aeaa                USBD_LL_SetupStage
 .text.USBD_LL_DataOutStage
                0x0800af54       0xc6 CMakeFiles/SleepWell.dir/Middlewares/ST/STM32_USB_Device_Library/Core/Src/usbd_core.c.obj
                0x0800af54                USBD_LL_DataOutStage
 .text.USBD_LL_DataInStage
                0x0800b01a      0x12c CMakeFiles/SleepWell.dir/Middlewares/ST/STM32_USB_Device_Library/Core/Src/usbd_core.c.obj
                0x0800b01a                USBD_LL_DataInStage
 .text.USBD_LL_Reset
                0x0800b146       0x9c CMakeFiles/SleepWell.dir/Middlewares/ST/STM32_USB_Device_Library/Core/Src/usbd_core.c.obj
                0x0800b146                USBD_LL_Reset
 .text.USBD_LL_SetSpeed
                0x0800b1e2       0x20 CMakeFiles/SleepWell.dir/Middlewares/ST/STM32_USB_Device_Library/Core/Src/usbd_core.c.obj
                0x0800b1e2                USBD_LL_SetSpeed
 .text.USBD_LL_Suspend
                0x0800b202       0x2c CMakeFiles/SleepWell.dir/Middlewares/ST/STM32_USB_Device_Library/Core/Src/usbd_core.c.obj
                0x0800b202                USBD_LL_Suspend
 .text.USBD_LL_Resume
                0x0800b22e       0x30 CMakeFiles/SleepWell.dir/Middlewares/ST/STM32_USB_Device_Library/Core/Src/usbd_core.c.obj
                0x0800b22e                USBD_LL_Resume
 .text.USBD_LL_SOF
                0x0800b25e       0x44 CMakeFiles/SleepWell.dir/Middlewares/ST/STM32_USB_Device_Library/Core/Src/usbd_core.c.obj
                0x0800b25e                USBD_LL_SOF
 .text.SWAPBYTE
                0x0800b2a2       0x3c CMakeFiles/SleepWell.dir/Middlewares/ST/STM32_USB_Device_Library/Core/Src/usbd_ctlreq.c.obj
 *fill*         0x0800b2de        0x2 
 .text.USBD_StdDevReq
                0x0800b2e0       0xdc CMakeFiles/SleepWell.dir/Middlewares/ST/STM32_USB_Device_Library/Core/Src/usbd_ctlreq.c.obj
                0x0800b2e0                USBD_StdDevReq
 .text.USBD_StdItfReq
                0x0800b3bc       0x92 CMakeFiles/SleepWell.dir/Middlewares/ST/STM32_USB_Device_Library/Core/Src/usbd_ctlreq.c.obj
                0x0800b3bc                USBD_StdItfReq
 .text.USBD_StdEPReq
                0x0800b44e      0x2c4 CMakeFiles/SleepWell.dir/Middlewares/ST/STM32_USB_Device_Library/Core/Src/usbd_ctlreq.c.obj
                0x0800b44e                USBD_StdEPReq
 *fill*         0x0800b712        0x2 
 .text.USBD_GetDescriptor
                0x0800b714      0x328 CMakeFiles/SleepWell.dir/Middlewares/ST/STM32_USB_Device_Library/Core/Src/usbd_ctlreq.c.obj
 .text.USBD_SetAddress
                0x0800ba3c       0x88 CMakeFiles/SleepWell.dir/Middlewares/ST/STM32_USB_Device_Library/Core/Src/usbd_ctlreq.c.obj
 .text.USBD_SetConfig
                0x0800bac4      0x14c CMakeFiles/SleepWell.dir/Middlewares/ST/STM32_USB_Device_Library/Core/Src/usbd_ctlreq.c.obj
 .text.USBD_GetConfig
                0x0800bc10       0x6c CMakeFiles/SleepWell.dir/Middlewares/ST/STM32_USB_Device_Library/Core/Src/usbd_ctlreq.c.obj
 .text.USBD_GetStatus
                0x0800bc7c       0x68 CMakeFiles/SleepWell.dir/Middlewares/ST/STM32_USB_Device_Library/Core/Src/usbd_ctlreq.c.obj
 .text.USBD_SetFeature
                0x0800bce4       0x28 CMakeFiles/SleepWell.dir/Middlewares/ST/STM32_USB_Device_Library/Core/Src/usbd_ctlreq.c.obj
 .text.USBD_ClrFeature
                0x0800bd0c       0x44 CMakeFiles/SleepWell.dir/Middlewares/ST/STM32_USB_Device_Library/Core/Src/usbd_ctlreq.c.obj
 .text.USBD_ParseSetupRequest
                0x0800bd50       0x74 CMakeFiles/SleepWell.dir/Middlewares/ST/STM32_USB_Device_Library/Core/Src/usbd_ctlreq.c.obj
                0x0800bd50                USBD_ParseSetupRequest
 .text.USBD_CtlError
                0x0800bdc4       0x22 CMakeFiles/SleepWell.dir/Middlewares/ST/STM32_USB_Device_Library/Core/Src/usbd_ctlreq.c.obj
                0x0800bdc4                USBD_CtlError
 .text.USBD_GetString
                0x0800bde6       0x8c CMakeFiles/SleepWell.dir/Middlewares/ST/STM32_USB_Device_Library/Core/Src/usbd_ctlreq.c.obj
                0x0800bde6                USBD_GetString
 .text.USBD_GetLen
                0x0800be72       0x34 CMakeFiles/SleepWell.dir/Middlewares/ST/STM32_USB_Device_Library/Core/Src/usbd_ctlreq.c.obj
 .text.USBD_CtlSendData
                0x0800bea6       0x36 CMakeFiles/SleepWell.dir/Middlewares/ST/STM32_USB_Device_Library/Core/Src/usbd_ioreq.c.obj
                0x0800bea6                USBD_CtlSendData
 .text.USBD_CtlContinueSendData
                0x0800bedc       0x22 CMakeFiles/SleepWell.dir/Middlewares/ST/STM32_USB_Device_Library/Core/Src/usbd_ioreq.c.obj
                0x0800bedc                USBD_CtlContinueSendData
 .text.USBD_CtlContinueRx
                0x0800befe       0x22 CMakeFiles/SleepWell.dir/Middlewares/ST/STM32_USB_Device_Library/Core/Src/usbd_ioreq.c.obj
                0x0800befe                USBD_CtlContinueRx
 .text.USBD_CtlSendStatus
                0x0800bf20       0x26 CMakeFiles/SleepWell.dir/Middlewares/ST/STM32_USB_Device_Library/Core/Src/usbd_ioreq.c.obj
                0x0800bf20                USBD_CtlSendStatus
 .text.USBD_CtlReceiveStatus
                0x0800bf46       0x26 CMakeFiles/SleepWell.dir/Middlewares/ST/STM32_USB_Device_Library/Core/Src/usbd_ioreq.c.obj
                0x0800bf46                USBD_CtlReceiveStatus
 .text.USBD_MSC_Init
                0x0800bf6c       0x9a CMakeFiles/SleepWell.dir/Middlewares/ST/STM32_USB_Device_Library/Class/MSC/Src/usbd_msc.c.obj
                0x0800bf6c                USBD_MSC_Init
 .text.USBD_MSC_DeInit
                0x0800c006       0x58 CMakeFiles/SleepWell.dir/Middlewares/ST/STM32_USB_Device_Library/Class/MSC/Src/usbd_msc.c.obj
                0x0800c006                USBD_MSC_DeInit
 *fill*         0x0800c05e        0x2 
 .text.USBD_MSC_Setup
                0x0800c060      0x1e4 CMakeFiles/SleepWell.dir/Middlewares/ST/STM32_USB_Device_Library/Class/MSC/Src/usbd_msc.c.obj
                0x0800c060                USBD_MSC_Setup
 .text.USBD_MSC_DataIn
                0x0800c244       0x20 CMakeFiles/SleepWell.dir/Middlewares/ST/STM32_USB_Device_Library/Class/MSC/Src/usbd_msc.c.obj
                0x0800c244                USBD_MSC_DataIn
 .text.USBD_MSC_DataOut
                0x0800c264       0x20 CMakeFiles/SleepWell.dir/Middlewares/ST/STM32_USB_Device_Library/Class/MSC/Src/usbd_msc.c.obj
                0x0800c264                USBD_MSC_DataOut
 .text.USBD_MSC_GetHSCfgDesc
                0x0800c284       0x20 CMakeFiles/SleepWell.dir/Middlewares/ST/STM32_USB_Device_Library/Class/MSC/Src/usbd_msc.c.obj
                0x0800c284                USBD_MSC_GetHSCfgDesc
 .text.USBD_MSC_GetFSCfgDesc
                0x0800c2a4       0x20 CMakeFiles/SleepWell.dir/Middlewares/ST/STM32_USB_Device_Library/Class/MSC/Src/usbd_msc.c.obj
                0x0800c2a4                USBD_MSC_GetFSCfgDesc
 .text.USBD_MSC_GetOtherSpeedCfgDesc
                0x0800c2c4       0x20 CMakeFiles/SleepWell.dir/Middlewares/ST/STM32_USB_Device_Library/Class/MSC/Src/usbd_msc.c.obj
                0x0800c2c4                USBD_MSC_GetOtherSpeedCfgDesc
 .text.USBD_MSC_GetDeviceQualifierDescriptor
                0x0800c2e4       0x20 CMakeFiles/SleepWell.dir/Middlewares/ST/STM32_USB_Device_Library/Class/MSC/Src/usbd_msc.c.obj
                0x0800c2e4                USBD_MSC_GetDeviceQualifierDescriptor
 .text.USBD_MSC_RegisterStorage
                0x0800c304       0x2a CMakeFiles/SleepWell.dir/Middlewares/ST/STM32_USB_Device_Library/Class/MSC/Src/usbd_msc.c.obj
                0x0800c304                USBD_MSC_RegisterStorage
 .text.MSC_BOT_Init
                0x0800c32e       0x70 CMakeFiles/SleepWell.dir/Middlewares/ST/STM32_USB_Device_Library/Class/MSC/Src/usbd_msc_bot.c.obj
                0x0800c32e                MSC_BOT_Init
 .text.MSC_BOT_Reset
                0x0800c39e       0x4c CMakeFiles/SleepWell.dir/Middlewares/ST/STM32_USB_Device_Library/Class/MSC/Src/usbd_msc_bot.c.obj
                0x0800c39e                MSC_BOT_Reset
 .text.MSC_BOT_DeInit
                0x0800c3ea       0x28 CMakeFiles/SleepWell.dir/Middlewares/ST/STM32_USB_Device_Library/Class/MSC/Src/usbd_msc_bot.c.obj
                0x0800c3ea                MSC_BOT_DeInit
 .text.MSC_BOT_DataIn
                0x0800c412       0x6c CMakeFiles/SleepWell.dir/Middlewares/ST/STM32_USB_Device_Library/Class/MSC/Src/usbd_msc_bot.c.obj
                0x0800c412                MSC_BOT_DataIn
 .text.MSC_BOT_DataOut
                0x0800c47e       0x60 CMakeFiles/SleepWell.dir/Middlewares/ST/STM32_USB_Device_Library/Class/MSC/Src/usbd_msc_bot.c.obj
                0x0800c47e                MSC_BOT_DataOut
 *fill*         0x0800c4de        0x2 
 .text.MSC_BOT_CBW_Decode
                0x0800c4e0      0x118 CMakeFiles/SleepWell.dir/Middlewares/ST/STM32_USB_Device_Library/Class/MSC/Src/usbd_msc_bot.c.obj
 .text.MSC_BOT_SendData
                0x0800c5f8       0x5e CMakeFiles/SleepWell.dir/Middlewares/ST/STM32_USB_Device_Library/Class/MSC/Src/usbd_msc_bot.c.obj
 *fill*         0x0800c656        0x2 
 .text.MSC_BOT_SendCSW
                0x0800c658       0x60 CMakeFiles/SleepWell.dir/Middlewares/ST/STM32_USB_Device_Library/Class/MSC/Src/usbd_msc_bot.c.obj
                0x0800c658                MSC_BOT_SendCSW
 .text.MSC_BOT_Abort
                0x0800c6b8       0x64 CMakeFiles/SleepWell.dir/Middlewares/ST/STM32_USB_Device_Library/Class/MSC/Src/usbd_msc_bot.c.obj
 .text.MSC_BOT_CplClrFeature
                0x0800c71c       0x5a CMakeFiles/SleepWell.dir/Middlewares/ST/STM32_USB_Device_Library/Class/MSC/Src/usbd_msc_bot.c.obj
                0x0800c71c                MSC_BOT_CplClrFeature
 *fill*         0x0800c776        0x2 
 .text.SCSI_ProcessCmd
                0x0800c778      0x2fc CMakeFiles/SleepWell.dir/Middlewares/ST/STM32_USB_Device_Library/Class/MSC/Src/usbd_msc_scsi.c.obj
                0x0800c778                SCSI_ProcessCmd
 .text.SCSI_TestUnitReady
                0x0800ca74       0xa0 CMakeFiles/SleepWell.dir/Middlewares/ST/STM32_USB_Device_Library/Class/MSC/Src/usbd_msc_scsi.c.obj
 .text.SCSI_Inquiry
                0x0800cb14       0xe8 CMakeFiles/SleepWell.dir/Middlewares/ST/STM32_USB_Device_Library/Class/MSC/Src/usbd_msc_scsi.c.obj
 .text.SCSI_ReadCapacity10
                0x0800cbfc       0xea CMakeFiles/SleepWell.dir/Middlewares/ST/STM32_USB_Device_Library/Class/MSC/Src/usbd_msc_scsi.c.obj
 .text.SCSI_ReadCapacity16
                0x0800cce6      0x154 CMakeFiles/SleepWell.dir/Middlewares/ST/STM32_USB_Device_Library/Class/MSC/Src/usbd_msc_scsi.c.obj
 .text.SCSI_ReadFormatCapacity
                0x0800ce3a       0xe4 CMakeFiles/SleepWell.dir/Middlewares/ST/STM32_USB_Device_Library/Class/MSC/Src/usbd_msc_scsi.c.obj
 *fill*         0x0800cf1e        0x2 
 .text.SCSI_ModeSense6
                0x0800cf20       0x58 CMakeFiles/SleepWell.dir/Middlewares/ST/STM32_USB_Device_Library/Class/MSC/Src/usbd_msc_scsi.c.obj
 .text.SCSI_ModeSense10
                0x0800cf78       0x58 CMakeFiles/SleepWell.dir/Middlewares/ST/STM32_USB_Device_Library/Class/MSC/Src/usbd_msc_scsi.c.obj
 .text.SCSI_RequestSense
                0x0800cfd0       0xfe CMakeFiles/SleepWell.dir/Middlewares/ST/STM32_USB_Device_Library/Class/MSC/Src/usbd_msc_scsi.c.obj
 .text.SCSI_SenseCode
                0x0800d0ce       0x8e CMakeFiles/SleepWell.dir/Middlewares/ST/STM32_USB_Device_Library/Class/MSC/Src/usbd_msc_scsi.c.obj
                0x0800d0ce                SCSI_SenseCode
 .text.SCSI_StartStopUnit
                0x0800d15c       0xa2 CMakeFiles/SleepWell.dir/Middlewares/ST/STM32_USB_Device_Library/Class/MSC/Src/usbd_msc_scsi.c.obj
 .text.SCSI_AllowPreventRemovable
                0x0800d1fe       0x52 CMakeFiles/SleepWell.dir/Middlewares/ST/STM32_USB_Device_Library/Class/MSC/Src/usbd_msc_scsi.c.obj
 .text.SCSI_Read10
                0x0800d250      0x140 CMakeFiles/SleepWell.dir/Middlewares/ST/STM32_USB_Device_Library/Class/MSC/Src/usbd_msc_scsi.c.obj
 .text.SCSI_Read12
                0x0800d390      0x156 CMakeFiles/SleepWell.dir/Middlewares/ST/STM32_USB_Device_Library/Class/MSC/Src/usbd_msc_scsi.c.obj
 .text.SCSI_Write10
                0x0800d4e6      0x18a CMakeFiles/SleepWell.dir/Middlewares/ST/STM32_USB_Device_Library/Class/MSC/Src/usbd_msc_scsi.c.obj
 .text.SCSI_Write12
                0x0800d670      0x1aa CMakeFiles/SleepWell.dir/Middlewares/ST/STM32_USB_Device_Library/Class/MSC/Src/usbd_msc_scsi.c.obj
 .text.SCSI_Verify10
                0x0800d81a       0x72 CMakeFiles/SleepWell.dir/Middlewares/ST/STM32_USB_Device_Library/Class/MSC/Src/usbd_msc_scsi.c.obj
 .text.SCSI_CheckAddressRange
                0x0800d88c       0x50 CMakeFiles/SleepWell.dir/Middlewares/ST/STM32_USB_Device_Library/Class/MSC/Src/usbd_msc_scsi.c.obj
 .text.SCSI_ProcessRead
                0x0800d8dc       0xf2 CMakeFiles/SleepWell.dir/Middlewares/ST/STM32_USB_Device_Library/Class/MSC/Src/usbd_msc_scsi.c.obj
 .text.SCSI_ProcessWrite
                0x0800d9ce      0x112 CMakeFiles/SleepWell.dir/Middlewares/ST/STM32_USB_Device_Library/Class/MSC/Src/usbd_msc_scsi.c.obj
 .text.SCSI_UpdateBotData
                0x0800dae0       0x52 CMakeFiles/SleepWell.dir/Middlewares/ST/STM32_USB_Device_Library/Class/MSC/Src/usbd_msc_scsi.c.obj
 *fill*         0x0800db32        0x2 
 .text._sbrk    0x0800db34       0x6c CMakeFiles/SleepWell.dir/Core/Src/sysmem.c.obj
                0x0800db34                _sbrk
 .text.Reset_Handler
                0x0800dba0       0x50 CMakeFiles/SleepWell.dir/startup_stm32g431xx.s.obj
                0x0800dba0                Reset_Handler
 .text.Default_Handler
                0x0800dbf0        0x2 CMakeFiles/SleepWell.dir/startup_stm32g431xx.s.obj
                0x0800dbf0                RTC_Alarm_IRQHandler
                0x0800dbf0                EXTI2_IRQHandler
                0x0800dbf0                TIM8_TRG_COM_IRQHandler
                0x0800dbf0                TIM8_CC_IRQHandler
                0x0800dbf0                TIM1_CC_IRQHandler
                0x0800dbf0                USB_HP_IRQHandler
                0x0800dbf0                CORDIC_IRQHandler
                0x0800dbf0                EXTI3_IRQHandler
                0x0800dbf0                I2C3_ER_IRQHandler
                0x0800dbf0                I2C2_EV_IRQHandler
                0x0800dbf0                FPU_IRQHandler
                0x0800dbf0                FDCAN1_IT1_IRQHandler
                0x0800dbf0                TIM1_UP_TIM16_IRQHandler
                0x0800dbf0                ADC1_2_IRQHandler
                0x0800dbf0                SPI1_IRQHandler
                0x0800dbf0                TIM6_DAC_IRQHandler
                0x0800dbf0                TIM8_UP_IRQHandler
                0x0800dbf0                DMA2_Channel2_IRQHandler
                0x0800dbf0                DMA1_Channel4_IRQHandler
                0x0800dbf0                USART3_IRQHandler
                0x0800dbf0                TIM4_IRQHandler
                0x0800dbf0                DMA2_Channel1_IRQHandler
                0x0800dbf0                I2C1_EV_IRQHandler
                0x0800dbf0                DMA1_Channel6_IRQHandler
                0x0800dbf0                UART4_IRQHandler
                0x0800dbf0                DMA2_Channel4_IRQHandler
                0x0800dbf0                TIM3_IRQHandler
                0x0800dbf0                RCC_IRQHandler
                0x0800dbf0                DMA1_Channel1_IRQHandler
                0x0800dbf0                Default_Handler
                0x0800dbf0                RTC_TAMP_LSECSS_IRQHandler
                0x0800dbf0                FMAC_IRQHandler
                0x0800dbf0                EXTI15_10_IRQHandler
                0x0800dbf0                TIM7_IRQHandler
                0x0800dbf0                UCPD1_IRQHandler
                0x0800dbf0                I2C3_EV_IRQHandler
                0x0800dbf0                RTC_WKUP_IRQHandler
                0x0800dbf0                PVD_PVM_IRQHandler
                0x0800dbf0                SPI2_IRQHandler
                0x0800dbf0                DMA2_Channel5_IRQHandler
                0x0800dbf0                CRS_IRQHandler
                0x0800dbf0                DMA1_Channel5_IRQHandler
                0x0800dbf0                EXTI4_IRQHandler
                0x0800dbf0                RNG_IRQHandler
                0x0800dbf0                TIM1_TRG_COM_TIM17_IRQHandler
                0x0800dbf0                DMA1_Channel3_IRQHandler
                0x0800dbf0                WWDG_IRQHandler
                0x0800dbf0                LPUART1_IRQHandler
                0x0800dbf0                DMA2_Channel6_IRQHandler
                0x0800dbf0                FDCAN1_IT0_IRQHandler
                0x0800dbf0                TIM2_IRQHandler
                0x0800dbf0                COMP1_2_3_IRQHandler
                0x0800dbf0                EXTI1_IRQHandler
                0x0800dbf0                USART2_IRQHandler
                0x0800dbf0                I2C2_ER_IRQHandler
                0x0800dbf0                DMA1_Channel2_IRQHandler
                0x0800dbf0                TIM8_BRK_IRQHandler
                0x0800dbf0                FLASH_IRQHandler
                0x0800dbf0                USART1_IRQHandler
                0x0800dbf0                SPI3_IRQHandler
                0x0800dbf0                I2C1_ER_IRQHandler
                0x0800dbf0                LPTIM1_IRQHandler
                0x0800dbf0                DMAMUX_OVR_IRQHandler
                0x0800dbf0                USBWakeUp_IRQHandler
                0x0800dbf0                SAI1_IRQHandler
                0x0800dbf0                DMA2_Channel3_IRQHandler
                0x0800dbf0                COMP4_IRQHandler
                0x0800dbf0                TIM1_BRK_TIM15_IRQHandler
 *fill*         0x0800dbf2        0x2 
 .text.snprintf
                0x0800dbf4       0x68 C:/ST/STM32CubeCLT_1.17.0/GNU-tools-for-STM32/bin/../lib/gcc/arm-none-eabi/12.3.1/../../../../arm-none-eabi/lib/thumb/v7e-m+fp/hard\libg_nano.a(libc_a-snprintf.o)
                0x0800dbf4                sniprintf
                0x0800dbf4                snprintf
 .text.sscanf   0x0800dc5c       0x54 C:/ST/STM32CubeCLT_1.17.0/GNU-tools-for-STM32/bin/../lib/gcc/arm-none-eabi/12.3.1/../../../../arm-none-eabi/lib/thumb/v7e-m+fp/hard\libg_nano.a(libc_a-sscanf.o)
                0x0800dc5c                siscanf
                0x0800dc5c                sscanf
 .text._vsnprintf_r
                0x0800dcb0       0x56 C:/ST/STM32CubeCLT_1.17.0/GNU-tools-for-STM32/bin/../lib/gcc/arm-none-eabi/12.3.1/../../../../arm-none-eabi/lib/thumb/v7e-m+fp/hard\libg_nano.a(libc_a-vsnprintf.o)
                0x0800dcb0                _vsniprintf_r
                0x0800dcb0                _vsnprintf_r
 *fill*         0x0800dd06        0x2 
 .text.vsnprintf
                0x0800dd08       0x1c C:/ST/STM32CubeCLT_1.17.0/GNU-tools-for-STM32/bin/../lib/gcc/arm-none-eabi/12.3.1/../../../../arm-none-eabi/lib/thumb/v7e-m+fp/hard\libg_nano.a(libc_a-vsnprintf.o)
                0x0800dd08                vsniprintf
                0x0800dd08                vsnprintf
 .text.__errno  0x0800dd24        0xc C:/ST/STM32CubeCLT_1.17.0/GNU-tools-for-STM32/bin/../lib/gcc/arm-none-eabi/12.3.1/../../../../arm-none-eabi/lib/thumb/v7e-m+fp/hard\libg_nano.a(libc_a-errno.o)
                0x0800dd24                __errno
 .text.memcpy   0x0800dd30       0x1c C:/ST/STM32CubeCLT_1.17.0/GNU-tools-for-STM32/bin/../lib/gcc/arm-none-eabi/12.3.1/../../../../arm-none-eabi/lib/thumb/v7e-m+fp/hard\libg_nano.a(libc_a-memcpy-stub.o)
                0x0800dd30                memcpy
 .text.__ssputs_r
                0x0800dd4c       0xb6 C:/ST/STM32CubeCLT_1.17.0/GNU-tools-for-STM32/bin/../lib/gcc/arm-none-eabi/12.3.1/../../../../arm-none-eabi/lib/thumb/v7e-m+fp/hard\libg_nano.a(libc_a-nano-svfprintf.o)
                0x0800dd4c                __ssputs_r
 *fill*         0x0800de02        0x2 
 .text._svfprintf_r
                0x0800de04      0x1f8 C:/ST/STM32CubeCLT_1.17.0/GNU-tools-for-STM32/bin/../lib/gcc/arm-none-eabi/12.3.1/../../../../arm-none-eabi/lib/thumb/v7e-m+fp/hard\libg_nano.a(libc_a-nano-svfprintf.o)
                0x0800de04                _svfiprintf_r
                0x0800de04                _svfprintf_r
 .text._sungetc_r
                0x0800dffc       0x76 C:/ST/STM32CubeCLT_1.17.0/GNU-tools-for-STM32/bin/../lib/gcc/arm-none-eabi/12.3.1/../../../../arm-none-eabi/lib/thumb/v7e-m+fp/hard\libg_nano.a(libc_a-nano-svfscanf.o)
                0x0800dffc                _sungetc_r
 .text.__ssrefill_r
                0x0800e072       0x3a C:/ST/STM32CubeCLT_1.17.0/GNU-tools-for-STM32/bin/../lib/gcc/arm-none-eabi/12.3.1/../../../../arm-none-eabi/lib/thumb/v7e-m+fp/hard\libg_nano.a(libc_a-nano-svfscanf.o)
                0x0800e072                __ssrefill_r
 .text.__ssvfscanf_r
                0x0800e0ac      0x2e8 C:/ST/STM32CubeCLT_1.17.0/GNU-tools-for-STM32/bin/../lib/gcc/arm-none-eabi/12.3.1/../../../../arm-none-eabi/lib/thumb/v7e-m+fp/hard\libg_nano.a(libc_a-nano-svfscanf.o)
                0x0800e0ac                __ssvfiscanf_r
                0x0800e0ac                __ssvfscanf_r
 .text._printf_common
                0x0800e394       0xda C:/ST/STM32CubeCLT_1.17.0/GNU-tools-for-STM32/bin/../lib/gcc/arm-none-eabi/12.3.1/../../../../arm-none-eabi/lib/thumb/v7e-m+fp/hard\libg_nano.a(libc_a-nano-vfprintf_i.o)
                0x0800e394                _printf_common
 *fill*         0x0800e46e        0x2 
 .text._printf_i
                0x0800e470      0x240 C:/ST/STM32CubeCLT_1.17.0/GNU-tools-for-STM32/bin/../lib/gcc/arm-none-eabi/12.3.1/../../../../arm-none-eabi/lib/thumb/v7e-m+fp/hard\libg_nano.a(libc_a-nano-vfprintf_i.o)
                0x0800e470                _printf_i
 .text._scanf_chars
                0x0800e6b0       0xb4 C:/ST/STM32CubeCLT_1.17.0/GNU-tools-for-STM32/bin/../lib/gcc/arm-none-eabi/12.3.1/../../../../arm-none-eabi/lib/thumb/v7e-m+fp/hard\libg_nano.a(libc_a-nano-vfscanf_i.o)
                0x0800e6b0                _scanf_chars
 .text._scanf_i
                0x0800e764      0x1e8 C:/ST/STM32CubeCLT_1.17.0/GNU-tools-for-STM32/bin/../lib/gcc/arm-none-eabi/12.3.1/../../../../arm-none-eabi/lib/thumb/v7e-m+fp/hard\libg_nano.a(libc_a-nano-vfscanf_i.o)
                0x0800e764                _scanf_i
 .text.__sccl   0x0800e94c       0x72 C:/ST/STM32CubeCLT_1.17.0/GNU-tools-for-STM32/bin/../lib/gcc/arm-none-eabi/12.3.1/../../../../arm-none-eabi/lib/thumb/v7e-m+fp/hard\libg_nano.a(libc_a-sccl.o)
                0x0800e94c                __sccl
 .text.__submore
                0x0800e9be       0x74 C:/ST/STM32CubeCLT_1.17.0/GNU-tools-for-STM32/bin/../lib/gcc/arm-none-eabi/12.3.1/../../../../arm-none-eabi/lib/thumb/v7e-m+fp/hard\libg_nano.a(libc_a-ungetc.o)
                0x0800e9be                __submore
 .text.memmove  0x0800ea32       0x34 C:/ST/STM32CubeCLT_1.17.0/GNU-tools-for-STM32/bin/../lib/gcc/arm-none-eabi/12.3.1/../../../../arm-none-eabi/lib/thumb/v7e-m+fp/hard\libg_nano.a(libc_a-memmove.o)
                0x0800ea32                memmove
 .text._realloc_r
                0x0800ea66       0x5c C:/ST/STM32CubeCLT_1.17.0/GNU-tools-for-STM32/bin/../lib/gcc/arm-none-eabi/12.3.1/../../../../arm-none-eabi/lib/thumb/v7e-m+fp/hard\libg_nano.a(libc_a-reallocr.o)
                0x0800ea66                _realloc_r
 *fill*         0x0800eac2        0x2 
 .text._strtol_l.constprop.0
                0x0800eac4       0xf4 C:/ST/STM32CubeCLT_1.17.0/GNU-tools-for-STM32/bin/../lib/gcc/arm-none-eabi/12.3.1/../../../../arm-none-eabi/lib/thumb/v7e-m+fp/hard\libg_nano.a(libc_a-strtol.o)
 .text._strtol_r
                0x0800ebb8        0x4 C:/ST/STM32CubeCLT_1.17.0/GNU-tools-for-STM32/bin/../lib/gcc/arm-none-eabi/12.3.1/../../../../arm-none-eabi/lib/thumb/v7e-m+fp/hard\libg_nano.a(libc_a-strtol.o)
                0x0800ebb8                _strtol_r
 .text._strtoul_l.constprop.0
                0x0800ebbc       0xdc C:/ST/STM32CubeCLT_1.17.0/GNU-tools-for-STM32/bin/../lib/gcc/arm-none-eabi/12.3.1/../../../../arm-none-eabi/lib/thumb/v7e-m+fp/hard\libg_nano.a(libc_a-strtoul.o)
 .text._strtoul_r
                0x0800ec98        0x4 C:/ST/STM32CubeCLT_1.17.0/GNU-tools-for-STM32/bin/../lib/gcc/arm-none-eabi/12.3.1/../../../../arm-none-eabi/lib/thumb/v7e-m+fp/hard\libg_nano.a(libc_a-strtoul.o)
                0x0800ec98                _strtoul_r
 .text._malloc_usable_size_r
                0x0800ec9c       0x10 C:/ST/STM32CubeCLT_1.17.0/GNU-tools-for-STM32/bin/../lib/gcc/arm-none-eabi/12.3.1/../../../../arm-none-eabi/lib/thumb/v7e-m+fp/hard\libg_nano.a(libc_a-msizer.o)
                0x0800ec9c                _malloc_usable_size_r
 *(.glue_7)
 .glue_7        0x0800ecac        0x0 linker stubs
 *(.glue_7t)
 .glue_7t       0x0800ecac        0x0 linker stubs
 *(.eh_frame)
 .eh_frame      0x0800ecac        0x0 C:/ST/STM32CubeCLT_1.17.0/GNU-tools-for-STM32/bin/../lib/gcc/arm-none-eabi/12.3.1/thumb/v7e-m+fp/hard/crtbegin.o
 *(.init)
 .init          0x0800ecac        0x4 C:/ST/STM32CubeCLT_1.17.0/GNU-tools-for-STM32/bin/../lib/gcc/arm-none-eabi/12.3.1/thumb/v7e-m+fp/hard/crti.o
                0x0800ecac                _init
 .init          0x0800ecb0        0x8 C:/ST/STM32CubeCLT_1.17.0/GNU-tools-for-STM32/bin/../lib/gcc/arm-none-eabi/12.3.1/thumb/v7e-m+fp/hard/crtn.o
 *(.fini)
 .fini          0x0800ecb8        0x4 C:/ST/STM32CubeCLT_1.17.0/GNU-tools-for-STM32/bin/../lib/gcc/arm-none-eabi/12.3.1/thumb/v7e-m+fp/hard/crti.o
                0x0800ecb8                _fini
 .fini          0x0800ecbc        0x8 C:/ST/STM32CubeCLT_1.17.0/GNU-tools-for-STM32/bin/../lib/gcc/arm-none-eabi/12.3.1/thumb/v7e-m+fp/hard/crtn.o
                0x0800ecc4                        . = ALIGN (0x4)
                0x0800ecc4                        _etext = .

.vfp11_veneer   0x0800ecc4        0x0
 .vfp11_veneer  0x0800ecc4        0x0 linker stubs

.v4_bx          0x0800ecc4        0x0
 .v4_bx         0x0800ecc4        0x0 linker stubs

.iplt           0x0800ecc4        0x0
 .iplt          0x0800ecc4        0x0 C:/ST/STM32CubeCLT_1.17.0/GNU-tools-for-STM32/bin/../lib/gcc/arm-none-eabi/12.3.1/thumb/v7e-m+fp/hard/crtbegin.o

.rodata         0x0800ecc4      0x3d0
                0x0800ecc4                        . = ALIGN (0x4)
 *(.rodata)
 .rodata        0x0800ecc4      0x138 CMakeFiles/SleepWell.dir/Core/Src/memory/sd_card.c.obj
 .rodata        0x0800edfc       0x42 CMakeFiles/SleepWell.dir/USB_Device/App/usbd_desc.c.obj
 *fill*         0x0800ee3e        0x2 
 .rodata        0x0800ee40       0x44 CMakeFiles/SleepWell.dir/Middlewares/Third_Party/FatFs/src/ff.c.obj
 .rodata        0x0800ee84        0xc C:/ST/STM32CubeCLT_1.17.0/GNU-tools-for-STM32/bin/../lib/gcc/arm-none-eabi/12.3.1/../../../../arm-none-eabi/lib/thumb/v7e-m+fp/hard\libg_nano.a(libc_a-nano-vfscanf_i.o)
 *(.rodata*)
 .rodata.STORAGE_Inquirydata_FS
                0x0800ee90       0x24 CMakeFiles/SleepWell.dir/USB_Device/App/usbd_storage_if.c.obj
                0x0800ee90                STORAGE_Inquirydata_FS
 .rodata.AHBPrescTable
                0x0800eeb4       0x10 CMakeFiles/SleepWell.dir/Core/Src/system_stm32g4xx.c.obj
                0x0800eeb4                AHBPrescTable
 .rodata.ExCvt  0x0800eec4       0x80 CMakeFiles/SleepWell.dir/Middlewares/Third_Party/FatFs/src/ff.c.obj
 .rodata._svfprintf_r.str1.1
                0x0800ef44       0x11 C:/ST/STM32CubeCLT_1.17.0/GNU-tools-for-STM32/bin/../lib/gcc/arm-none-eabi/12.3.1/../../../../arm-none-eabi/lib/thumb/v7e-m+fp/hard\libg_nano.a(libc_a-nano-svfprintf.o)
 .rodata.__ssvfscanf_r.str1.1
                0x0800ef55        0x4 C:/ST/STM32CubeCLT_1.17.0/GNU-tools-for-STM32/bin/../lib/gcc/arm-none-eabi/12.3.1/../../../../arm-none-eabi/lib/thumb/v7e-m+fp/hard\libg_nano.a(libc_a-nano-svfscanf.o)
 .rodata._printf_i.str1.1
                0x0800ef55       0x22 C:/ST/STM32CubeCLT_1.17.0/GNU-tools-for-STM32/bin/../lib/gcc/arm-none-eabi/12.3.1/../../../../arm-none-eabi/lib/thumb/v7e-m+fp/hard\libg_nano.a(libc_a-nano-vfprintf_i.o)
 .rodata._scanf_i.str1.1
                0x0800ef77       0x12 C:/ST/STM32CubeCLT_1.17.0/GNU-tools-for-STM32/bin/../lib/gcc/arm-none-eabi/12.3.1/../../../../arm-none-eabi/lib/thumb/v7e-m+fp/hard\libg_nano.a(libc_a-nano-vfscanf_i.o)
 .rodata.str1.1
                0x0800ef89        0x9 C:/ST/STM32CubeCLT_1.17.0/GNU-tools-for-STM32/bin/../lib/gcc/arm-none-eabi/12.3.1/../../../../arm-none-eabi/lib/thumb/v7e-m+fp/hard\libg_nano.a(libc_a-nano-vfscanf_i.o)
 .rodata._ctype_
                0x0800ef92      0x101 C:/ST/STM32CubeCLT_1.17.0/GNU-tools-for-STM32/bin/../lib/gcc/arm-none-eabi/12.3.1/../../../../arm-none-eabi/lib/thumb/v7e-m+fp/hard\libg_nano.a(libc_a-ctype_.o)
                0x0800ef92                _ctype_
                0x0800f094                        . = ALIGN (0x4)
 *fill*         0x0800f093        0x1 

.ARM.extab
 *(.ARM.extab* .gnu.linkonce.armextab.*)

.ARM            0x0800f094        0x8
                0x0800f094                        __exidx_start = .
 *(.ARM.exidx*)
 .ARM.exidx     0x0800f094        0x8 C:/ST/STM32CubeCLT_1.17.0/GNU-tools-for-STM32/bin/../lib/gcc/arm-none-eabi/12.3.1/../../../../arm-none-eabi/lib/thumb/v7e-m+fp/hard\libg_nano.a(libc_a-strlen.o)
 .ARM.exidx     0x0800f09c        0x0 C:/ST/STM32CubeCLT_1.17.0/GNU-tools-for-STM32/bin/../lib/gcc/arm-none-eabi/12.3.1/../../../../arm-none-eabi/lib/thumb/v7e-m+fp/hard\libg_nano.a(libc_a-memchr.o)
                                  0x8 (size before relaxing)
                0x0800f09c                        __exidx_end = .

.rel.dyn        0x0800f09c        0x0
 .rel.iplt      0x0800f09c        0x0 C:/ST/STM32CubeCLT_1.17.0/GNU-tools-for-STM32/bin/../lib/gcc/arm-none-eabi/12.3.1/thumb/v7e-m+fp/hard/crtbegin.o

.preinit_array  0x0800f09c        0x0
                0x0800f09c                        PROVIDE (__preinit_array_start = .)
 *(.preinit_array*)
                0x0800f09c                        PROVIDE (__preinit_array_end = .)

.init_array     0x0800f09c        0x4
                0x0800f09c                        PROVIDE (__init_array_start = .)
 *(SORT_BY_NAME(.init_array.*))
 *(.init_array*)
 .init_array    0x0800f09c        0x4 C:/ST/STM32CubeCLT_1.17.0/GNU-tools-for-STM32/bin/../lib/gcc/arm-none-eabi/12.3.1/thumb/v7e-m+fp/hard/crtbegin.o
                0x0800f0a0                        PROVIDE (__init_array_end = .)

.fini_array     0x0800f0a0        0x4
                [!provide]                        PROVIDE (__fini_array_start = .)
 *(SORT_BY_NAME(.fini_array.*))
 *(.fini_array*)
 .fini_array    0x0800f0a0        0x4 C:/ST/STM32CubeCLT_1.17.0/GNU-tools-for-STM32/bin/../lib/gcc/arm-none-eabi/12.3.1/thumb/v7e-m+fp/hard/crtbegin.o
                [!provide]                        PROVIDE (__fini_array_end = .)
                0x0800f0a4                        _sidata = LOADADDR (.data)

.data           0x20000000      0x1d0 load address 0x0800f0a4
                0x20000000                        . = ALIGN (0x4)
                0x20000000                        _sdata = .
 *(.data)
 *(.data*)
 .data._impure_ptr
                0x20000000        0x4 C:/ST/STM32CubeCLT_1.17.0/GNU-tools-for-STM32/bin/../lib/gcc/arm-none-eabi/12.3.1/../../../../arm-none-eabi/lib/thumb/v7e-m+fp/hard\libc_nano.a(libc_a-impure.o)
                0x20000000                _impure_ptr
 .data._impure_data
                0x20000004       0x4c C:/ST/STM32CubeCLT_1.17.0/GNU-tools-for-STM32/bin/../lib/gcc/arm-none-eabi/12.3.1/../../../../arm-none-eabi/lib/thumb/v7e-m+fp/hard\libc_nano.a(libc_a-impure.o)
                0x20000004                _impure_data
 .data.Stat     0x20000050        0x1 CMakeFiles/SleepWell.dir/FATFS/Target/user_diskio_spi.c.obj
 *fill*         0x20000051        0x3 
 .data.MSC_Desc
                0x20000054       0x20 CMakeFiles/SleepWell.dir/USB_Device/App/usbd_desc.c.obj
                0x20000054                MSC_Desc
 .data.USBD_MSC_DeviceDesc
                0x20000074       0x12 CMakeFiles/SleepWell.dir/USB_Device/App/usbd_desc.c.obj
                0x20000074                USBD_MSC_DeviceDesc
 *fill*         0x20000086        0x2 
 .data.USBD_LangIDDesc
                0x20000088        0x4 CMakeFiles/SleepWell.dir/USB_Device/App/usbd_desc.c.obj
                0x20000088                USBD_LangIDDesc
 .data.USBD_StringSerial
                0x2000008c       0x1a CMakeFiles/SleepWell.dir/USB_Device/App/usbd_desc.c.obj
                0x2000008c                USBD_StringSerial
 *fill*         0x200000a6        0x2 
 .data.USBD_Storage_Interface_fops_FS
                0x200000a8       0x20 CMakeFiles/SleepWell.dir/USB_Device/App/usbd_storage_if.c.obj
                0x200000a8                USBD_Storage_Interface_fops_FS
 .data.USER_Driver
                0x200000c8       0x14 CMakeFiles/SleepWell.dir/FATFS/Target/user_diskio.c.obj
                0x200000c8                USER_Driver
 .data.uwTickPrio
                0x200000dc        0x4 CMakeFiles/SleepWell.dir/Drivers/STM32G4xx_HAL_Driver/Src/stm32g4xx_hal.c.obj
                0x200000dc                uwTickPrio
 .data.uwTickFreq
                0x200000e0        0x4 CMakeFiles/SleepWell.dir/Drivers/STM32G4xx_HAL_Driver/Src/stm32g4xx_hal.c.obj
                0x200000e0                uwTickFreq
 .data.SystemCoreClock
                0x200000e4        0x4 CMakeFiles/SleepWell.dir/Core/Src/system_stm32g4xx.c.obj
                0x200000e4                SystemCoreClock
 .data.USBD_MSC
                0x200000e8       0x38 CMakeFiles/SleepWell.dir/Middlewares/ST/STM32_USB_Device_Library/Class/MSC/Src/usbd_msc.c.obj
                0x200000e8                USBD_MSC
 .data.USBD_MSC_CfgHSDesc
                0x20000120       0x20 CMakeFiles/SleepWell.dir/Middlewares/ST/STM32_USB_Device_Library/Class/MSC/Src/usbd_msc.c.obj
 .data.USBD_MSC_CfgFSDesc
                0x20000140       0x20 CMakeFiles/SleepWell.dir/Middlewares/ST/STM32_USB_Device_Library/Class/MSC/Src/usbd_msc.c.obj
 .data.USBD_MSC_OtherSpeedCfgDesc
                0x20000160       0x20 CMakeFiles/SleepWell.dir/Middlewares/ST/STM32_USB_Device_Library/Class/MSC/Src/usbd_msc.c.obj
 .data.USBD_MSC_DeviceQualifierDesc
                0x20000180        0xa CMakeFiles/SleepWell.dir/Middlewares/ST/STM32_USB_Device_Library/Class/MSC/Src/usbd_msc.c.obj
 *fill*         0x2000018a        0x2 
 .data.MSC_Page00_Inquiry_Data
                0x2000018c        0x6 CMakeFiles/SleepWell.dir/Middlewares/ST/STM32_USB_Device_Library/Class/MSC/Src/usbd_msc_data.c.obj
                0x2000018c                MSC_Page00_Inquiry_Data
 *fill*         0x20000192        0x2 
 .data.MSC_Page80_Inquiry_Data
                0x20000194        0x8 CMakeFiles/SleepWell.dir/Middlewares/ST/STM32_USB_Device_Library/Class/MSC/Src/usbd_msc_data.c.obj
                0x20000194                MSC_Page80_Inquiry_Data
 .data.MSC_Mode_Sense6_data
                0x2000019c       0x17 CMakeFiles/SleepWell.dir/Middlewares/ST/STM32_USB_Device_Library/Class/MSC/Src/usbd_msc_data.c.obj
                0x2000019c                MSC_Mode_Sense6_data
 *fill*         0x200001b3        0x1 
 .data.MSC_Mode_Sense10_data
                0x200001b4       0x1b CMakeFiles/SleepWell.dir/Middlewares/ST/STM32_USB_Device_Library/Class/MSC/Src/usbd_msc_data.c.obj
                0x200001b4                MSC_Mode_Sense10_data
                0x200001d0                        . = ALIGN (0x4)
 *fill*         0x200001cf        0x1 
                0x200001d0                        _edata = .

.igot.plt       0x200001d0        0x0 load address 0x0800f274
 .igot.plt      0x200001d0        0x0 C:/ST/STM32CubeCLT_1.17.0/GNU-tools-for-STM32/bin/../lib/gcc/arm-none-eabi/12.3.1/thumb/v7e-m+fp/hard/crtbegin.o
                0x200001d0                        . = ALIGN (0x4)

.bss            0x200001d0     0x4df8 load address 0x0800f274
                0x200001d0                        _sbss = .
                0x200001d0                        __bss_start__ = _sbss
 *(.bss)
 .bss           0x200001d0       0x1c C:/ST/STM32CubeCLT_1.17.0/GNU-tools-for-STM32/bin/../lib/gcc/arm-none-eabi/12.3.1/thumb/v7e-m+fp/hard/crtbegin.o
 *(.bss*)
 .bss.__sf      0x200001ec      0x138 C:/ST/STM32CubeCLT_1.17.0/GNU-tools-for-STM32/bin/../lib/gcc/arm-none-eabi/12.3.1/../../../../arm-none-eabi/lib/thumb/v7e-m+fp/hard\libc_nano.a(libc_a-findfp.o)
                0x200001ec                __sf
 .bss.errno     0x20000324        0x4 C:/ST/STM32CubeCLT_1.17.0/GNU-tools-for-STM32/bin/../lib/gcc/arm-none-eabi/12.3.1/../../../../arm-none-eabi/lib/thumb/v7e-m+fp/hard\libc_nano.a(libc_a-reent.o)
                0x20000324                errno
 .bss.__lock___malloc_recursive_mutex
                0x20000328        0x1 C:/ST/STM32CubeCLT_1.17.0/GNU-tools-for-STM32/bin/../lib/gcc/arm-none-eabi/12.3.1/../../../../arm-none-eabi/lib/thumb/v7e-m+fp/hard\libc_nano.a(libc_a-lock.o)
                0x20000328                __lock___malloc_recursive_mutex
 *fill*         0x20000329        0x3 
 .bss.__malloc_sbrk_start
                0x2000032c        0x4 C:/ST/STM32CubeCLT_1.17.0/GNU-tools-for-STM32/bin/../lib/gcc/arm-none-eabi/12.3.1/../../../../arm-none-eabi/lib/thumb/v7e-m+fp/hard\libc_nano.a(libc_a-mallocr.o)
                0x2000032c                __malloc_sbrk_start
 .bss.__malloc_free_list
                0x20000330        0x4 C:/ST/STM32CubeCLT_1.17.0/GNU-tools-for-STM32/bin/../lib/gcc/arm-none-eabi/12.3.1/../../../../arm-none-eabi/lib/thumb/v7e-m+fp/hard\libc_nano.a(libc_a-mallocr.o)
                0x20000330                __malloc_free_list
 .bss.hi2c1     0x20000334       0x54 CMakeFiles/SleepWell.dir/Core/Src/main.c.obj
                0x20000334                hi2c1
 .bss.hspi1     0x20000388       0x64 CMakeFiles/SleepWell.dir/Core/Src/main.c.obj
                0x20000388                hspi1
 .bss.FatFs     0x200003ec      0x230 CMakeFiles/SleepWell.dir/Core/Src/memory/sd_card.c.obj
                0x200003ec                FatFs
 .bss.fil       0x2000061c      0x230 CMakeFiles/SleepWell.dir/Core/Src/memory/sd_card.c.obj
                0x2000061c                fil
 .bss.fres      0x2000084c        0x1 CMakeFiles/SleepWell.dir/Core/Src/memory/sd_card.c.obj
                0x2000084c                fres
 *fill*         0x2000084d        0x3 
 .bss.buffer.0  0x20000850      0x100 CMakeFiles/SleepWell.dir/Core/Src/memory/sd_card.c.obj
 .bss.CardType  0x20000950        0x1 CMakeFiles/SleepWell.dir/FATFS/Target/user_diskio_spi.c.obj
 *fill*         0x20000951        0x3 
 .bss.spiTimerTickStart
                0x20000954        0x4 CMakeFiles/SleepWell.dir/FATFS/Target/user_diskio_spi.c.obj
                0x20000954                spiTimerTickStart
 .bss.spiTimerTickDelay
                0x20000958        0x4 CMakeFiles/SleepWell.dir/FATFS/Target/user_diskio_spi.c.obj
                0x20000958                spiTimerTickDelay
 .bss.hpcd_USB_FS
                0x2000095c      0x2dc CMakeFiles/SleepWell.dir/USB_Device/Target/usbd_conf.c.obj
                0x2000095c                hpcd_USB_FS
 .bss.mem.0     0x20000c38      0x278 CMakeFiles/SleepWell.dir/USB_Device/Target/usbd_conf.c.obj
 .bss.hUsbDeviceFS
                0x20000eb0      0x2d0 CMakeFiles/SleepWell.dir/USB_Device/App/usb_device.c.obj
                0x20000eb0                hUsbDeviceFS
 .bss.USBD_StrDesc
                0x20001180      0x200 CMakeFiles/SleepWell.dir/USB_Device/App/usbd_desc.c.obj
                0x20001180                USBD_StrDesc
 .bss.buffer    0x20001380     0x3c00 CMakeFiles/SleepWell.dir/USB_Device/App/usbd_storage_if.c.obj
                0x20001380                buffer
 .bss.USERPath  0x20004f80        0x4 CMakeFiles/SleepWell.dir/FATFS/App/app_fatfs.c.obj
                0x20004f80                USERPath
 .bss.Appli_state
                0x20004f84        0x1 CMakeFiles/SleepWell.dir/FATFS/App/app_fatfs.c.obj
                0x20004f84                Appli_state
 *fill*         0x20004f85        0x3 
 .bss.uwTick    0x20004f88        0x4 CMakeFiles/SleepWell.dir/Drivers/STM32G4xx_HAL_Driver/Src/stm32g4xx_hal.c.obj
                0x20004f88                uwTick
 .bss.FatFs     0x20004f8c        0x4 CMakeFiles/SleepWell.dir/Middlewares/Third_Party/FatFs/src/ff.c.obj
 .bss.Fsid      0x20004f90        0x2 CMakeFiles/SleepWell.dir/Middlewares/Third_Party/FatFs/src/ff.c.obj
 *fill*         0x20004f92        0x2 
 .bss.Files     0x20004f94       0x20 CMakeFiles/SleepWell.dir/Middlewares/Third_Party/FatFs/src/ff.c.obj
 .bss.disk      0x20004fb4        0xc CMakeFiles/SleepWell.dir/Middlewares/Third_Party/FatFs/src/ff_gen_drv.c.obj
                0x20004fb4                disk
 .bss.cfgidx.0  0x20004fc0        0x1 CMakeFiles/SleepWell.dir/Middlewares/ST/STM32_USB_Device_Library/Core/Src/usbd_ctlreq.c.obj
 *fill*         0x20004fc1        0x3 
 .bss.__sbrk_heap_end
                0x20004fc4        0x4 CMakeFiles/SleepWell.dir/Core/Src/sysmem.c.obj
 *(COMMON)
                0x20004fc8                        . = ALIGN (0x4)
                0x20004fc8                        _ebss = .
                0x20004fc8                        __bss_end__ = _ebss

._user_heap_stack
                0x20004fc8      0x600 load address 0x0800f274
                0x20004fc8                        . = ALIGN (0x8)
                [!provide]                        PROVIDE (end = .)
                0x20004fc8                        PROVIDE (_end = .)
                0x200051c8                        . = (. + _Min_Heap_Size)
 *fill*         0x20004fc8      0x200 
                0x200055c8                        . = (. + _Min_Stack_Size)
 *fill*         0x200051c8      0x400 
                0x200055c8                        . = ALIGN (0x8)

/DISCARD/
 libc.a(*)
 libm.a(*)
 libgcc.a(*)
OUTPUT(SleepWell.elf elf32-littlearm)
LOAD linker stubs
LOAD C:/ST/STM32CubeCLT_1.17.0/GNU-tools-for-STM32/bin/../lib/gcc/arm-none-eabi/12.3.1/../../../../arm-none-eabi/lib/thumb/v7e-m+fp/hard\libc.a
LOAD C:/ST/STM32CubeCLT_1.17.0/GNU-tools-for-STM32/bin/../lib/gcc/arm-none-eabi/12.3.1/../../../../arm-none-eabi/lib/thumb/v7e-m+fp/hard\libm.a
LOAD C:/ST/STM32CubeCLT_1.17.0/GNU-tools-for-STM32/bin/../lib/gcc/arm-none-eabi/12.3.1/thumb/v7e-m+fp/hard\libgcc.a

.ARM.attributes
                0x00000000       0x30
 .ARM.attributes
                0x00000000       0x22 C:/ST/STM32CubeCLT_1.17.0/GNU-tools-for-STM32/bin/../lib/gcc/arm-none-eabi/12.3.1/thumb/v7e-m+fp/hard/crti.o
 .ARM.attributes
                0x00000022       0x34 C:/ST/STM32CubeCLT_1.17.0/GNU-tools-for-STM32/bin/../lib/gcc/arm-none-eabi/12.3.1/thumb/v7e-m+fp/hard/crtbegin.o
 .ARM.attributes
                0x00000056       0x34 C:/ST/STM32CubeCLT_1.17.0/GNU-tools-for-STM32/bin/../lib/gcc/arm-none-eabi/12.3.1/../../../../arm-none-eabi/lib/thumb/v7e-m+fp/hard\libc_nano.a(libc_a-findfp.o)
 .ARM.attributes
                0x0000008a       0x34 C:/ST/STM32CubeCLT_1.17.0/GNU-tools-for-STM32/bin/../lib/gcc/arm-none-eabi/12.3.1/../../../../arm-none-eabi/lib/thumb/v7e-m+fp/hard\libc_nano.a(libc_a-stdio.o)
 .ARM.attributes
                0x000000be       0x34 C:/ST/STM32CubeCLT_1.17.0/GNU-tools-for-STM32/bin/../lib/gcc/arm-none-eabi/12.3.1/../../../../arm-none-eabi/lib/thumb/v7e-m+fp/hard\libc_nano.a(libc_a-memset.o)
 .ARM.attributes
                0x000000f2       0x34 C:/ST/STM32CubeCLT_1.17.0/GNU-tools-for-STM32/bin/../lib/gcc/arm-none-eabi/12.3.1/../../../../arm-none-eabi/lib/thumb/v7e-m+fp/hard\libc_nano.a(libc_a-reent.o)
 .ARM.attributes
                0x00000126       0x34 C:/ST/STM32CubeCLT_1.17.0/GNU-tools-for-STM32/bin/../lib/gcc/arm-none-eabi/12.3.1/../../../../arm-none-eabi/lib/thumb/v7e-m+fp/hard\libc_nano.a(libc_a-impure.o)
 .ARM.attributes
                0x0000015a       0x34 C:/ST/STM32CubeCLT_1.17.0/GNU-tools-for-STM32/bin/../lib/gcc/arm-none-eabi/12.3.1/../../../../arm-none-eabi/lib/thumb/v7e-m+fp/hard\libc_nano.a(libc_a-init.o)
 .ARM.attributes
                0x0000018e       0x34 C:/ST/STM32CubeCLT_1.17.0/GNU-tools-for-STM32/bin/../lib/gcc/arm-none-eabi/12.3.1/../../../../arm-none-eabi/lib/thumb/v7e-m+fp/hard\libc_nano.a(libc_a-lock.o)
 .ARM.attributes
                0x000001c2       0x34 C:/ST/STM32CubeCLT_1.17.0/GNU-tools-for-STM32/bin/../lib/gcc/arm-none-eabi/12.3.1/../../../../arm-none-eabi/lib/thumb/v7e-m+fp/hard\libc_nano.a(libc_a-freer.o)
 .ARM.attributes
                0x000001f6       0x34 C:/ST/STM32CubeCLT_1.17.0/GNU-tools-for-STM32/bin/../lib/gcc/arm-none-eabi/12.3.1/../../../../arm-none-eabi/lib/thumb/v7e-m+fp/hard\libc_nano.a(libc_a-mallocr.o)
 .ARM.attributes
                0x0000022a       0x34 C:/ST/STM32CubeCLT_1.17.0/GNU-tools-for-STM32/bin/../lib/gcc/arm-none-eabi/12.3.1/../../../../arm-none-eabi/lib/thumb/v7e-m+fp/hard\libc_nano.a(libc_a-mlock.o)
 .ARM.attributes
                0x0000025e       0x34 C:/ST/STM32CubeCLT_1.17.0/GNU-tools-for-STM32/bin/../lib/gcc/arm-none-eabi/12.3.1/../../../../arm-none-eabi/lib/thumb/v7e-m+fp/hard\libc_nano.a(libc_a-sbrkr.o)
 .ARM.attributes
                0x00000292       0x34 CMakeFiles/SleepWell.dir/Core/Src/main.c.obj
 .ARM.attributes
                0x000002c6       0x34 CMakeFiles/SleepWell.dir/Core/Src/sensors/adxl345.c.obj
 .ARM.attributes
                0x000002fa       0x34 CMakeFiles/SleepWell.dir/Core/Src/memory/sd_card.c.obj
 .ARM.attributes
                0x0000032e       0x34 CMakeFiles/SleepWell.dir/FATFS/Target/user_diskio_spi.c.obj
 .ARM.attributes
                0x00000362       0x34 CMakeFiles/SleepWell.dir/Core/Src/stm32g4xx_it.c.obj
 .ARM.attributes
                0x00000396       0x34 CMakeFiles/SleepWell.dir/Core/Src/stm32g4xx_hal_msp.c.obj
 .ARM.attributes
                0x000003ca       0x34 CMakeFiles/SleepWell.dir/USB_Device/Target/usbd_conf.c.obj
 .ARM.attributes